Archive member included to satisfy reference by file (symbol)

../audio_soc_bsp/\libhal_bsp.a(alt_irq_handler.o)
                              obj/default/hello_world_small.o (alt_irq)
../audio_soc_bsp/\libhal_bsp.a(alt_load.o)
                              ../audio_soc_bsp//obj/HAL/src/crt0.o (alt_load)
../audio_soc_bsp/\libhal_bsp.a(alt_main.o)
                              ../audio_soc_bsp//obj/HAL/src/crt0.o (alt_main)
../audio_soc_bsp/\libhal_bsp.a(alt_putstr.o)
                              obj/default/hello_world_small.o (alt_putstr)
../audio_soc_bsp/\libhal_bsp.a(alt_usleep.o)
                              obj/default/hello_world_small.o (usleep)
../audio_soc_bsp/\libhal_bsp.a(alt_sys_init.o)
                              ../audio_soc_bsp/\libhal_bsp.a(alt_main.o) (alt_irq_init)
../audio_soc_bsp/\libhal_bsp.a(altera_avalon_jtag_uart_write.o)
                              ../audio_soc_bsp/\libhal_bsp.a(alt_putstr.o) (altera_avalon_jtag_uart_write)
../audio_soc_bsp/\libhal_bsp.a(alt_busy_sleep.o)
                              ../audio_soc_bsp/\libhal_bsp.a(alt_usleep.o) (alt_busy_sleep)
../audio_soc_bsp/\libhal_bsp.a(alt_dcache_flush_all.o)
                              ../audio_soc_bsp/\libhal_bsp.a(alt_load.o) (alt_dcache_flush_all)
../audio_soc_bsp/\libhal_bsp.a(alt_dev.o)
                              ../audio_soc_bsp/\libhal_bsp.a(alt_sys_init.o) (alt_dev_list)
../audio_soc_bsp/\libhal_bsp.a(alt_dev_llist_insert.o)
                              ../audio_soc_bsp/\libhal_bsp.a(alt_sys_init.o) (alt_dev_llist_insert)
../audio_soc_bsp/\libhal_bsp.a(alt_errno.o)
                              ../audio_soc_bsp/\libhal_bsp.a(alt_dev_llist_insert.o) (alt_errno)
../audio_soc_bsp/\libhal_bsp.a(alt_icache_flush_all.o)
                              ../audio_soc_bsp/\libhal_bsp.a(alt_load.o) (alt_icache_flush_all)
../audio_soc_bsp/\libhal_bsp.a(altera_nios2_gen2_irq.o)
                              ../audio_soc_bsp/\libhal_bsp.a(alt_sys_init.o) (altera_nios2_gen2_irq_init)
c:/intelfpga_lite/18.1/nios2eds/bin/gnu/h-x86_64-mingw32/bin/../lib/gcc/nios2-elf/5.3.0/../../../../../H-x86_64-mingw32/nios2-elf/lib/mno-hw-mul\libsmallc.a(lib_a-int_errno.o)
                              ../audio_soc_bsp/\libhal_bsp.a(alt_dev_llist_insert.o) (errno)
c:/intelfpga_lite/18.1/nios2eds/bin/gnu/h-x86_64-mingw32/bin/../lib/gcc/nios2-elf/5.3.0/../../../../../H-x86_64-mingw32/nios2-elf/lib/mno-hw-mul\libsmallc.a(lib_a-strlen.o)
                              ../audio_soc_bsp/\libhal_bsp.a(alt_putstr.o) (strlen)
c:/intelfpga_lite/18.1/nios2eds/bin/gnu/h-x86_64-mingw32/bin/../lib/gcc/nios2-elf/5.3.0/mno-hw-mul\libgcc.a(lib2-divmod.o)
                              ../audio_soc_bsp/\libhal_bsp.a(alt_busy_sleep.o) (__udivsi3)
c:/intelfpga_lite/18.1/nios2eds/bin/gnu/h-x86_64-mingw32/bin/../lib/gcc/nios2-elf/5.3.0/mno-hw-mul\libgcc.a(lib2-mul.o)
                              ../audio_soc_bsp/\libhal_bsp.a(alt_busy_sleep.o) (__mulsi3)

Allocating common symbols
Common symbol       size              file

alt_irq             0x100             ../audio_soc_bsp/\libhal_bsp.a(alt_irq_handler.o)
errno               0x4               c:/intelfpga_lite/18.1/nios2eds/bin/gnu/h-x86_64-mingw32/bin/../lib/gcc/nios2-elf/5.3.0/../../../../../H-x86_64-mingw32/nios2-elf/lib/mno-hw-mul\libsmallc.a(lib_a-int_errno.o)

Memory Configuration

Name             Origin             Length             Attributes
reset            0x0000000000008000 0x0000000000000020
RAM              0x0000000000008020 0x0000000000007fe0
*default*        0x0000000000000000 0xffffffffffffffff

Linker script and memory map

LOAD ../audio_soc_bsp//obj/HAL/src/crt0.o
LOAD obj/default/hello_world_small.o
LOAD c:/intelfpga_lite/18.1/nios2eds/bin/gnu/h-x86_64-mingw32/bin/../lib/gcc/nios2-elf/5.3.0/../../../../../H-x86_64-mingw32/nios2-elf/lib/mno-hw-mul\libstdc++.a
LOAD c:/intelfpga_lite/18.1/nios2eds/bin/gnu/h-x86_64-mingw32/bin/../lib/gcc/nios2-elf/5.3.0/../../../../../H-x86_64-mingw32/nios2-elf/lib/mno-hw-mul\libm.a
LOAD c:/intelfpga_lite/18.1/nios2eds/bin/gnu/h-x86_64-mingw32/bin/../lib/gcc/nios2-elf/5.3.0/mno-hw-mul\libgcc.a
START GROUP
LOAD c:/intelfpga_lite/18.1/nios2eds/bin/gnu/h-x86_64-mingw32/bin/../lib/gcc/nios2-elf/5.3.0/../../../../../H-x86_64-mingw32/nios2-elf/lib/mno-hw-mul\libsmallc.a
LOAD c:/intelfpga_lite/18.1/nios2eds/bin/gnu/h-x86_64-mingw32/bin/../lib/gcc/nios2-elf/5.3.0/mno-hw-mul\libgcc.a
LOAD ../audio_soc_bsp/\libhal_bsp.a
LOAD c:/intelfpga_lite/18.1/nios2eds/bin/gnu/h-x86_64-mingw32/bin/../lib/gcc/nios2-elf/5.3.0/../../../../../H-x86_64-mingw32/nios2-elf/lib/mno-hw-mul\libm.a
END GROUP
LOAD c:/intelfpga_lite/18.1/nios2eds/bin/gnu/h-x86_64-mingw32/bin/../lib/gcc/nios2-elf/5.3.0/mno-hw-mul\libgcc.a
                0x0000000000008000                __alt_mem_RAM = 0x8000

.entry          0x0000000000008000       0x20
 *(.entry)
 .entry         0x0000000000008000       0x20 ../audio_soc_bsp//obj/HAL/src/crt0.o
                0x0000000000008000                __reset
                0x000000000000800c                _exit

.exceptions     0x0000000000008020       0x60
                0x0000000000008020                PROVIDE (__ram_exceptions_start, ABSOLUTE (.))
                0x0000000000008020                . = ALIGN (0x20)
 *(.irq)
 *(.exceptions.entry.label)
 *(.exceptions.entry.user)
 *(.exceptions.entry.ecc_fatal)
 *(.exceptions.entry)
 *(.exceptions.irqtest.user)
 *(.exceptions.irqtest)
 *(.exceptions.irqhandler.user)
 *(.exceptions.irqhandler)
 *(.exceptions.irqreturn.user)
 *(.exceptions.irqreturn)
 *(.exceptions.notirq.label)
 *(.exceptions.notirq.user)
 *(.exceptions.notirq)
 *(.exceptions.soft.user)
 *(.exceptions.soft)
 *(.exceptions.unknown.user)
 *(.exceptions.unknown)
 *(.exceptions.exit.label)
 *(.exceptions.exit.user)
 *(.exceptions.exit)
 *(.exceptions)
 .exceptions    0x0000000000008020       0x60 ../audio_soc_bsp/\libhal_bsp.a(alt_irq_handler.o)
                0x0000000000008020                alt_irq_handler
                0x0000000000008080                PROVIDE (__ram_exceptions_end, ABSOLUTE (.))
                0x0000000000008020                PROVIDE (__flash_exceptions_start, LOADADDR (.exceptions))

.text           0x0000000000008080      0x918
                [!provide]                        PROVIDE (stext, ABSOLUTE (.))
 *(.interp)
 *(.hash)
 *(.dynsym)
 *(.dynstr)
 *(.gnu.version)
 *(.gnu.version_d)
 *(.gnu.version_r)
 *(.rel.init)
 *(.rela.init)
 *(.rel.text .rel.text.* .rel.gnu.linkonce.t.*)
 *(.rela.text .rela.text.* .rela.gnu.linkonce.t.*)
 *(.rel.fini)
 *(.rela.fini)
 *(.rel.rodata .rel.rodata.* .rel.gnu.linkonce.r.*)
 *(.rela.rodata .rela.rodata.* .rela.gnu.linkonce.r.*)
 *(.rel.data .rel.data.* .rel.gnu.linkonce.d.*)
 *(.rela.data .rela.data.* .rela.gnu.linkonce.d.*)
 *(.rel.tdata .rel.tdata.* .rel.gnu.linkonce.td.*)
 *(.rela.tdata .rela.tdata.* .rela.gnu.linkonce.td.*)
 *(.rel.tbss .rel.tbss.* .rel.gnu.linkonce.tb.*)
 *(.rela.tbss .rela.tbss.* .rela.gnu.linkonce.tb.*)
 *(.rel.ctors)
 *(.rela.ctors)
 *(.rel.dtors)
 *(.rela.dtors)
 *(.rel.got)
 *(.rela.got)
 *(.rel.sdata .rel.sdata.* .rel.gnu.linkonce.s.*)
 *(.rela.sdata .rela.sdata.* .rela.gnu.linkonce.s.*)
 *(.rel.sbss .rel.sbss.* .rel.gnu.linkonce.sb.*)
 *(.rela.sbss .rela.sbss.* .rela.gnu.linkonce.sb.*)
 *(.rel.sdata2 .rel.sdata2.* .rel.gnu.linkonce.s2.*)
 *(.rela.sdata2 .rela.sdata2.* .rela.gnu.linkonce.s2.*)
 *(.rel.sbss2 .rel.sbss2.* .rel.gnu.linkonce.sb2.*)
 *(.rela.sbss2 .rela.sbss2.* .rela.gnu.linkonce.sb2.*)
 *(.rel.bss .rel.bss.* .rel.gnu.linkonce.b.*)
 *(.rela.bss .rela.bss.* .rela.gnu.linkonce.b.*)
 *(.rel.plt)
 *(.rela.plt)
 *(.rel.dyn)
 *(.init)
 *(.plt)
 *(.text .stub .text.* .gnu.linkonce.t.*)
 .text          0x0000000000008080       0x3c ../audio_soc_bsp//obj/HAL/src/crt0.o
                0x0000000000008080                _start
 .text          0x00000000000080bc      0x3a8 obj/default/hello_world_small.o
                0x0000000000008110                button_ISR
                0x00000000000081bc                irq_init
                0x00000000000081fc                stream_fifo_to_audio
                0x0000000000008298                stream_fifo_to_audiohp
                0x0000000000008388                stream_fifo_to_audiolp
 .text.startup  0x0000000000008464       0x58 obj/default/hello_world_small.o
                0x0000000000008464                main
 .text          0x00000000000084bc        0x0 ../audio_soc_bsp/\libhal_bsp.a(alt_irq_handler.o)
 .text          0x00000000000084bc       0xe0 ../audio_soc_bsp/\libhal_bsp.a(alt_load.o)
                0x00000000000084bc                alt_load
 .text          0x000000000000859c       0x2c ../audio_soc_bsp/\libhal_bsp.a(alt_main.o)
                0x000000000000859c                alt_main
 .text          0x00000000000085c8       0x38 ../audio_soc_bsp/\libhal_bsp.a(alt_putstr.o)
                0x00000000000085c8                alt_putstr
 .text          0x0000000000008600        0x4 ../audio_soc_bsp/\libhal_bsp.a(alt_usleep.o)
                0x0000000000008600                usleep
 .text          0x0000000000008604       0x5c ../audio_soc_bsp/\libhal_bsp.a(alt_sys_init.o)
                0x0000000000008604                alt_irq_init
                0x0000000000008624                alt_sys_init
 .text          0x0000000000008660       0x34 ../audio_soc_bsp/\libhal_bsp.a(altera_avalon_jtag_uart_write.o)
                0x0000000000008660                altera_avalon_jtag_uart_write
 .text          0x0000000000008694       0x88 ../audio_soc_bsp/\libhal_bsp.a(alt_busy_sleep.o)
                0x0000000000008694                alt_busy_sleep
 .text          0x000000000000871c        0x4 ../audio_soc_bsp/\libhal_bsp.a(alt_dcache_flush_all.o)
                0x000000000000871c                alt_dcache_flush_all
 .text          0x0000000000008720        0x8 ../audio_soc_bsp/\libhal_bsp.a(alt_dev.o)
 .text          0x0000000000008728       0x6c ../audio_soc_bsp/\libhal_bsp.a(alt_dev_llist_insert.o)
                0x0000000000008728                alt_dev_llist_insert
 .text          0x0000000000008794        0x0 ../audio_soc_bsp/\libhal_bsp.a(alt_errno.o)
 .text          0x0000000000008794        0x4 ../audio_soc_bsp/\libhal_bsp.a(alt_icache_flush_all.o)
                0x0000000000008794                alt_icache_flush_all
 .text          0x0000000000008798        0x8 ../audio_soc_bsp/\libhal_bsp.a(altera_nios2_gen2_irq.o)
                0x0000000000008798                altera_nios2_gen2_irq_init
 .text          0x00000000000087a0        0x0 c:/intelfpga_lite/18.1/nios2eds/bin/gnu/h-x86_64-mingw32/bin/../lib/gcc/nios2-elf/5.3.0/../../../../../H-x86_64-mingw32/nios2-elf/lib/mno-hw-mul\libsmallc.a(lib_a-int_errno.o)
 .text          0x00000000000087a0        0x0 c:/intelfpga_lite/18.1/nios2eds/bin/gnu/h-x86_64-mingw32/bin/../lib/gcc/nios2-elf/5.3.0/../../../../../H-x86_64-mingw32/nios2-elf/lib/mno-hw-mul\libsmallc.a(lib_a-strlen.o)
 .text.strlen   0x00000000000087a0       0x1c c:/intelfpga_lite/18.1/nios2eds/bin/gnu/h-x86_64-mingw32/bin/../lib/gcc/nios2-elf/5.3.0/../../../../../H-x86_64-mingw32/nios2-elf/lib/mno-hw-mul\libsmallc.a(lib_a-strlen.o)
                0x00000000000087a0                strlen
 .text          0x00000000000087bc      0x1b4 c:/intelfpga_lite/18.1/nios2eds/bin/gnu/h-x86_64-mingw32/bin/../lib/gcc/nios2-elf/5.3.0/mno-hw-mul\libgcc.a(lib2-divmod.o)
                0x00000000000087bc                __divsi3
                0x0000000000008840                __modsi3
                0x00000000000088b4                __udivsi3
                0x0000000000008918                __umodsi3
 .text          0x0000000000008970       0x28 c:/intelfpga_lite/18.1/nios2eds/bin/gnu/h-x86_64-mingw32/bin/../lib/gcc/nios2-elf/5.3.0/mno-hw-mul\libgcc.a(lib2-mul.o)
                0x0000000000008970                __mulsi3
 *(.gnu.warning.*)
 *(.fini)
                [!provide]                        PROVIDE (__etext, ABSOLUTE (.))
                [!provide]                        PROVIDE (_etext, ABSOLUTE (.))
                [!provide]                        PROVIDE (etext, ABSOLUTE (.))
 *(.eh_frame_hdr)
                0x0000000000008998                . = ALIGN (0x4)
                [!provide]                        PROVIDE (__preinit_array_start, ABSOLUTE (.))
 *(.preinit_array)
                [!provide]                        PROVIDE (__preinit_array_end, ABSOLUTE (.))
                [!provide]                        PROVIDE (__init_array_start, ABSOLUTE (.))
 *(.init_array)
                [!provide]                        PROVIDE (__init_array_end, ABSOLUTE (.))
                [!provide]                        PROVIDE (__fini_array_start, ABSOLUTE (.))
 *(.fini_array)
                [!provide]                        PROVIDE (__fini_array_end, ABSOLUTE (.))
 *(.eh_frame)
 *(.gcc_except_table .gcc_except_table.*)
 *(.dynamic)
                [!provide]                        PROVIDE (__CTOR_LIST__, ABSOLUTE (.))
 *(.ctors)
 *(SORT(.ctors.*))
                [!provide]                        PROVIDE (__CTOR_END__, ABSOLUTE (.))
                [!provide]                        PROVIDE (__DTOR_LIST__, ABSOLUTE (.))
 *(.dtors)
 *(SORT(.dtors.*))
                [!provide]                        PROVIDE (__DTOR_END__, ABSOLUTE (.))
 *(.jcr)
                0x0000000000008998                . = ALIGN (0x4)

.rodata         0x0000000000008998       0xe0
                0x0000000000008998                PROVIDE (__ram_rodata_start, ABSOLUTE (.))
                0x0000000000008998                . = ALIGN (0x4)
 *(.rodata .rodata.* .gnu.linkonce.r.*)
 .rodata.str1.4
                0x0000000000008998       0xb1 obj/default/hello_world_small.o
 *fill*         0x0000000000008a49        0x3 
 .rodata.str1.4
                0x0000000000008a4c       0x1e ../audio_soc_bsp/\libhal_bsp.a(alt_sys_init.o)
 *fill*         0x0000000000008a6a        0x2 
 .rodata.str1.4
                0x0000000000008a6c        0xc ../audio_soc_bsp/\libhal_bsp.a(alt_dev.o)
                                          0xa (size before relaxing)
 *(.rodata1)
                0x0000000000008a78                . = ALIGN (0x4)
                0x0000000000008a78                PROVIDE (__ram_rodata_end, ABSOLUTE (.))
                0x0000000000008998                PROVIDE (__flash_rodata_start, LOADADDR (.rodata))

.rwdata         0x0000000000008a78       0xd8 load address 0x0000000000008b50
                0x0000000000008a78                PROVIDE (__ram_rwdata_start, ABSOLUTE (.))
                0x0000000000008a78                . = ALIGN (0x4)
 *(.got.plt)
 *(.got)
 *(.data1)
 *(.data .data.* .gnu.linkonce.d.*)
 .data          0x0000000000008a78        0x0 ../audio_soc_bsp//obj/HAL/src/crt0.o
 .data          0x0000000000008a78        0x0 obj/default/hello_world_small.o
 .data          0x0000000000008a78        0x0 ../audio_soc_bsp/\libhal_bsp.a(alt_irq_handler.o)
 .data          0x0000000000008a78        0x0 ../audio_soc_bsp/\libhal_bsp.a(alt_load.o)
 .data          0x0000000000008a78        0x0 ../audio_soc_bsp/\libhal_bsp.a(alt_main.o)
 .data          0x0000000000008a78        0x0 ../audio_soc_bsp/\libhal_bsp.a(alt_putstr.o)
 .data          0x0000000000008a78        0x0 ../audio_soc_bsp/\libhal_bsp.a(alt_usleep.o)
 .data          0x0000000000008a78       0x60 ../audio_soc_bsp/\libhal_bsp.a(alt_sys_init.o)
 .data          0x0000000000008ad8        0x0 ../audio_soc_bsp/\libhal_bsp.a(altera_avalon_jtag_uart_write.o)
 .data          0x0000000000008ad8        0x0 ../audio_soc_bsp/\libhal_bsp.a(alt_busy_sleep.o)
 .data          0x0000000000008ad8        0x0 ../audio_soc_bsp/\libhal_bsp.a(alt_dcache_flush_all.o)
 .data          0x0000000000008ad8       0x58 ../audio_soc_bsp/\libhal_bsp.a(alt_dev.o)
                0x0000000000008ad8                alt_fd_list
                0x0000000000008b08                alt_dev_null
 .data          0x0000000000008b30        0x0 ../audio_soc_bsp/\libhal_bsp.a(alt_dev_llist_insert.o)
 .data          0x0000000000008b30        0x0 ../audio_soc_bsp/\libhal_bsp.a(alt_errno.o)
 .data          0x0000000000008b30        0x0 ../audio_soc_bsp/\libhal_bsp.a(alt_icache_flush_all.o)
 .data          0x0000000000008b30        0x0 ../audio_soc_bsp/\libhal_bsp.a(altera_nios2_gen2_irq.o)
 .data          0x0000000000008b30        0x0 c:/intelfpga_lite/18.1/nios2eds/bin/gnu/h-x86_64-mingw32/bin/../lib/gcc/nios2-elf/5.3.0/../../../../../H-x86_64-mingw32/nios2-elf/lib/mno-hw-mul\libsmallc.a(lib_a-int_errno.o)
 .data          0x0000000000008b30        0x0 c:/intelfpga_lite/18.1/nios2eds/bin/gnu/h-x86_64-mingw32/bin/../lib/gcc/nios2-elf/5.3.0/../../../../../H-x86_64-mingw32/nios2-elf/lib/mno-hw-mul\libsmallc.a(lib_a-strlen.o)
 .data          0x0000000000008b30        0x0 c:/intelfpga_lite/18.1/nios2eds/bin/gnu/h-x86_64-mingw32/bin/../lib/gcc/nios2-elf/5.3.0/mno-hw-mul\libgcc.a(lib2-divmod.o)
 .data          0x0000000000008b30        0x0 c:/intelfpga_lite/18.1/nios2eds/bin/gnu/h-x86_64-mingw32/bin/../lib/gcc/nios2-elf/5.3.0/mno-hw-mul\libgcc.a(lib2-mul.o)
                0x0000000000010b30                _gp = ABSOLUTE ((. + 0x8000))
                [!provide]                        PROVIDE (gp, _gp)
 *(.rwdata .rwdata.*)
 *(.sdata .sdata.* .gnu.linkonce.s.*)
 .sdata         0x0000000000008b30        0x4 obj/default/hello_world_small.o
                0x0000000000008b30                audio_ptr
 .sdata         0x0000000000008b34        0x4 ../audio_soc_bsp/\libhal_bsp.a(alt_sys_init.o)
                0x0000000000008b34                JTAG_UART
 .sdata         0x0000000000008b38       0x14 ../audio_soc_bsp/\libhal_bsp.a(alt_dev.o)
                0x0000000000008b38                alt_max_fd
                0x0000000000008b3c                alt_dev_list
                0x0000000000008b44                alt_fs_list
 .sdata         0x0000000000008b4c        0x4 ../audio_soc_bsp/\libhal_bsp.a(alt_errno.o)
                0x0000000000008b4c                alt_errno
 *(.sdata2 .sdata2.* .gnu.linkonce.s2.*)
                0x0000000000008b50                . = ALIGN (0x4)
                0x0000000000008b50                _edata = ABSOLUTE (.)
                [!provide]                        PROVIDE (edata, ABSOLUTE (.))
                0x0000000000008b50                PROVIDE (__ram_rwdata_end, ABSOLUTE (.))
                0x0000000000008b50                PROVIDE (__flash_rwdata_start, LOADADDR (.rwdata))

.bss            0x0000000000008c28      0x124
                0x0000000000008c28                __bss_start = ABSOLUTE (.)
                [!provide]                        PROVIDE (__sbss_start, ABSOLUTE (.))
                [!provide]                        PROVIDE (___sbss_start, ABSOLUTE (.))
 *(.dynsbss)
 *(.sbss .sbss.* .gnu.linkonce.sb.*)
 .sbss          0x0000000000008c28       0x12 obj/default/hello_world_small.o
                0x0000000000008c39                paused
 *fill*         0x0000000000008c3a        0x2 
 .sbss          0x0000000000008c3c        0xc ../audio_soc_bsp/\libhal_bsp.a(alt_main.o)
                0x0000000000008c3c                alt_envp
                0x0000000000008c40                alt_argv
                0x0000000000008c44                alt_argc
 .sbss          0x0000000000008c48        0x4 c:/intelfpga_lite/18.1/nios2eds/bin/gnu/h-x86_64-mingw32/bin/../lib/gcc/nios2-elf/5.3.0/../../../../../H-x86_64-mingw32/nios2-elf/lib/mno-hw-mul\libsmallc.a(lib_a-int_errno.o)
                0x0000000000008c48                errno
 *(.sbss2 .sbss2.* .gnu.linkonce.sb2.*)
 *(.scommon)
                [!provide]                        PROVIDE (__sbss_end, ABSOLUTE (.))
                [!provide]                        PROVIDE (___sbss_end, ABSOLUTE (.))
 *(.dynbss)
 *(.bss .bss.* .gnu.linkonce.b.*)
 .bss           0x0000000000008c4c        0x0 ../audio_soc_bsp//obj/HAL/src/crt0.o
 .bss           0x0000000000008c4c        0x0 obj/default/hello_world_small.o
 .bss           0x0000000000008c4c        0x0 ../audio_soc_bsp/\libhal_bsp.a(alt_irq_handler.o)
 .bss           0x0000000000008c4c        0x0 ../audio_soc_bsp/\libhal_bsp.a(alt_load.o)
 .bss           0x0000000000008c4c        0x0 ../audio_soc_bsp/\libhal_bsp.a(alt_main.o)
 .bss           0x0000000000008c4c        0x0 ../audio_soc_bsp/\libhal_bsp.a(alt_putstr.o)
 .bss           0x0000000000008c4c        0x0 ../audio_soc_bsp/\libhal_bsp.a(alt_usleep.o)
 .bss           0x0000000000008c4c        0x0 ../audio_soc_bsp/\libhal_bsp.a(alt_sys_init.o)
 .bss           0x0000000000008c4c        0x0 ../audio_soc_bsp/\libhal_bsp.a(altera_avalon_jtag_uart_write.o)
 .bss           0x0000000000008c4c        0x0 ../audio_soc_bsp/\libhal_bsp.a(alt_busy_sleep.o)
 .bss           0x0000000000008c4c        0x0 ../audio_soc_bsp/\libhal_bsp.a(alt_dcache_flush_all.o)
 .bss           0x0000000000008c4c        0x0 ../audio_soc_bsp/\libhal_bsp.a(alt_dev.o)
 .bss           0x0000000000008c4c        0x0 ../audio_soc_bsp/\libhal_bsp.a(alt_dev_llist_insert.o)
 .bss           0x0000000000008c4c        0x0 ../audio_soc_bsp/\libhal_bsp.a(alt_errno.o)
 .bss           0x0000000000008c4c        0x0 ../audio_soc_bsp/\libhal_bsp.a(alt_icache_flush_all.o)
 .bss           0x0000000000008c4c        0x0 ../audio_soc_bsp/\libhal_bsp.a(altera_nios2_gen2_irq.o)
 .bss           0x0000000000008c4c        0x0 c:/intelfpga_lite/18.1/nios2eds/bin/gnu/h-x86_64-mingw32/bin/../lib/gcc/nios2-elf/5.3.0/../../../../../H-x86_64-mingw32/nios2-elf/lib/mno-hw-mul\libsmallc.a(lib_a-int_errno.o)
 .bss           0x0000000000008c4c        0x0 c:/intelfpga_lite/18.1/nios2eds/bin/gnu/h-x86_64-mingw32/bin/../lib/gcc/nios2-elf/5.3.0/../../../../../H-x86_64-mingw32/nios2-elf/lib/mno-hw-mul\libsmallc.a(lib_a-strlen.o)
 .bss           0x0000000000008c4c        0x0 c:/intelfpga_lite/18.1/nios2eds/bin/gnu/h-x86_64-mingw32/bin/../lib/gcc/nios2-elf/5.3.0/mno-hw-mul\libgcc.a(lib2-divmod.o)
 .bss           0x0000000000008c4c        0x0 c:/intelfpga_lite/18.1/nios2eds/bin/gnu/h-x86_64-mingw32/bin/../lib/gcc/nios2-elf/5.3.0/mno-hw-mul\libgcc.a(lib2-mul.o)
 *(COMMON)
 COMMON         0x0000000000008c4c      0x100 ../audio_soc_bsp/\libhal_bsp.a(alt_irq_handler.o)
                0x0000000000008c4c                alt_irq
                0x0000000000008d4c                . = ALIGN (0x4)
                0x0000000000008d4c                __bss_end = ABSOLUTE (.)

.RAM            0x0000000000008d4c        0x0
                [!provide]                        PROVIDE (_alt_partition_RAM_start, ABSOLUTE (.))
 *(.RAM .RAM. RAM.*)
                0x0000000000008d4c                . = ALIGN (0x4)
                [!provide]                        PROVIDE (_alt_partition_RAM_end, ABSOLUTE (.))
                0x0000000000008d4c                _end = ABSOLUTE (.)
                0x0000000000008d4c                end = ABSOLUTE (.)
                0x0000000000008d4c                __alt_stack_base = ABSOLUTE (.)
                [!provide]                        PROVIDE (_alt_partition_RAM_load_addr, LOADADDR (.RAM))

.stab
 *(.stab)

.stabstr
 *(.stabstr)

.stab.excl
 *(.stab.excl)

.stab.exclstr
 *(.stab.exclstr)

.stab.index
 *(.stab.index)

.stab.indexstr
 *(.stab.indexstr)

.comment        0x0000000000000000       0x23
 *(.comment)
 .comment       0x0000000000000000       0x23 obj/default/hello_world_small.o
                                         0x24 (size before relaxing)
 .comment       0x0000000000000023       0x24 ../audio_soc_bsp/\libhal_bsp.a(alt_irq_handler.o)
 .comment       0x0000000000000023       0x24 ../audio_soc_bsp/\libhal_bsp.a(alt_load.o)
 .comment       0x0000000000000023       0x24 ../audio_soc_bsp/\libhal_bsp.a(alt_main.o)
 .comment       0x0000000000000023       0x24 ../audio_soc_bsp/\libhal_bsp.a(alt_putstr.o)
 .comment       0x0000000000000023       0x24 ../audio_soc_bsp/\libhal_bsp.a(alt_usleep.o)
 .comment       0x0000000000000023       0x24 ../audio_soc_bsp/\libhal_bsp.a(alt_sys_init.o)
 .comment       0x0000000000000023       0x24 ../audio_soc_bsp/\libhal_bsp.a(altera_avalon_jtag_uart_write.o)
 .comment       0x0000000000000023       0x24 ../audio_soc_bsp/\libhal_bsp.a(alt_busy_sleep.o)
 .comment       0x0000000000000023       0x24 ../audio_soc_bsp/\libhal_bsp.a(alt_dcache_flush_all.o)
 .comment       0x0000000000000023       0x24 ../audio_soc_bsp/\libhal_bsp.a(alt_dev.o)
 .comment       0x0000000000000023       0x24 ../audio_soc_bsp/\libhal_bsp.a(alt_dev_llist_insert.o)
 .comment       0x0000000000000023       0x24 ../audio_soc_bsp/\libhal_bsp.a(alt_errno.o)
 .comment       0x0000000000000023       0x24 ../audio_soc_bsp/\libhal_bsp.a(alt_icache_flush_all.o)
 .comment       0x0000000000000023       0x24 ../audio_soc_bsp/\libhal_bsp.a(altera_nios2_gen2_irq.o)
 .comment       0x0000000000000023       0x24 c:/intelfpga_lite/18.1/nios2eds/bin/gnu/h-x86_64-mingw32/bin/../lib/gcc/nios2-elf/5.3.0/../../../../../H-x86_64-mingw32/nios2-elf/lib/mno-hw-mul\libsmallc.a(lib_a-int_errno.o)
 .comment       0x0000000000000023       0x24 c:/intelfpga_lite/18.1/nios2eds/bin/gnu/h-x86_64-mingw32/bin/../lib/gcc/nios2-elf/5.3.0/../../../../../H-x86_64-mingw32/nios2-elf/lib/mno-hw-mul\libsmallc.a(lib_a-strlen.o)
 .comment       0x0000000000000023       0x24 c:/intelfpga_lite/18.1/nios2eds/bin/gnu/h-x86_64-mingw32/bin/../lib/gcc/nios2-elf/5.3.0/mno-hw-mul\libgcc.a(lib2-divmod.o)
 .comment       0x0000000000000023       0x24 c:/intelfpga_lite/18.1/nios2eds/bin/gnu/h-x86_64-mingw32/bin/../lib/gcc/nios2-elf/5.3.0/mno-hw-mul\libgcc.a(lib2-mul.o)

.debug
 *(.debug)

.line
 *(.line)

.debug_srcinfo
 *(.debug_srcinfo)

.debug_sfnames
 *(.debug_sfnames)

.debug_aranges  0x0000000000000000      0x280
 *(.debug_aranges)
 .debug_aranges
                0x0000000000000000       0x28 ../audio_soc_bsp//obj/HAL/src/crt0.o
 .debug_aranges
                0x0000000000000028       0x28 obj/default/hello_world_small.o
 .debug_aranges
                0x0000000000000050       0x20 ../audio_soc_bsp/\libhal_bsp.a(alt_irq_handler.o)
 .debug_aranges
                0x0000000000000070       0x20 ../audio_soc_bsp/\libhal_bsp.a(alt_load.o)
 .debug_aranges
                0x0000000000000090       0x20 ../audio_soc_bsp/\libhal_bsp.a(alt_main.o)
 .debug_aranges
                0x00000000000000b0       0x20 ../audio_soc_bsp/\libhal_bsp.a(alt_putstr.o)
 .debug_aranges
                0x00000000000000d0       0x20 ../audio_soc_bsp/\libhal_bsp.a(alt_usleep.o)
 .debug_aranges
                0x00000000000000f0       0x20 ../audio_soc_bsp/\libhal_bsp.a(alt_sys_init.o)
 .debug_aranges
                0x0000000000000110       0x20 ../audio_soc_bsp/\libhal_bsp.a(altera_avalon_jtag_uart_write.o)
 .debug_aranges
                0x0000000000000130       0x20 ../audio_soc_bsp/\libhal_bsp.a(alt_busy_sleep.o)
 .debug_aranges
                0x0000000000000150       0x20 ../audio_soc_bsp/\libhal_bsp.a(alt_dcache_flush_all.o)
 .debug_aranges
                0x0000000000000170       0x20 ../audio_soc_bsp/\libhal_bsp.a(alt_dev.o)
 .debug_aranges
                0x0000000000000190       0x20 ../audio_soc_bsp/\libhal_bsp.a(alt_dev_llist_insert.o)
 .debug_aranges
                0x00000000000001b0       0x18 ../audio_soc_bsp/\libhal_bsp.a(alt_errno.o)
 .debug_aranges
                0x00000000000001c8       0x20 ../audio_soc_bsp/\libhal_bsp.a(alt_icache_flush_all.o)
 .debug_aranges
                0x00000000000001e8       0x20 ../audio_soc_bsp/\libhal_bsp.a(altera_nios2_gen2_irq.o)
 .debug_aranges
                0x0000000000000208       0x18 c:/intelfpga_lite/18.1/nios2eds/bin/gnu/h-x86_64-mingw32/bin/../lib/gcc/nios2-elf/5.3.0/../../../../../H-x86_64-mingw32/nios2-elf/lib/mno-hw-mul\libsmallc.a(lib_a-int_errno.o)
 .debug_aranges
                0x0000000000000220       0x20 c:/intelfpga_lite/18.1/nios2eds/bin/gnu/h-x86_64-mingw32/bin/../lib/gcc/nios2-elf/5.3.0/../../../../../H-x86_64-mingw32/nios2-elf/lib/mno-hw-mul\libsmallc.a(lib_a-strlen.o)
 .debug_aranges
                0x0000000000000240       0x20 c:/intelfpga_lite/18.1/nios2eds/bin/gnu/h-x86_64-mingw32/bin/../lib/gcc/nios2-elf/5.3.0/mno-hw-mul\libgcc.a(lib2-divmod.o)
 .debug_aranges
                0x0000000000000260       0x20 c:/intelfpga_lite/18.1/nios2eds/bin/gnu/h-x86_64-mingw32/bin/../lib/gcc/nios2-elf/5.3.0/mno-hw-mul\libgcc.a(lib2-mul.o)

.debug_pubnames
 *(.debug_pubnames)

.debug_info     0x0000000000000000     0x23e7
 *(.debug_info .gnu.linkonce.wi.*)
 .debug_info    0x0000000000000000       0x53 ../audio_soc_bsp//obj/HAL/src/crt0.o
 .debug_info    0x0000000000000053      0x732 obj/default/hello_world_small.o
 .debug_info    0x0000000000000785      0x1a4 ../audio_soc_bsp/\libhal_bsp.a(alt_irq_handler.o)
 .debug_info    0x0000000000000929      0x1c9 ../audio_soc_bsp/\libhal_bsp.a(alt_load.o)
 .debug_info    0x0000000000000af2      0x18f ../audio_soc_bsp/\libhal_bsp.a(alt_main.o)
 .debug_info    0x0000000000000c81      0x13a ../audio_soc_bsp/\libhal_bsp.a(alt_putstr.o)
 .debug_info    0x0000000000000dbb       0xd1 ../audio_soc_bsp/\libhal_bsp.a(alt_usleep.o)
 .debug_info    0x0000000000000e8c      0x53b ../audio_soc_bsp/\libhal_bsp.a(alt_sys_init.o)
 .debug_info    0x00000000000013c7      0x1ad ../audio_soc_bsp/\libhal_bsp.a(altera_avalon_jtag_uart_write.o)
 .debug_info    0x0000000000001574       0xd8 ../audio_soc_bsp/\libhal_bsp.a(alt_busy_sleep.o)
 .debug_info    0x000000000000164c       0x92 ../audio_soc_bsp/\libhal_bsp.a(alt_dcache_flush_all.o)
 .debug_info    0x00000000000016de      0x499 ../audio_soc_bsp/\libhal_bsp.a(alt_dev.o)
 .debug_info    0x0000000000001b77      0x1b3 ../audio_soc_bsp/\libhal_bsp.a(alt_dev_llist_insert.o)
 .debug_info    0x0000000000001d2a       0xa6 ../audio_soc_bsp/\libhal_bsp.a(alt_errno.o)
 .debug_info    0x0000000000001dd0       0x92 ../audio_soc_bsp/\libhal_bsp.a(alt_icache_flush_all.o)
 .debug_info    0x0000000000001e62       0xb8 ../audio_soc_bsp/\libhal_bsp.a(altera_nios2_gen2_irq.o)
 .debug_info    0x0000000000001f1a       0x8a c:/intelfpga_lite/18.1/nios2eds/bin/gnu/h-x86_64-mingw32/bin/../lib/gcc/nios2-elf/5.3.0/../../../../../H-x86_64-mingw32/nios2-elf/lib/mno-hw-mul\libsmallc.a(lib_a-int_errno.o)
 .debug_info    0x0000000000001fa4       0xc9 c:/intelfpga_lite/18.1/nios2eds/bin/gnu/h-x86_64-mingw32/bin/../lib/gcc/nios2-elf/5.3.0/../../../../../H-x86_64-mingw32/nios2-elf/lib/mno-hw-mul\libsmallc.a(lib_a-strlen.o)
 .debug_info    0x000000000000206d      0x2c6 c:/intelfpga_lite/18.1/nios2eds/bin/gnu/h-x86_64-mingw32/bin/../lib/gcc/nios2-elf/5.3.0/mno-hw-mul\libgcc.a(lib2-divmod.o)
 .debug_info    0x0000000000002333       0xb4 c:/intelfpga_lite/18.1/nios2eds/bin/gnu/h-x86_64-mingw32/bin/../lib/gcc/nios2-elf/5.3.0/mno-hw-mul\libgcc.a(lib2-mul.o)

.debug_abbrev   0x0000000000000000      0xff6
 *(.debug_abbrev)
 .debug_abbrev  0x0000000000000000       0x12 ../audio_soc_bsp//obj/HAL/src/crt0.o
 .debug_abbrev  0x0000000000000012      0x2ce obj/default/hello_world_small.o
 .debug_abbrev  0x00000000000002e0      0x138 ../audio_soc_bsp/\libhal_bsp.a(alt_irq_handler.o)
 .debug_abbrev  0x0000000000000418       0xd8 ../audio_soc_bsp/\libhal_bsp.a(alt_load.o)
 .debug_abbrev  0x00000000000004f0       0xf5 ../audio_soc_bsp/\libhal_bsp.a(alt_main.o)
 .debug_abbrev  0x00000000000005e5       0xd3 ../audio_soc_bsp/\libhal_bsp.a(alt_putstr.o)
 .debug_abbrev  0x00000000000006b8       0x8d ../audio_soc_bsp/\libhal_bsp.a(alt_usleep.o)
 .debug_abbrev  0x0000000000000745      0x1e2 ../audio_soc_bsp/\libhal_bsp.a(alt_sys_init.o)
 .debug_abbrev  0x0000000000000927       0xd5 ../audio_soc_bsp/\libhal_bsp.a(altera_avalon_jtag_uart_write.o)
 .debug_abbrev  0x00000000000009fc       0x8d ../audio_soc_bsp/\libhal_bsp.a(alt_busy_sleep.o)
 .debug_abbrev  0x0000000000000a89       0x42 ../audio_soc_bsp/\libhal_bsp.a(alt_dcache_flush_all.o)
 .debug_abbrev  0x0000000000000acb       0xd9 ../audio_soc_bsp/\libhal_bsp.a(alt_dev.o)
 .debug_abbrev  0x0000000000000ba4      0x11c ../audio_soc_bsp/\libhal_bsp.a(alt_dev_llist_insert.o)
 .debug_abbrev  0x0000000000000cc0       0x5a ../audio_soc_bsp/\libhal_bsp.a(alt_errno.o)
 .debug_abbrev  0x0000000000000d1a       0x42 ../audio_soc_bsp/\libhal_bsp.a(alt_icache_flush_all.o)
 .debug_abbrev  0x0000000000000d5c       0x67 ../audio_soc_bsp/\libhal_bsp.a(altera_nios2_gen2_irq.o)
 .debug_abbrev  0x0000000000000dc3       0x37 c:/intelfpga_lite/18.1/nios2eds/bin/gnu/h-x86_64-mingw32/bin/../lib/gcc/nios2-elf/5.3.0/../../../../../H-x86_64-mingw32/nios2-elf/lib/mno-hw-mul\libsmallc.a(lib_a-int_errno.o)
 .debug_abbrev  0x0000000000000dfa       0x7f c:/intelfpga_lite/18.1/nios2eds/bin/gnu/h-x86_64-mingw32/bin/../lib/gcc/nios2-elf/5.3.0/../../../../../H-x86_64-mingw32/nios2-elf/lib/mno-hw-mul\libsmallc.a(lib_a-strlen.o)
 .debug_abbrev  0x0000000000000e79      0x10e c:/intelfpga_lite/18.1/nios2eds/bin/gnu/h-x86_64-mingw32/bin/../lib/gcc/nios2-elf/5.3.0/mno-hw-mul\libgcc.a(lib2-divmod.o)
 .debug_abbrev  0x0000000000000f87       0x6f c:/intelfpga_lite/18.1/nios2eds/bin/gnu/h-x86_64-mingw32/bin/../lib/gcc/nios2-elf/5.3.0/mno-hw-mul\libgcc.a(lib2-mul.o)

.debug_line     0x0000000000000000     0x10bd
 *(.debug_line)
 .debug_line    0x0000000000000000       0x66 ../audio_soc_bsp//obj/HAL/src/crt0.o
 .debug_line    0x0000000000000066      0x2b3 obj/default/hello_world_small.o
 .debug_line    0x0000000000000319       0xc8 ../audio_soc_bsp/\libhal_bsp.a(alt_irq_handler.o)
 .debug_line    0x00000000000003e1       0xa4 ../audio_soc_bsp/\libhal_bsp.a(alt_load.o)
 .debug_line    0x0000000000000485       0xea ../audio_soc_bsp/\libhal_bsp.a(alt_main.o)
 .debug_line    0x000000000000056f       0xa0 ../audio_soc_bsp/\libhal_bsp.a(alt_putstr.o)
 .debug_line    0x000000000000060f       0xcf ../audio_soc_bsp/\libhal_bsp.a(alt_usleep.o)
 .debug_line    0x00000000000006de      0x19f ../audio_soc_bsp/\libhal_bsp.a(alt_sys_init.o)
 .debug_line    0x000000000000087d      0x104 ../audio_soc_bsp/\libhal_bsp.a(altera_avalon_jtag_uart_write.o)
 .debug_line    0x0000000000000981       0xb5 ../audio_soc_bsp/\libhal_bsp.a(alt_busy_sleep.o)
 .debug_line    0x0000000000000a36       0x4e ../audio_soc_bsp/\libhal_bsp.a(alt_dcache_flush_all.o)
 .debug_line    0x0000000000000a84       0xf6 ../audio_soc_bsp/\libhal_bsp.a(alt_dev.o)
 .debug_line    0x0000000000000b7a       0xd8 ../audio_soc_bsp/\libhal_bsp.a(alt_dev_llist_insert.o)
 .debug_line    0x0000000000000c52       0x51 ../audio_soc_bsp/\libhal_bsp.a(alt_errno.o)
 .debug_line    0x0000000000000ca3       0x4e ../audio_soc_bsp/\libhal_bsp.a(alt_icache_flush_all.o)
 .debug_line    0x0000000000000cf1       0x8c ../audio_soc_bsp/\libhal_bsp.a(altera_nios2_gen2_irq.o)
 .debug_line    0x0000000000000d7d       0x5f c:/intelfpga_lite/18.1/nios2eds/bin/gnu/h-x86_64-mingw32/bin/../lib/gcc/nios2-elf/5.3.0/../../../../../H-x86_64-mingw32/nios2-elf/lib/mno-hw-mul\libsmallc.a(lib_a-int_errno.o)
 .debug_line    0x0000000000000ddc      0x15c c:/intelfpga_lite/18.1/nios2eds/bin/gnu/h-x86_64-mingw32/bin/../lib/gcc/nios2-elf/5.3.0/../../../../../H-x86_64-mingw32/nios2-elf/lib/mno-hw-mul\libsmallc.a(lib_a-strlen.o)
 .debug_line    0x0000000000000f38      0x105 c:/intelfpga_lite/18.1/nios2eds/bin/gnu/h-x86_64-mingw32/bin/../lib/gcc/nios2-elf/5.3.0/mno-hw-mul\libgcc.a(lib2-divmod.o)
 .debug_line    0x000000000000103d       0x80 c:/intelfpga_lite/18.1/nios2eds/bin/gnu/h-x86_64-mingw32/bin/../lib/gcc/nios2-elf/5.3.0/mno-hw-mul\libgcc.a(lib2-mul.o)

.debug_frame    0x0000000000000000      0x394
 *(.debug_frame)
 .debug_frame   0x0000000000000000       0xdc obj/default/hello_world_small.o
 .debug_frame   0x00000000000000dc       0x34 ../audio_soc_bsp/\libhal_bsp.a(alt_irq_handler.o)
 .debug_frame   0x0000000000000110       0x30 ../audio_soc_bsp/\libhal_bsp.a(alt_load.o)
 .debug_frame   0x0000000000000140       0x2c ../audio_soc_bsp/\libhal_bsp.a(alt_main.o)
 .debug_frame   0x000000000000016c       0x30 ../audio_soc_bsp/\libhal_bsp.a(alt_putstr.o)
 .debug_frame   0x000000000000019c       0x20 ../audio_soc_bsp/\libhal_bsp.a(alt_usleep.o)
 .debug_frame   0x00000000000001bc       0x4c ../audio_soc_bsp/\libhal_bsp.a(alt_sys_init.o)
 .debug_frame   0x0000000000000208       0x20 ../audio_soc_bsp/\libhal_bsp.a(altera_avalon_jtag_uart_write.o)
 .debug_frame   0x0000000000000228       0x30 ../audio_soc_bsp/\libhal_bsp.a(alt_busy_sleep.o)
 .debug_frame   0x0000000000000258       0x20 ../audio_soc_bsp/\libhal_bsp.a(alt_dcache_flush_all.o)
 .debug_frame   0x0000000000000278       0x20 ../audio_soc_bsp/\libhal_bsp.a(alt_dev.o)
 .debug_frame   0x0000000000000298       0x2c ../audio_soc_bsp/\libhal_bsp.a(alt_dev_llist_insert.o)
 .debug_frame   0x00000000000002c4       0x20 ../audio_soc_bsp/\libhal_bsp.a(alt_icache_flush_all.o)
 .debug_frame   0x00000000000002e4       0x20 ../audio_soc_bsp/\libhal_bsp.a(altera_nios2_gen2_irq.o)
 .debug_frame   0x0000000000000304       0x20 c:/intelfpga_lite/18.1/nios2eds/bin/gnu/h-x86_64-mingw32/bin/../lib/gcc/nios2-elf/5.3.0/../../../../../H-x86_64-mingw32/nios2-elf/lib/mno-hw-mul\libsmallc.a(lib_a-strlen.o)
 .debug_frame   0x0000000000000324       0x50 c:/intelfpga_lite/18.1/nios2eds/bin/gnu/h-x86_64-mingw32/bin/../lib/gcc/nios2-elf/5.3.0/mno-hw-mul\libgcc.a(lib2-divmod.o)
 .debug_frame   0x0000000000000374       0x20 c:/intelfpga_lite/18.1/nios2eds/bin/gnu/h-x86_64-mingw32/bin/../lib/gcc/nios2-elf/5.3.0/mno-hw-mul\libgcc.a(lib2-mul.o)

.debug_str      0x0000000000000000      0xda0
 *(.debug_str)
 .debug_str     0x0000000000000000      0x275 obj/default/hello_world_small.o
                                        0x2ec (size before relaxing)
 .debug_str     0x0000000000000275       0x9a ../audio_soc_bsp/\libhal_bsp.a(alt_irq_handler.o)
                                        0x19d (size before relaxing)
 .debug_str     0x000000000000030f      0x113 ../audio_soc_bsp/\libhal_bsp.a(alt_load.o)
                                        0x221 (size before relaxing)
 .debug_str     0x0000000000000422       0x8f ../audio_soc_bsp/\libhal_bsp.a(alt_main.o)
                                        0x1c3 (size before relaxing)
 .debug_str     0x00000000000004b1       0x64 ../audio_soc_bsp/\libhal_bsp.a(alt_putstr.o)
                                        0x175 (size before relaxing)
 .debug_str     0x0000000000000515       0x2f ../audio_soc_bsp/\libhal_bsp.a(alt_usleep.o)
                                        0x13c (size before relaxing)
 .debug_str     0x0000000000000544      0x237 ../audio_soc_bsp/\libhal_bsp.a(alt_sys_init.o)
                                        0x3f6 (size before relaxing)
 .debug_str     0x000000000000077b       0x32 ../audio_soc_bsp/\libhal_bsp.a(altera_avalon_jtag_uart_write.o)
                                        0x21b (size before relaxing)
 .debug_str     0x00000000000007ad       0x33 ../audio_soc_bsp/\libhal_bsp.a(alt_busy_sleep.o)
                                        0x150 (size before relaxing)
 .debug_str     0x00000000000007e0       0x1f ../audio_soc_bsp/\libhal_bsp.a(alt_dcache_flush_all.o)
                                        0x13a (size before relaxing)
 .debug_str     0x00000000000007ff      0x12c ../audio_soc_bsp/\libhal_bsp.a(alt_dev.o)
                                        0x2ea (size before relaxing)
 .debug_str     0x000000000000092b       0x4e ../audio_soc_bsp/\libhal_bsp.a(alt_dev_llist_insert.o)
                                        0x1b1 (size before relaxing)
 .debug_str     0x0000000000000979       0x14 ../audio_soc_bsp/\libhal_bsp.a(alt_errno.o)
                                        0x12a (size before relaxing)
 .debug_str     0x000000000000098d       0x1f ../audio_soc_bsp/\libhal_bsp.a(alt_icache_flush_all.o)
                                        0x13a (size before relaxing)
 .debug_str     0x00000000000009ac       0x20 ../audio_soc_bsp/\libhal_bsp.a(altera_nios2_gen2_irq.o)
                                        0x16a (size before relaxing)
 .debug_str     0x00000000000009cc      0x134 c:/intelfpga_lite/18.1/nios2eds/bin/gnu/h-x86_64-mingw32/bin/../lib/gcc/nios2-elf/5.3.0/../../../../../H-x86_64-mingw32/nios2-elf/lib/mno-hw-mul\libsmallc.a(lib_a-int_errno.o)
                                        0x1d8 (size before relaxing)
 .debug_str     0x0000000000000b00       0xd9 c:/intelfpga_lite/18.1/nios2eds/bin/gnu/h-x86_64-mingw32/bin/../lib/gcc/nios2-elf/5.3.0/../../../../../H-x86_64-mingw32/nios2-elf/lib/mno-hw-mul\libsmallc.a(lib_a-strlen.o)
                                        0x1e5 (size before relaxing)
 .debug_str     0x0000000000000bd9      0x187 c:/intelfpga_lite/18.1/nios2eds/bin/gnu/h-x86_64-mingw32/bin/../lib/gcc/nios2-elf/5.3.0/mno-hw-mul\libgcc.a(lib2-divmod.o)
                                        0x1d2 (size before relaxing)
 .debug_str     0x0000000000000d60       0x40 c:/intelfpga_lite/18.1/nios2eds/bin/gnu/h-x86_64-mingw32/bin/../lib/gcc/nios2-elf/5.3.0/mno-hw-mul\libgcc.a(lib2-mul.o)
                                        0x193 (size before relaxing)

.debug_loc      0x0000000000000000      0xbd9
 *(.debug_loc)
 .debug_loc     0x0000000000000000      0x3e7 obj/default/hello_world_small.o
 .debug_loc     0x00000000000003e7       0x72 ../audio_soc_bsp/\libhal_bsp.a(alt_irq_handler.o)
 .debug_loc     0x0000000000000459       0x37 ../audio_soc_bsp/\libhal_bsp.a(alt_putstr.o)
 .debug_loc     0x0000000000000490       0x21 ../audio_soc_bsp/\libhal_bsp.a(alt_usleep.o)
 .debug_loc     0x00000000000004b1       0x39 ../audio_soc_bsp/\libhal_bsp.a(alt_sys_init.o)
 .debug_loc     0x00000000000004ea       0x8b ../audio_soc_bsp/\libhal_bsp.a(altera_avalon_jtag_uart_write.o)
 .debug_loc     0x0000000000000575       0x67 ../audio_soc_bsp/\libhal_bsp.a(alt_busy_sleep.o)
 .debug_loc     0x00000000000005dc       0x7e ../audio_soc_bsp/\libhal_bsp.a(alt_dev_llist_insert.o)
 .debug_loc     0x000000000000065a       0x1e c:/intelfpga_lite/18.1/nios2eds/bin/gnu/h-x86_64-mingw32/bin/../lib/gcc/nios2-elf/5.3.0/../../../../../H-x86_64-mingw32/nios2-elf/lib/mno-hw-mul\libsmallc.a(lib_a-strlen.o)
 .debug_loc     0x0000000000000678      0x4ce c:/intelfpga_lite/18.1/nios2eds/bin/gnu/h-x86_64-mingw32/bin/../lib/gcc/nios2-elf/5.3.0/mno-hw-mul\libgcc.a(lib2-divmod.o)
 .debug_loc     0x0000000000000b46       0x93 c:/intelfpga_lite/18.1/nios2eds/bin/gnu/h-x86_64-mingw32/bin/../lib/gcc/nios2-elf/5.3.0/mno-hw-mul\libgcc.a(lib2-mul.o)

.debug_macinfo
 *(.debug_macinfo)

.debug_weaknames
 *(.debug_weaknames)

.debug_funcnames
 *(.debug_funcnames)

.debug_typenames
 *(.debug_typenames)

.debug_varnames
 *(.debug_varnames)

.debug_alt_sim_info
                0x0000000000000000       0x40
 *(.debug_alt_sim_info)
 .debug_alt_sim_info
                0x0000000000000000       0x10 ../audio_soc_bsp//obj/HAL/src/crt0.o
 .debug_alt_sim_info
                0x0000000000000010       0x30 ../audio_soc_bsp/\libhal_bsp.a(alt_busy_sleep.o)
                0x0000000000010000                __alt_data_end = 0x10000
                0x0000000000010000                PROVIDE (__alt_stack_pointer, __alt_data_end)
                [!provide]                        PROVIDE (__alt_stack_limit, __alt_stack_base)
                [!provide]                        PROVIDE (__alt_heap_start, end)
                [!provide]                        PROVIDE (__alt_heap_limit, 0x10000)
OUTPUT(audio_soc.elf elf32-littlenios2)

.debug_ranges   0x0000000000000000      0x2e8
 .debug_ranges  0x0000000000000000       0x20 ../audio_soc_bsp//obj/HAL/src/crt0.o
 .debug_ranges  0x0000000000000020      0x1b0 obj/default/hello_world_small.o
 .debug_ranges  0x00000000000001d0       0x10 ../audio_soc_bsp/\libhal_bsp.a(alt_irq_handler.o)
 .debug_ranges  0x00000000000001e0       0x48 ../audio_soc_bsp/\libhal_bsp.a(alt_load.o)
 .debug_ranges  0x0000000000000228       0x30 ../audio_soc_bsp/\libhal_bsp.a(alt_sys_init.o)
 .debug_ranges  0x0000000000000258       0x20 ../audio_soc_bsp/\libhal_bsp.a(alt_dev_llist_insert.o)
 .debug_ranges  0x0000000000000278       0x10 c:/intelfpga_lite/18.1/nios2eds/bin/gnu/h-x86_64-mingw32/bin/../lib/gcc/nios2-elf/5.3.0/../../../../../H-x86_64-mingw32/nios2-elf/lib/mno-hw-mul\libsmallc.a(lib_a-strlen.o)
 .debug_ranges  0x0000000000000288       0x60 c:/intelfpga_lite/18.1/nios2eds/bin/gnu/h-x86_64-mingw32/bin/../lib/gcc/nios2-elf/5.3.0/mno-hw-mul\libgcc.a(lib2-divmod.o)
