Archive member included to satisfy reference by file (symbol)

../audio_soc_bsp/\libhal_bsp.a(alt_load.o)
                              ../audio_soc_bsp//obj/HAL/src/crt0.o (alt_load)
../audio_soc_bsp/\libhal_bsp.a(alt_main.o)
                              ../audio_soc_bsp//obj/HAL/src/crt0.o (alt_main)
../audio_soc_bsp/\libhal_bsp.a(alt_sys_init.o)
                              ../audio_soc_bsp/\libhal_bsp.a(alt_main.o) (alt_irq_init)
../audio_soc_bsp/\libhal_bsp.a(alt_dcache_flush_all.o)
                              ../audio_soc_bsp/\libhal_bsp.a(alt_load.o) (alt_dcache_flush_all)
../audio_soc_bsp/\libhal_bsp.a(alt_dev.o)
                              ../audio_soc_bsp/\libhal_bsp.a(alt_sys_init.o) (alt_dev_list)
../audio_soc_bsp/\libhal_bsp.a(alt_dev_llist_insert.o)
                              ../audio_soc_bsp/\libhal_bsp.a(alt_sys_init.o) (alt_dev_llist_insert)
../audio_soc_bsp/\libhal_bsp.a(alt_errno.o)
                              ../audio_soc_bsp/\libhal_bsp.a(alt_dev_llist_insert.o) (alt_errno)
../audio_soc_bsp/\libhal_bsp.a(alt_icache_flush_all.o)
                              ../audio_soc_bsp/\libhal_bsp.a(alt_load.o) (alt_icache_flush_all)
../audio_soc_bsp/\libhal_bsp.a(altera_nios2_gen2_irq.o)
                              ../audio_soc_bsp/\libhal_bsp.a(alt_sys_init.o) (altera_nios2_gen2_irq_init)
e:/quartus/nios2eds/bin/gnu/h-x86_64-mingw32/bin/../lib/gcc/nios2-elf/5.3.0/../../../../../H-x86_64-mingw32/nios2-elf/lib/mno-hw-mul\libsmallc.a(lib_a-int_errno.o)
                              ../audio_soc_bsp/\libhal_bsp.a(alt_dev_llist_insert.o) (errno)

Allocating common symbols
Common symbol       size              file

errno               0x4               e:/quartus/nios2eds/bin/gnu/h-x86_64-mingw32/bin/../lib/gcc/nios2-elf/5.3.0/../../../../../H-x86_64-mingw32/nios2-elf/lib/mno-hw-mul\libsmallc.a(lib_a-int_errno.o)

Memory Configuration

Name             Origin             Length             Attributes
reset            0x0000000000008000 0x0000000000000020
RAM              0x0000000000008020 0x0000000000007fe0
*default*        0x0000000000000000 0xffffffffffffffff

Linker script and memory map

LOAD ../audio_soc_bsp//obj/HAL/src/crt0.o
LOAD obj/default/hello_world_small.o
LOAD e:/quartus/nios2eds/bin/gnu/h-x86_64-mingw32/bin/../lib/gcc/nios2-elf/5.3.0/../../../../../H-x86_64-mingw32/nios2-elf/lib/mno-hw-mul\libstdc++.a
LOAD e:/quartus/nios2eds/bin/gnu/h-x86_64-mingw32/bin/../lib/gcc/nios2-elf/5.3.0/../../../../../H-x86_64-mingw32/nios2-elf/lib/mno-hw-mul\libm.a
LOAD e:/quartus/nios2eds/bin/gnu/h-x86_64-mingw32/bin/../lib/gcc/nios2-elf/5.3.0/mno-hw-mul\libgcc.a
START GROUP
LOAD e:/quartus/nios2eds/bin/gnu/h-x86_64-mingw32/bin/../lib/gcc/nios2-elf/5.3.0/../../../../../H-x86_64-mingw32/nios2-elf/lib/mno-hw-mul\libsmallc.a
LOAD e:/quartus/nios2eds/bin/gnu/h-x86_64-mingw32/bin/../lib/gcc/nios2-elf/5.3.0/mno-hw-mul\libgcc.a
LOAD ../audio_soc_bsp/\libhal_bsp.a
LOAD e:/quartus/nios2eds/bin/gnu/h-x86_64-mingw32/bin/../lib/gcc/nios2-elf/5.3.0/../../../../../H-x86_64-mingw32/nios2-elf/lib/mno-hw-mul\libm.a
END GROUP
LOAD e:/quartus/nios2eds/bin/gnu/h-x86_64-mingw32/bin/../lib/gcc/nios2-elf/5.3.0/mno-hw-mul\libgcc.a
                0x0000000000008000                __alt_mem_RAM = 0x8000

.entry          0x0000000000008000       0x20
 *(.entry)
 .entry         0x0000000000008000       0x20 ../audio_soc_bsp//obj/HAL/src/crt0.o
                0x0000000000008000                __reset
                0x000000000000800c                _exit

.exceptions     0x0000000000008020        0x0
                0x0000000000008020                PROVIDE (__ram_exceptions_start, ABSOLUTE (.))
                0x0000000000008020                . = ALIGN (0x20)
 *(.irq)
 *(.exceptions.entry.label)
 *(.exceptions.entry.user)
 *(.exceptions.entry.ecc_fatal)
 *(.exceptions.entry)
 *(.exceptions.irqtest.user)
 *(.exceptions.irqtest)
 *(.exceptions.irqhandler.user)
 *(.exceptions.irqhandler)
 *(.exceptions.irqreturn.user)
 *(.exceptions.irqreturn)
 *(.exceptions.notirq.label)
 *(.exceptions.notirq.user)
 *(.exceptions.notirq)
 *(.exceptions.soft.user)
 *(.exceptions.soft)
 *(.exceptions.unknown.user)
 *(.exceptions.unknown)
 *(.exceptions.exit.label)
 *(.exceptions.exit.user)
 *(.exceptions.exit)
 *(.exceptions)
                0x0000000000008020                PROVIDE (__ram_exceptions_end, ABSOLUTE (.))
                0x0000000000008020                PROVIDE (__flash_exceptions_start, LOADADDR (.exceptions))

.text           0x0000000000008020      0x29c
                [!provide]                        PROVIDE (stext, ABSOLUTE (.))
 *(.interp)
 *(.hash)
 *(.dynsym)
 *(.dynstr)
 *(.gnu.version)
 *(.gnu.version_d)
 *(.gnu.version_r)
 *(.rel.init)
 *(.rela.init)
 *(.rel.text .rel.text.* .rel.gnu.linkonce.t.*)
 *(.rela.text .rela.text.* .rela.gnu.linkonce.t.*)
 *(.rel.fini)
 *(.rela.fini)
 *(.rel.rodata .rel.rodata.* .rel.gnu.linkonce.r.*)
 *(.rela.rodata .rela.rodata.* .rela.gnu.linkonce.r.*)
 *(.rel.data .rel.data.* .rel.gnu.linkonce.d.*)
 *(.rela.data .rela.data.* .rela.gnu.linkonce.d.*)
 *(.rel.tdata .rel.tdata.* .rel.gnu.linkonce.td.*)
 *(.rela.tdata .rela.tdata.* .rela.gnu.linkonce.td.*)
 *(.rel.tbss .rel.tbss.* .rel.gnu.linkonce.tb.*)
 *(.rela.tbss .rela.tbss.* .rela.gnu.linkonce.tb.*)
 *(.rel.ctors)
 *(.rela.ctors)
 *(.rel.dtors)
 *(.rela.dtors)
 *(.rel.got)
 *(.rela.got)
 *(.rel.sdata .rel.sdata.* .rel.gnu.linkonce.s.*)
 *(.rela.sdata .rela.sdata.* .rela.gnu.linkonce.s.*)
 *(.rel.sbss .rel.sbss.* .rel.gnu.linkonce.sb.*)
 *(.rela.sbss .rela.sbss.* .rela.gnu.linkonce.sb.*)
 *(.rel.sdata2 .rel.sdata2.* .rel.gnu.linkonce.s2.*)
 *(.rela.sdata2 .rela.sdata2.* .rela.gnu.linkonce.s2.*)
 *(.rel.sbss2 .rel.sbss2.* .rel.gnu.linkonce.sb2.*)
 *(.rela.sbss2 .rela.sbss2.* .rela.gnu.linkonce.sb2.*)
 *(.rel.bss .rel.bss.* .rel.gnu.linkonce.b.*)
 *(.rela.bss .rela.bss.* .rela.gnu.linkonce.b.*)
 *(.rel.plt)
 *(.rela.plt)
 *(.rel.dyn)
 *(.init)
 *(.plt)
 *(.text .stub .text.* .gnu.linkonce.t.*)
 .text          0x0000000000008020       0x3c ../audio_soc_bsp//obj/HAL/src/crt0.o
                0x0000000000008020                _start
 .text          0x000000000000805c       0x58 obj/default/hello_world_small.o
                0x000000000000805c                audio_stream
 .text.startup  0x00000000000080b4       0x1c obj/default/hello_world_small.o
                0x00000000000080b4                main
 .text          0x00000000000080d0       0xe0 ../audio_soc_bsp/\libhal_bsp.a(alt_load.o)
                0x00000000000080d0                alt_load
 .text          0x00000000000081b0       0x2c ../audio_soc_bsp/\libhal_bsp.a(alt_main.o)
                0x00000000000081b0                alt_main
 .text          0x00000000000081dc       0x5c ../audio_soc_bsp/\libhal_bsp.a(alt_sys_init.o)
                0x00000000000081dc                alt_irq_init
                0x00000000000081fc                alt_sys_init
 .text          0x0000000000008238        0x4 ../audio_soc_bsp/\libhal_bsp.a(alt_dcache_flush_all.o)
                0x0000000000008238                alt_dcache_flush_all
 .text          0x000000000000823c        0x8 ../audio_soc_bsp/\libhal_bsp.a(alt_dev.o)
 .text          0x0000000000008244       0x6c ../audio_soc_bsp/\libhal_bsp.a(alt_dev_llist_insert.o)
                0x0000000000008244                alt_dev_llist_insert
 .text          0x00000000000082b0        0x0 ../audio_soc_bsp/\libhal_bsp.a(alt_errno.o)
 .text          0x00000000000082b0        0x4 ../audio_soc_bsp/\libhal_bsp.a(alt_icache_flush_all.o)
                0x00000000000082b0                alt_icache_flush_all
 .text          0x00000000000082b4        0x8 ../audio_soc_bsp/\libhal_bsp.a(altera_nios2_gen2_irq.o)
                0x00000000000082b4                altera_nios2_gen2_irq_init
 .text          0x00000000000082bc        0x0 e:/quartus/nios2eds/bin/gnu/h-x86_64-mingw32/bin/../lib/gcc/nios2-elf/5.3.0/../../../../../H-x86_64-mingw32/nios2-elf/lib/mno-hw-mul\libsmallc.a(lib_a-int_errno.o)
 *(.gnu.warning.*)
 *(.fini)
                [!provide]                        PROVIDE (__etext, ABSOLUTE (.))
                [!provide]                        PROVIDE (_etext, ABSOLUTE (.))
                [!provide]                        PROVIDE (etext, ABSOLUTE (.))
 *(.eh_frame_hdr)
                0x00000000000082bc                . = ALIGN (0x4)
                [!provide]                        PROVIDE (__preinit_array_start, ABSOLUTE (.))
 *(.preinit_array)
                [!provide]                        PROVIDE (__preinit_array_end, ABSOLUTE (.))
                [!provide]                        PROVIDE (__init_array_start, ABSOLUTE (.))
 *(.init_array)
                [!provide]                        PROVIDE (__init_array_end, ABSOLUTE (.))
                [!provide]                        PROVIDE (__fini_array_start, ABSOLUTE (.))
 *(.fini_array)
                [!provide]                        PROVIDE (__fini_array_end, ABSOLUTE (.))
 *(.eh_frame)
 *(.gcc_except_table .gcc_except_table.*)
 *(.dynamic)
                [!provide]                        PROVIDE (__CTOR_LIST__, ABSOLUTE (.))
 *(.ctors)
 *(SORT(.ctors.*))
                [!provide]                        PROVIDE (__CTOR_END__, ABSOLUTE (.))
                [!provide]                        PROVIDE (__DTOR_LIST__, ABSOLUTE (.))
 *(.dtors)
 *(SORT(.dtors.*))
                [!provide]                        PROVIDE (__DTOR_END__, ABSOLUTE (.))
 *(.jcr)
                0x00000000000082bc                . = ALIGN (0x4)

.rodata         0x00000000000082bc       0x2c
                0x00000000000082bc                PROVIDE (__ram_rodata_start, ABSOLUTE (.))
                0x00000000000082bc                . = ALIGN (0x4)
 *(.rodata .rodata.* .gnu.linkonce.r.*)
 .rodata.str1.4
                0x00000000000082bc       0x1e ../audio_soc_bsp/\libhal_bsp.a(alt_sys_init.o)
 *fill*         0x00000000000082da        0x2 
 .rodata.str1.4
                0x00000000000082dc        0xc ../audio_soc_bsp/\libhal_bsp.a(alt_dev.o)
                                          0xa (size before relaxing)
 *(.rodata1)
                0x00000000000082e8                . = ALIGN (0x4)
                0x00000000000082e8                PROVIDE (__ram_rodata_end, ABSOLUTE (.))
                0x00000000000082bc                PROVIDE (__flash_rodata_start, LOADADDR (.rodata))

.rwdata         0x00000000000082e8       0xd4 load address 0x00000000000083bc
                0x00000000000082e8                PROVIDE (__ram_rwdata_start, ABSOLUTE (.))
                0x00000000000082e8                . = ALIGN (0x4)
 *(.got.plt)
 *(.got)
 *(.data1)
 *(.data .data.* .gnu.linkonce.d.*)
 .data          0x00000000000082e8        0x0 ../audio_soc_bsp//obj/HAL/src/crt0.o
 .data          0x00000000000082e8        0x0 obj/default/hello_world_small.o
 .data          0x00000000000082e8        0x0 ../audio_soc_bsp/\libhal_bsp.a(alt_load.o)
 .data          0x00000000000082e8        0x0 ../audio_soc_bsp/\libhal_bsp.a(alt_main.o)
 .data          0x00000000000082e8       0x60 ../audio_soc_bsp/\libhal_bsp.a(alt_sys_init.o)
 .data          0x0000000000008348        0x0 ../audio_soc_bsp/\libhal_bsp.a(alt_dcache_flush_all.o)
 .data          0x0000000000008348       0x58 ../audio_soc_bsp/\libhal_bsp.a(alt_dev.o)
                0x0000000000008348                alt_fd_list
                0x0000000000008378                alt_dev_null
 .data          0x00000000000083a0        0x0 ../audio_soc_bsp/\libhal_bsp.a(alt_dev_llist_insert.o)
 .data          0x00000000000083a0        0x0 ../audio_soc_bsp/\libhal_bsp.a(alt_errno.o)
 .data          0x00000000000083a0        0x0 ../audio_soc_bsp/\libhal_bsp.a(alt_icache_flush_all.o)
 .data          0x00000000000083a0        0x0 ../audio_soc_bsp/\libhal_bsp.a(altera_nios2_gen2_irq.o)
 .data          0x00000000000083a0        0x0 e:/quartus/nios2eds/bin/gnu/h-x86_64-mingw32/bin/../lib/gcc/nios2-elf/5.3.0/../../../../../H-x86_64-mingw32/nios2-elf/lib/mno-hw-mul\libsmallc.a(lib_a-int_errno.o)
                0x00000000000103a0                _gp = ABSOLUTE ((. + 0x8000))
                [!provide]                        PROVIDE (gp, _gp)
 *(.rwdata .rwdata.*)
 *(.sdata .sdata.* .gnu.linkonce.s.*)
 .sdata         0x00000000000083a0        0x4 ../audio_soc_bsp/\libhal_bsp.a(alt_sys_init.o)
                0x00000000000083a0                JTAG_UART
 .sdata         0x00000000000083a4       0x14 ../audio_soc_bsp/\libhal_bsp.a(alt_dev.o)
                0x00000000000083a4                alt_max_fd
                0x00000000000083a8                alt_dev_list
                0x00000000000083b0                alt_fs_list
 .sdata         0x00000000000083b8        0x4 ../audio_soc_bsp/\libhal_bsp.a(alt_errno.o)
                0x00000000000083b8                alt_errno
 *(.sdata2 .sdata2.* .gnu.linkonce.s2.*)
                0x00000000000083bc                . = ALIGN (0x4)
                0x00000000000083bc                _edata = ABSOLUTE (.)
                [!provide]                        PROVIDE (edata, ABSOLUTE (.))
                0x00000000000083bc                PROVIDE (__ram_rwdata_end, ABSOLUTE (.))
                0x00000000000083bc                PROVIDE (__flash_rwdata_start, LOADADDR (.rwdata))

.bss            0x0000000000008490       0x10
                0x0000000000008490                __bss_start = ABSOLUTE (.)
                [!provide]                        PROVIDE (__sbss_start, ABSOLUTE (.))
                [!provide]                        PROVIDE (___sbss_start, ABSOLUTE (.))
 *(.dynsbss)
 *(.sbss .sbss.* .gnu.linkonce.sb.*)
 .sbss          0x0000000000008490        0xc ../audio_soc_bsp/\libhal_bsp.a(alt_main.o)
                0x0000000000008490                alt_envp
                0x0000000000008494                alt_argv
                0x0000000000008498                alt_argc
 .sbss          0x000000000000849c        0x4 e:/quartus/nios2eds/bin/gnu/h-x86_64-mingw32/bin/../lib/gcc/nios2-elf/5.3.0/../../../../../H-x86_64-mingw32/nios2-elf/lib/mno-hw-mul\libsmallc.a(lib_a-int_errno.o)
                0x000000000000849c                errno
 *(.sbss2 .sbss2.* .gnu.linkonce.sb2.*)
 *(.scommon)
                [!provide]                        PROVIDE (__sbss_end, ABSOLUTE (.))
                [!provide]                        PROVIDE (___sbss_end, ABSOLUTE (.))
 *(.dynbss)
 *(.bss .bss.* .gnu.linkonce.b.*)
 .bss           0x00000000000084a0        0x0 ../audio_soc_bsp//obj/HAL/src/crt0.o
 .bss           0x00000000000084a0        0x0 obj/default/hello_world_small.o
 .bss           0x00000000000084a0        0x0 ../audio_soc_bsp/\libhal_bsp.a(alt_load.o)
 .bss           0x00000000000084a0        0x0 ../audio_soc_bsp/\libhal_bsp.a(alt_main.o)
 .bss           0x00000000000084a0        0x0 ../audio_soc_bsp/\libhal_bsp.a(alt_sys_init.o)
 .bss           0x00000000000084a0        0x0 ../audio_soc_bsp/\libhal_bsp.a(alt_dcache_flush_all.o)
 .bss           0x00000000000084a0        0x0 ../audio_soc_bsp/\libhal_bsp.a(alt_dev.o)
 .bss           0x00000000000084a0        0x0 ../audio_soc_bsp/\libhal_bsp.a(alt_dev_llist_insert.o)
 .bss           0x00000000000084a0        0x0 ../audio_soc_bsp/\libhal_bsp.a(alt_errno.o)
 .bss           0x00000000000084a0        0x0 ../audio_soc_bsp/\libhal_bsp.a(alt_icache_flush_all.o)
 .bss           0x00000000000084a0        0x0 ../audio_soc_bsp/\libhal_bsp.a(altera_nios2_gen2_irq.o)
 .bss           0x00000000000084a0        0x0 e:/quartus/nios2eds/bin/gnu/h-x86_64-mingw32/bin/../lib/gcc/nios2-elf/5.3.0/../../../../../H-x86_64-mingw32/nios2-elf/lib/mno-hw-mul\libsmallc.a(lib_a-int_errno.o)
 *(COMMON)
                0x00000000000084a0                . = ALIGN (0x4)
                0x00000000000084a0                __bss_end = ABSOLUTE (.)

.RAM            0x00000000000084a0        0x0
                [!provide]                        PROVIDE (_alt_partition_RAM_start, ABSOLUTE (.))
 *(.RAM .RAM. RAM.*)
                0x00000000000084a0                . = ALIGN (0x4)
                [!provide]                        PROVIDE (_alt_partition_RAM_end, ABSOLUTE (.))
                0x00000000000084a0                _end = ABSOLUTE (.)
                0x00000000000084a0                end = ABSOLUTE (.)
                0x00000000000084a0                __alt_stack_base = ABSOLUTE (.)
                [!provide]                        PROVIDE (_alt_partition_RAM_load_addr, LOADADDR (.RAM))

.stab
 *(.stab)

.stabstr
 *(.stabstr)

.stab.excl
 *(.stab.excl)

.stab.exclstr
 *(.stab.exclstr)

.stab.index
 *(.stab.index)

.stab.indexstr
 *(.stab.indexstr)

.comment        0x0000000000000000       0x23
 *(.comment)
 .comment       0x0000000000000000       0x23 obj/default/hello_world_small.o
                                         0x24 (size before relaxing)
 .comment       0x0000000000000023       0x24 ../audio_soc_bsp/\libhal_bsp.a(alt_load.o)
 .comment       0x0000000000000023       0x24 ../audio_soc_bsp/\libhal_bsp.a(alt_main.o)
 .comment       0x0000000000000023       0x24 ../audio_soc_bsp/\libhal_bsp.a(alt_sys_init.o)
 .comment       0x0000000000000023       0x24 ../audio_soc_bsp/\libhal_bsp.a(alt_dcache_flush_all.o)
 .comment       0x0000000000000023       0x24 ../audio_soc_bsp/\libhal_bsp.a(alt_dev.o)
 .comment       0x0000000000000023       0x24 ../audio_soc_bsp/\libhal_bsp.a(alt_dev_llist_insert.o)
 .comment       0x0000000000000023       0x24 ../audio_soc_bsp/\libhal_bsp.a(alt_errno.o)
 .comment       0x0000000000000023       0x24 ../audio_soc_bsp/\libhal_bsp.a(alt_icache_flush_all.o)
 .comment       0x0000000000000023       0x24 ../audio_soc_bsp/\libhal_bsp.a(altera_nios2_gen2_irq.o)
 .comment       0x0000000000000023       0x24 e:/quartus/nios2eds/bin/gnu/h-x86_64-mingw32/bin/../lib/gcc/nios2-elf/5.3.0/../../../../../H-x86_64-mingw32/nios2-elf/lib/mno-hw-mul\libsmallc.a(lib_a-int_errno.o)

.debug
 *(.debug)

.line
 *(.line)

.debug_srcinfo
 *(.debug_srcinfo)

.debug_sfnames
 *(.debug_sfnames)

.debug_aranges  0x0000000000000000      0x180
 *(.debug_aranges)
 .debug_aranges
                0x0000000000000000       0x28 ../audio_soc_bsp//obj/HAL/src/crt0.o
 .debug_aranges
                0x0000000000000028       0x28 obj/default/hello_world_small.o
 .debug_aranges
                0x0000000000000050       0x20 ../audio_soc_bsp/\libhal_bsp.a(alt_load.o)
 .debug_aranges
                0x0000000000000070       0x20 ../audio_soc_bsp/\libhal_bsp.a(alt_main.o)
 .debug_aranges
                0x0000000000000090       0x20 ../audio_soc_bsp/\libhal_bsp.a(alt_sys_init.o)
 .debug_aranges
                0x00000000000000b0       0x20 ../audio_soc_bsp/\libhal_bsp.a(alt_dcache_flush_all.o)
 .debug_aranges
                0x00000000000000d0       0x20 ../audio_soc_bsp/\libhal_bsp.a(alt_dev.o)
 .debug_aranges
                0x00000000000000f0       0x20 ../audio_soc_bsp/\libhal_bsp.a(alt_dev_llist_insert.o)
 .debug_aranges
                0x0000000000000110       0x18 ../audio_soc_bsp/\libhal_bsp.a(alt_errno.o)
 .debug_aranges
                0x0000000000000128       0x20 ../audio_soc_bsp/\libhal_bsp.a(alt_icache_flush_all.o)
 .debug_aranges
                0x0000000000000148       0x20 ../audio_soc_bsp/\libhal_bsp.a(altera_nios2_gen2_irq.o)
 .debug_aranges
                0x0000000000000168       0x18 e:/quartus/nios2eds/bin/gnu/h-x86_64-mingw32/bin/../lib/gcc/nios2-elf/5.3.0/../../../../../H-x86_64-mingw32/nios2-elf/lib/mno-hw-mul\libsmallc.a(lib_a-int_errno.o)

.debug_pubnames
 *(.debug_pubnames)

.debug_info     0x0000000000000000     0x15f5
 *(.debug_info .gnu.linkonce.wi.*)
 .debug_info    0x0000000000000000       0x91 ../audio_soc_bsp//obj/HAL/src/crt0.o
 .debug_info    0x0000000000000091      0x379 obj/default/hello_world_small.o
 .debug_info    0x000000000000040a      0x1c9 ../audio_soc_bsp/\libhal_bsp.a(alt_load.o)
 .debug_info    0x00000000000005d3      0x18f ../audio_soc_bsp/\libhal_bsp.a(alt_main.o)
 .debug_info    0x0000000000000762      0x53b ../audio_soc_bsp/\libhal_bsp.a(alt_sys_init.o)
 .debug_info    0x0000000000000c9d       0x92 ../audio_soc_bsp/\libhal_bsp.a(alt_dcache_flush_all.o)
 .debug_info    0x0000000000000d2f      0x499 ../audio_soc_bsp/\libhal_bsp.a(alt_dev.o)
 .debug_info    0x00000000000011c8      0x1b3 ../audio_soc_bsp/\libhal_bsp.a(alt_dev_llist_insert.o)
 .debug_info    0x000000000000137b       0xa6 ../audio_soc_bsp/\libhal_bsp.a(alt_errno.o)
 .debug_info    0x0000000000001421       0x92 ../audio_soc_bsp/\libhal_bsp.a(alt_icache_flush_all.o)
 .debug_info    0x00000000000014b3       0xb8 ../audio_soc_bsp/\libhal_bsp.a(altera_nios2_gen2_irq.o)
 .debug_info    0x000000000000156b       0x8a e:/quartus/nios2eds/bin/gnu/h-x86_64-mingw32/bin/../lib/gcc/nios2-elf/5.3.0/../../../../../H-x86_64-mingw32/nios2-elf/lib/mno-hw-mul\libsmallc.a(lib_a-int_errno.o)

.debug_abbrev   0x0000000000000000      0x8a9
 *(.debug_abbrev)
 .debug_abbrev  0x0000000000000000       0x12 ../audio_soc_bsp//obj/HAL/src/crt0.o
 .debug_abbrev  0x0000000000000012      0x177 obj/default/hello_world_small.o
 .debug_abbrev  0x0000000000000189       0xd8 ../audio_soc_bsp/\libhal_bsp.a(alt_load.o)
 .debug_abbrev  0x0000000000000261       0xf5 ../audio_soc_bsp/\libhal_bsp.a(alt_main.o)
 .debug_abbrev  0x0000000000000356      0x1e2 ../audio_soc_bsp/\libhal_bsp.a(alt_sys_init.o)
 .debug_abbrev  0x0000000000000538       0x42 ../audio_soc_bsp/\libhal_bsp.a(alt_dcache_flush_all.o)
 .debug_abbrev  0x000000000000057a       0xd9 ../audio_soc_bsp/\libhal_bsp.a(alt_dev.o)
 .debug_abbrev  0x0000000000000653      0x11c ../audio_soc_bsp/\libhal_bsp.a(alt_dev_llist_insert.o)
 .debug_abbrev  0x000000000000076f       0x5a ../audio_soc_bsp/\libhal_bsp.a(alt_errno.o)
 .debug_abbrev  0x00000000000007c9       0x42 ../audio_soc_bsp/\libhal_bsp.a(alt_icache_flush_all.o)
 .debug_abbrev  0x000000000000080b       0x67 ../audio_soc_bsp/\libhal_bsp.a(altera_nios2_gen2_irq.o)
 .debug_abbrev  0x0000000000000872       0x37 e:/quartus/nios2eds/bin/gnu/h-x86_64-mingw32/bin/../lib/gcc/nios2-elf/5.3.0/../../../../../H-x86_64-mingw32/nios2-elf/lib/mno-hw-mul\libsmallc.a(lib_a-int_errno.o)

.debug_line     0x0000000000000000      0x8e6
 *(.debug_line)
 .debug_line    0x0000000000000000       0x66 ../audio_soc_bsp//obj/HAL/src/crt0.o
 .debug_line    0x0000000000000066      0x1b9 obj/default/hello_world_small.o
 .debug_line    0x000000000000021f       0xa4 ../audio_soc_bsp/\libhal_bsp.a(alt_load.o)
 .debug_line    0x00000000000002c3       0xea ../audio_soc_bsp/\libhal_bsp.a(alt_main.o)
 .debug_line    0x00000000000003ad      0x19f ../audio_soc_bsp/\libhal_bsp.a(alt_sys_init.o)
 .debug_line    0x000000000000054c       0x4e ../audio_soc_bsp/\libhal_bsp.a(alt_dcache_flush_all.o)
 .debug_line    0x000000000000059a       0xea ../audio_soc_bsp/\libhal_bsp.a(alt_dev.o)
 .debug_line    0x0000000000000684       0xd8 ../audio_soc_bsp/\libhal_bsp.a(alt_dev_llist_insert.o)
 .debug_line    0x000000000000075c       0x51 ../audio_soc_bsp/\libhal_bsp.a(alt_errno.o)
 .debug_line    0x00000000000007ad       0x4e ../audio_soc_bsp/\libhal_bsp.a(alt_icache_flush_all.o)
 .debug_line    0x00000000000007fb       0x8c ../audio_soc_bsp/\libhal_bsp.a(altera_nios2_gen2_irq.o)
 .debug_line    0x0000000000000887       0x5f e:/quartus/nios2eds/bin/gnu/h-x86_64-mingw32/bin/../lib/gcc/nios2-elf/5.3.0/../../../../../H-x86_64-mingw32/nios2-elf/lib/mno-hw-mul\libsmallc.a(lib_a-int_errno.o)

.debug_frame    0x0000000000000000      0x18c
 *(.debug_frame)
 .debug_frame   0x0000000000000000       0x38 obj/default/hello_world_small.o
 .debug_frame   0x0000000000000038       0x30 ../audio_soc_bsp/\libhal_bsp.a(alt_load.o)
 .debug_frame   0x0000000000000068       0x2c ../audio_soc_bsp/\libhal_bsp.a(alt_main.o)
 .debug_frame   0x0000000000000094       0x4c ../audio_soc_bsp/\libhal_bsp.a(alt_sys_init.o)
 .debug_frame   0x00000000000000e0       0x20 ../audio_soc_bsp/\libhal_bsp.a(alt_dcache_flush_all.o)
 .debug_frame   0x0000000000000100       0x20 ../audio_soc_bsp/\libhal_bsp.a(alt_dev.o)
 .debug_frame   0x0000000000000120       0x2c ../audio_soc_bsp/\libhal_bsp.a(alt_dev_llist_insert.o)
 .debug_frame   0x000000000000014c       0x20 ../audio_soc_bsp/\libhal_bsp.a(alt_icache_flush_all.o)
 .debug_frame   0x000000000000016c       0x20 ../audio_soc_bsp/\libhal_bsp.a(altera_nios2_gen2_irq.o)

.debug_str      0x0000000000000000      0x95a
 *(.debug_str)
 .debug_str     0x0000000000000000      0x20b obj/default/hello_world_small.o
                                        0x25b (size before relaxing)
 .debug_str     0x000000000000020b      0x170 ../audio_soc_bsp/\libhal_bsp.a(alt_load.o)
                                        0x25f (size before relaxing)
 .debug_str     0x000000000000037b       0x5e ../audio_soc_bsp/\libhal_bsp.a(alt_main.o)
                                        0x201 (size before relaxing)
 .debug_str     0x00000000000003d9      0x261 ../audio_soc_bsp/\libhal_bsp.a(alt_sys_init.o)
                                        0x434 (size before relaxing)
 .debug_str     0x000000000000063a       0x1f ../audio_soc_bsp/\libhal_bsp.a(alt_dcache_flush_all.o)
                                        0x178 (size before relaxing)
 .debug_str     0x0000000000000659      0x12c ../audio_soc_bsp/\libhal_bsp.a(alt_dev.o)
                                        0x328 (size before relaxing)
 .debug_str     0x0000000000000785       0x4e ../audio_soc_bsp/\libhal_bsp.a(alt_dev_llist_insert.o)
                                        0x1ef (size before relaxing)
 .debug_str     0x00000000000007d3       0x14 ../audio_soc_bsp/\libhal_bsp.a(alt_errno.o)
                                        0x168 (size before relaxing)
 .debug_str     0x00000000000007e7       0x1f ../audio_soc_bsp/\libhal_bsp.a(alt_icache_flush_all.o)
                                        0x178 (size before relaxing)
 .debug_str     0x0000000000000806       0x20 ../audio_soc_bsp/\libhal_bsp.a(altera_nios2_gen2_irq.o)
                                        0x1a8 (size before relaxing)
 .debug_str     0x0000000000000826      0x134 e:/quartus/nios2eds/bin/gnu/h-x86_64-mingw32/bin/../lib/gcc/nios2-elf/5.3.0/../../../../../H-x86_64-mingw32/nios2-elf/lib/mno-hw-mul\libsmallc.a(lib_a-int_errno.o)
                                        0x1d8 (size before relaxing)

.debug_loc      0x0000000000000000      0x193
 *(.debug_loc)
 .debug_loc     0x0000000000000000       0xdc obj/default/hello_world_small.o
 .debug_loc     0x00000000000000dc       0x39 ../audio_soc_bsp/\libhal_bsp.a(alt_sys_init.o)
 .debug_loc     0x0000000000000115       0x7e ../audio_soc_bsp/\libhal_bsp.a(alt_dev_llist_insert.o)

.debug_macinfo
 *(.debug_macinfo)

.debug_weaknames
 *(.debug_weaknames)

.debug_funcnames
 *(.debug_funcnames)

.debug_typenames
 *(.debug_typenames)

.debug_varnames
 *(.debug_varnames)

.debug_alt_sim_info
                0x0000000000000000       0x10
 *(.debug_alt_sim_info)
 .debug_alt_sim_info
                0x0000000000000000       0x10 ../audio_soc_bsp//obj/HAL/src/crt0.o
                0x0000000000010000                __alt_data_end = 0x10000
                0x0000000000010000                PROVIDE (__alt_stack_pointer, __alt_data_end)
                [!provide]                        PROVIDE (__alt_stack_limit, __alt_stack_base)
                [!provide]                        PROVIDE (__alt_heap_start, end)
                [!provide]                        PROVIDE (__alt_heap_limit, 0x10000)
OUTPUT(audio_soc.elf elf32-littlenios2)

.debug_ranges   0x0000000000000000      0x1b8
 .debug_ranges  0x0000000000000000       0x20 ../audio_soc_bsp//obj/HAL/src/crt0.o
 .debug_ranges  0x0000000000000020      0x100 obj/default/hello_world_small.o
 .debug_ranges  0x0000000000000120       0x48 ../audio_soc_bsp/\libhal_bsp.a(alt_load.o)
 .debug_ranges  0x0000000000000168       0x30 ../audio_soc_bsp/\libhal_bsp.a(alt_sys_init.o)
 .debug_ranges  0x0000000000000198       0x20 ../audio_soc_bsp/\libhal_bsp.a(alt_dev_llist_insert.o)
