Archive member included to satisfy reference by file (symbol)

c:/intelfpga_lite/18.1/nios2eds/bin/gnu/h-x86_64-mingw32/bin/../lib/gcc/nios2-elf/5.3.0/mno-hw-mul\libgcc.a(lib2-divmod.o)
                              obj/default/hello_world_small.o (__udivsi3)
c:/intelfpga_lite/18.1/nios2eds/bin/gnu/h-x86_64-mingw32/bin/../lib/gcc/nios2-elf/5.3.0/mno-hw-mul\libgcc.a(lib2-mul.o)
                              obj/default/hello_world_small.o (__mulsi3)
../audio_soc_bsp/\libhal_bsp.a(alt_irq_register.o)
                              obj/default/hello_world_small.o (alt_irq_register)
../audio_soc_bsp/\libhal_bsp.a(alt_irq_vars.o)
                              ../audio_soc_bsp/\libhal_bsp.a(alt_irq_register.o) (alt_irq_active)
../audio_soc_bsp/\libhal_bsp.a(alt_load.o)
                              ../audio_soc_bsp//obj/HAL/src/crt0.o (alt_load)
../audio_soc_bsp/\libhal_bsp.a(alt_main.o)
                              ../audio_soc_bsp//obj/HAL/src/crt0.o (alt_main)
../audio_soc_bsp/\libhal_bsp.a(alt_putstr.o)
                              obj/default/hello_world_small.o (alt_putstr)
../audio_soc_bsp/\libhal_bsp.a(alt_usleep.o)
                              obj/default/hello_world_small.o (usleep)
../audio_soc_bsp/\libhal_bsp.a(alt_sys_init.o)
                              ../audio_soc_bsp/\libhal_bsp.a(alt_main.o) (alt_irq_init)
../audio_soc_bsp/\libhal_bsp.a(altera_avalon_jtag_uart_write.o)
                              ../audio_soc_bsp/\libhal_bsp.a(alt_putstr.o) (altera_avalon_jtag_uart_write)
../audio_soc_bsp/\libhal_bsp.a(alt_busy_sleep.o)
                              ../audio_soc_bsp/\libhal_bsp.a(alt_usleep.o) (alt_busy_sleep)
../audio_soc_bsp/\libhal_bsp.a(alt_dcache_flush_all.o)
                              ../audio_soc_bsp/\libhal_bsp.a(alt_load.o) (alt_dcache_flush_all)
../audio_soc_bsp/\libhal_bsp.a(alt_dev.o)
                              ../audio_soc_bsp/\libhal_bsp.a(alt_sys_init.o) (alt_dev_list)
../audio_soc_bsp/\libhal_bsp.a(alt_dev_llist_insert.o)
                              ../audio_soc_bsp/\libhal_bsp.a(alt_sys_init.o) (alt_dev_llist_insert)
../audio_soc_bsp/\libhal_bsp.a(alt_errno.o)
                              ../audio_soc_bsp/\libhal_bsp.a(alt_dev_llist_insert.o) (alt_errno)
../audio_soc_bsp/\libhal_bsp.a(alt_icache_flush_all.o)
                              ../audio_soc_bsp/\libhal_bsp.a(alt_load.o) (alt_icache_flush_all)
../audio_soc_bsp/\libhal_bsp.a(alt_irq_entry.o)
                              ../audio_soc_bsp/\libhal_bsp.a(alt_irq_register.o) (alt_irq_entry)
../audio_soc_bsp/\libhal_bsp.a(alt_irq_handler.o)
                              ../audio_soc_bsp/\libhal_bsp.a(alt_irq_register.o) (alt_irq_handler)
../audio_soc_bsp/\libhal_bsp.a(altera_nios2_gen2_irq.o)
                              ../audio_soc_bsp/\libhal_bsp.a(alt_sys_init.o) (altera_nios2_gen2_irq_init)
../audio_soc_bsp/\libhal_bsp.a(alt_exception_entry.o)
                              ../audio_soc_bsp/\libhal_bsp.a(alt_irq_entry.o) (alt_exception)
../audio_soc_bsp/\libhal_bsp.a(alt_instruction_exception_entry.o)
                              ../audio_soc_bsp/\libhal_bsp.a(alt_exception_entry.o) (alt_instruction_exception_entry)
c:/intelfpga_lite/18.1/nios2eds/bin/gnu/h-x86_64-mingw32/bin/../lib/gcc/nios2-elf/5.3.0/../../../../../H-x86_64-mingw32/nios2-elf/lib/mno-hw-mul\libsmallc.a(lib_a-int_errno.o)
                              ../audio_soc_bsp/\libhal_bsp.a(alt_dev_llist_insert.o) (errno)
c:/intelfpga_lite/18.1/nios2eds/bin/gnu/h-x86_64-mingw32/bin/../lib/gcc/nios2-elf/5.3.0/../../../../../H-x86_64-mingw32/nios2-elf/lib/mno-hw-mul\libsmallc.a(lib_a-strlen.o)
                              ../audio_soc_bsp/\libhal_bsp.a(alt_putstr.o) (strlen)

Allocating common symbols
Common symbol       size              file

alt_irq             0x100             ../audio_soc_bsp/\libhal_bsp.a(alt_irq_handler.o)
errno               0x4               c:/intelfpga_lite/18.1/nios2eds/bin/gnu/h-x86_64-mingw32/bin/../lib/gcc/nios2-elf/5.3.0/../../../../../H-x86_64-mingw32/nios2-elf/lib/mno-hw-mul\libsmallc.a(lib_a-int_errno.o)

Memory Configuration

Name             Origin             Length             Attributes
reset            0x0000000000008000 0x0000000000000020
RAM              0x0000000000008020 0x0000000000007fe0
*default*        0x0000000000000000 0xffffffffffffffff

Linker script and memory map

LOAD ../audio_soc_bsp//obj/HAL/src/crt0.o
LOAD obj/default/hello_world_small.o
LOAD c:/intelfpga_lite/18.1/nios2eds/bin/gnu/h-x86_64-mingw32/bin/../lib/gcc/nios2-elf/5.3.0/../../../../../H-x86_64-mingw32/nios2-elf/lib/mno-hw-mul\libstdc++.a
LOAD c:/intelfpga_lite/18.1/nios2eds/bin/gnu/h-x86_64-mingw32/bin/../lib/gcc/nios2-elf/5.3.0/../../../../../H-x86_64-mingw32/nios2-elf/lib/mno-hw-mul\libm.a
LOAD c:/intelfpga_lite/18.1/nios2eds/bin/gnu/h-x86_64-mingw32/bin/../lib/gcc/nios2-elf/5.3.0/mno-hw-mul\libgcc.a
START GROUP
LOAD c:/intelfpga_lite/18.1/nios2eds/bin/gnu/h-x86_64-mingw32/bin/../lib/gcc/nios2-elf/5.3.0/../../../../../H-x86_64-mingw32/nios2-elf/lib/mno-hw-mul\libsmallc.a
LOAD c:/intelfpga_lite/18.1/nios2eds/bin/gnu/h-x86_64-mingw32/bin/../lib/gcc/nios2-elf/5.3.0/mno-hw-mul\libgcc.a
LOAD ../audio_soc_bsp/\libhal_bsp.a
LOAD c:/intelfpga_lite/18.1/nios2eds/bin/gnu/h-x86_64-mingw32/bin/../lib/gcc/nios2-elf/5.3.0/../../../../../H-x86_64-mingw32/nios2-elf/lib/mno-hw-mul\libm.a
END GROUP
LOAD c:/intelfpga_lite/18.1/nios2eds/bin/gnu/h-x86_64-mingw32/bin/../lib/gcc/nios2-elf/5.3.0/mno-hw-mul\libgcc.a
                0x0000000000008000                __alt_mem_RAM = 0x8000

.entry          0x0000000000008000       0x20
 *(.entry)
 .entry         0x0000000000008000       0x20 ../audio_soc_bsp//obj/HAL/src/crt0.o
                0x0000000000008000                __reset
                0x000000000000800c                _exit

.exceptions     0x0000000000008020      0x160
                0x0000000000008020                PROVIDE (__ram_exceptions_start, ABSOLUTE (.))
                0x0000000000008020                . = ALIGN (0x20)
 *(.irq)
 *(.exceptions.entry.label)
 .exceptions.entry.label
                0x0000000000008020        0x0 ../audio_soc_bsp/\libhal_bsp.a(alt_irq_entry.o)
                0x0000000000008020                alt_irq_entry
 .exceptions.entry.label
                0x0000000000008020        0x0 ../audio_soc_bsp/\libhal_bsp.a(alt_exception_entry.o)
                0x0000000000008020                alt_exception
 *(.exceptions.entry.user)
 *(.exceptions.entry.ecc_fatal)
 *(.exceptions.entry)
 .exceptions.entry
                0x0000000000008020       0x54 ../audio_soc_bsp/\libhal_bsp.a(alt_exception_entry.o)
 *(.exceptions.irqtest.user)
 *(.exceptions.irqtest)
 .exceptions.irqtest
                0x0000000000008074       0x10 ../audio_soc_bsp/\libhal_bsp.a(alt_irq_entry.o)
 *(.exceptions.irqhandler.user)
 *(.exceptions.irqhandler)
 .exceptions.irqhandler
                0x0000000000008084        0x4 ../audio_soc_bsp/\libhal_bsp.a(alt_irq_entry.o)
 *(.exceptions.irqreturn.user)
 *(.exceptions.irqreturn)
 .exceptions.irqreturn
                0x0000000000008088        0x4 ../audio_soc_bsp/\libhal_bsp.a(alt_irq_entry.o)
 *(.exceptions.notirq.label)
 .exceptions.notirq.label
                0x000000000000808c        0x0 ../audio_soc_bsp/\libhal_bsp.a(alt_irq_entry.o)
 *(.exceptions.notirq.user)
 *(.exceptions.notirq)
 .exceptions.notirq
                0x000000000000808c        0x8 ../audio_soc_bsp/\libhal_bsp.a(alt_exception_entry.o)
 *(.exceptions.soft.user)
 *(.exceptions.soft)
 *(.exceptions.unknown.user)
 *(.exceptions.unknown)
 .exceptions.unknown
                0x0000000000008094       0x14 ../audio_soc_bsp/\libhal_bsp.a(alt_exception_entry.o)
 *(.exceptions.exit.label)
 .exceptions.exit.label
                0x00000000000080a8        0x0 ../audio_soc_bsp/\libhal_bsp.a(alt_irq_entry.o)
 .exceptions.exit.label
                0x00000000000080a8        0x0 ../audio_soc_bsp/\libhal_bsp.a(alt_exception_entry.o)
 *(.exceptions.exit.user)
 *(.exceptions.exit)
 .exceptions.exit
                0x00000000000080a8       0x54 ../audio_soc_bsp/\libhal_bsp.a(alt_exception_entry.o)
 *(.exceptions)
 .exceptions    0x00000000000080fc       0x60 ../audio_soc_bsp/\libhal_bsp.a(alt_irq_handler.o)
                0x00000000000080fc                alt_irq_handler
 .exceptions    0x000000000000815c       0x24 ../audio_soc_bsp/\libhal_bsp.a(alt_instruction_exception_entry.o)
                0x000000000000815c                alt_instruction_exception_entry
                0x0000000000008180                PROVIDE (__ram_exceptions_end, ABSOLUTE (.))
                0x0000000000008020                PROVIDE (__flash_exceptions_start, LOADADDR (.exceptions))

.text           0x0000000000008180      0xc30
                [!provide]                        PROVIDE (stext, ABSOLUTE (.))
 *(.interp)
 *(.hash)
 *(.dynsym)
 *(.dynstr)
 *(.gnu.version)
 *(.gnu.version_d)
 *(.gnu.version_r)
 *(.rel.init)
 *(.rela.init)
 *(.rel.text .rel.text.* .rel.gnu.linkonce.t.*)
 *(.rela.text .rela.text.* .rela.gnu.linkonce.t.*)
 *(.rel.fini)
 *(.rela.fini)
 *(.rel.rodata .rel.rodata.* .rel.gnu.linkonce.r.*)
 *(.rela.rodata .rela.rodata.* .rela.gnu.linkonce.r.*)
 *(.rel.data .rel.data.* .rel.gnu.linkonce.d.*)
 *(.rela.data .rela.data.* .rela.gnu.linkonce.d.*)
 *(.rel.tdata .rel.tdata.* .rel.gnu.linkonce.td.*)
 *(.rela.tdata .rela.tdata.* .rela.gnu.linkonce.td.*)
 *(.rel.tbss .rel.tbss.* .rel.gnu.linkonce.tb.*)
 *(.rela.tbss .rela.tbss.* .rela.gnu.linkonce.tb.*)
 *(.rel.ctors)
 *(.rela.ctors)
 *(.rel.dtors)
 *(.rela.dtors)
 *(.rel.got)
 *(.rela.got)
 *(.rel.sdata .rel.sdata.* .rel.gnu.linkonce.s.*)
 *(.rela.sdata .rela.sdata.* .rela.gnu.linkonce.s.*)
 *(.rel.sbss .rel.sbss.* .rel.gnu.linkonce.sb.*)
 *(.rela.sbss .rela.sbss.* .rela.gnu.linkonce.sb.*)
 *(.rel.sdata2 .rel.sdata2.* .rel.gnu.linkonce.s2.*)
 *(.rela.sdata2 .rela.sdata2.* .rela.gnu.linkonce.s2.*)
 *(.rel.sbss2 .rel.sbss2.* .rel.gnu.linkonce.sb2.*)
 *(.rela.sbss2 .rela.sbss2.* .rela.gnu.linkonce.sb2.*)
 *(.rel.bss .rel.bss.* .rel.gnu.linkonce.b.*)
 *(.rela.bss .rela.bss.* .rela.gnu.linkonce.b.*)
 *(.rel.plt)
 *(.rela.plt)
 *(.rel.dyn)
 *(.init)
 *(.plt)
 *(.text .stub .text.* .gnu.linkonce.t.*)
 .text          0x0000000000008180       0x3c ../audio_soc_bsp//obj/HAL/src/crt0.o
                0x0000000000008180                _start
 .text          0x00000000000081bc      0x5d0 obj/default/hello_world_small.o
                0x000000000000845c                irq_init
                0x0000000000008514                stream_fifo_to_audio
 .text.startup  0x000000000000878c       0x40 obj/default/hello_world_small.o
                0x000000000000878c                main
 .text          0x00000000000087cc      0x1b4 c:/intelfpga_lite/18.1/nios2eds/bin/gnu/h-x86_64-mingw32/bin/../lib/gcc/nios2-elf/5.3.0/mno-hw-mul\libgcc.a(lib2-divmod.o)
                0x00000000000087cc                __divsi3
                0x0000000000008850                __modsi3
                0x00000000000088c4                __udivsi3
                0x0000000000008928                __umodsi3
 .text          0x0000000000008980       0x28 c:/intelfpga_lite/18.1/nios2eds/bin/gnu/h-x86_64-mingw32/bin/../lib/gcc/nios2-elf/5.3.0/mno-hw-mul\libgcc.a(lib2-mul.o)
                0x0000000000008980                __mulsi3
 .text          0x00000000000089a8       0x94 ../audio_soc_bsp/\libhal_bsp.a(alt_irq_register.o)
                0x00000000000089a8                alt_irq_register
 .text          0x0000000000008a3c        0x0 ../audio_soc_bsp/\libhal_bsp.a(alt_irq_vars.o)
 .text          0x0000000000008a3c       0xe0 ../audio_soc_bsp/\libhal_bsp.a(alt_load.o)
                0x0000000000008a3c                alt_load
 .text          0x0000000000008b1c       0x2c ../audio_soc_bsp/\libhal_bsp.a(alt_main.o)
                0x0000000000008b1c                alt_main
 .text          0x0000000000008b48       0x38 ../audio_soc_bsp/\libhal_bsp.a(alt_putstr.o)
                0x0000000000008b48                alt_putstr
 .text          0x0000000000008b80        0x4 ../audio_soc_bsp/\libhal_bsp.a(alt_usleep.o)
                0x0000000000008b80                usleep
 .text          0x0000000000008b84       0x5c ../audio_soc_bsp/\libhal_bsp.a(alt_sys_init.o)
                0x0000000000008b84                alt_irq_init
                0x0000000000008ba4                alt_sys_init
 .text          0x0000000000008be0       0x34 ../audio_soc_bsp/\libhal_bsp.a(altera_avalon_jtag_uart_write.o)
                0x0000000000008be0                altera_avalon_jtag_uart_write
 .text          0x0000000000008c14       0x88 ../audio_soc_bsp/\libhal_bsp.a(alt_busy_sleep.o)
                0x0000000000008c14                alt_busy_sleep
 .text          0x0000000000008c9c        0x4 ../audio_soc_bsp/\libhal_bsp.a(alt_dcache_flush_all.o)
                0x0000000000008c9c                alt_dcache_flush_all
 .text          0x0000000000008ca0        0x8 ../audio_soc_bsp/\libhal_bsp.a(alt_dev.o)
 .text          0x0000000000008ca8       0x6c ../audio_soc_bsp/\libhal_bsp.a(alt_dev_llist_insert.o)
                0x0000000000008ca8                alt_dev_llist_insert
 .text          0x0000000000008d14        0x0 ../audio_soc_bsp/\libhal_bsp.a(alt_errno.o)
 .text          0x0000000000008d14        0x4 ../audio_soc_bsp/\libhal_bsp.a(alt_icache_flush_all.o)
                0x0000000000008d14                alt_icache_flush_all
 .text          0x0000000000008d18        0x0 ../audio_soc_bsp/\libhal_bsp.a(alt_irq_entry.o)
 .text          0x0000000000008d18        0x0 ../audio_soc_bsp/\libhal_bsp.a(alt_irq_handler.o)
 .text          0x0000000000008d18        0x8 ../audio_soc_bsp/\libhal_bsp.a(altera_nios2_gen2_irq.o)
                0x0000000000008d18                altera_nios2_gen2_irq_init
 .text          0x0000000000008d20        0x0 ../audio_soc_bsp/\libhal_bsp.a(alt_exception_entry.o)
 .text          0x0000000000008d20       0x74 ../audio_soc_bsp/\libhal_bsp.a(alt_instruction_exception_entry.o)
                0x0000000000008d20                alt_exception_cause_generated_bad_addr
 .text          0x0000000000008d94        0x0 c:/intelfpga_lite/18.1/nios2eds/bin/gnu/h-x86_64-mingw32/bin/../lib/gcc/nios2-elf/5.3.0/../../../../../H-x86_64-mingw32/nios2-elf/lib/mno-hw-mul\libsmallc.a(lib_a-int_errno.o)
 .text          0x0000000000008d94        0x0 c:/intelfpga_lite/18.1/nios2eds/bin/gnu/h-x86_64-mingw32/bin/../lib/gcc/nios2-elf/5.3.0/../../../../../H-x86_64-mingw32/nios2-elf/lib/mno-hw-mul\libsmallc.a(lib_a-strlen.o)
 .text.strlen   0x0000000000008d94       0x1c c:/intelfpga_lite/18.1/nios2eds/bin/gnu/h-x86_64-mingw32/bin/../lib/gcc/nios2-elf/5.3.0/../../../../../H-x86_64-mingw32/nios2-elf/lib/mno-hw-mul\libsmallc.a(lib_a-strlen.o)
                0x0000000000008d94                strlen
 *(.gnu.warning.*)
 *(.fini)
                [!provide]                        PROVIDE (__etext, ABSOLUTE (.))
                [!provide]                        PROVIDE (_etext, ABSOLUTE (.))
                [!provide]                        PROVIDE (etext, ABSOLUTE (.))
 *(.eh_frame_hdr)
                0x0000000000008db0                . = ALIGN (0x4)
                [!provide]                        PROVIDE (__preinit_array_start, ABSOLUTE (.))
 *(.preinit_array)
                [!provide]                        PROVIDE (__preinit_array_end, ABSOLUTE (.))
                [!provide]                        PROVIDE (__init_array_start, ABSOLUTE (.))
 *(.init_array)
                [!provide]                        PROVIDE (__init_array_end, ABSOLUTE (.))
                [!provide]                        PROVIDE (__fini_array_start, ABSOLUTE (.))
 *(.fini_array)
                [!provide]                        PROVIDE (__fini_array_end, ABSOLUTE (.))
 *(.eh_frame)
 *(.gcc_except_table .gcc_except_table.*)
 *(.dynamic)
                [!provide]                        PROVIDE (__CTOR_LIST__, ABSOLUTE (.))
 *(.ctors)
 *(SORT(.ctors.*))
                [!provide]                        PROVIDE (__CTOR_END__, ABSOLUTE (.))
                [!provide]                        PROVIDE (__DTOR_LIST__, ABSOLUTE (.))
 *(.dtors)
 *(SORT(.dtors.*))
                [!provide]                        PROVIDE (__DTOR_END__, ABSOLUTE (.))
 *(.jcr)
                0x0000000000008db0                . = ALIGN (0x4)

.rodata         0x0000000000008db0       0xf4
                0x0000000000008db0                PROVIDE (__ram_rodata_start, ABSOLUTE (.))
                0x0000000000008db0                . = ALIGN (0x4)
 *(.rodata .rodata.* .gnu.linkonce.r.*)
 .rodata.str1.4
                0x0000000000008db0       0xbe obj/default/hello_world_small.o
 .rodata        0x0000000000008e6e        0xa obj/default/hello_world_small.o
 .rodata.str1.4
                0x0000000000008e78       0x1e ../audio_soc_bsp/\libhal_bsp.a(alt_sys_init.o)
 *fill*         0x0000000000008e96        0x2 
 .rodata.str1.4
                0x0000000000008e98        0xc ../audio_soc_bsp/\libhal_bsp.a(alt_dev.o)
                                          0xa (size before relaxing)
 *(.rodata1)
                0x0000000000008ea4                . = ALIGN (0x4)
                0x0000000000008ea4                PROVIDE (__ram_rodata_end, ABSOLUTE (.))
                0x0000000000008db0                PROVIDE (__flash_rodata_start, LOADADDR (.rodata))

.rwdata         0x0000000000008ea4       0xdc load address 0x0000000000008f80
                0x0000000000008ea4                PROVIDE (__ram_rwdata_start, ABSOLUTE (.))
                0x0000000000008ea4                . = ALIGN (0x4)
 *(.got.plt)
 *(.got)
 *(.data1)
 *(.data .data.* .gnu.linkonce.d.*)
 .data          0x0000000000008ea4        0x0 ../audio_soc_bsp//obj/HAL/src/crt0.o
 .data          0x0000000000008ea4        0x0 obj/default/hello_world_small.o
 .data          0x0000000000008ea4        0x0 c:/intelfpga_lite/18.1/nios2eds/bin/gnu/h-x86_64-mingw32/bin/../lib/gcc/nios2-elf/5.3.0/mno-hw-mul\libgcc.a(lib2-divmod.o)
 .data          0x0000000000008ea4        0x0 c:/intelfpga_lite/18.1/nios2eds/bin/gnu/h-x86_64-mingw32/bin/../lib/gcc/nios2-elf/5.3.0/mno-hw-mul\libgcc.a(lib2-mul.o)
 .data          0x0000000000008ea4        0x0 ../audio_soc_bsp/\libhal_bsp.a(alt_irq_register.o)
 .data          0x0000000000008ea4        0x0 ../audio_soc_bsp/\libhal_bsp.a(alt_irq_vars.o)
 .data          0x0000000000008ea4        0x0 ../audio_soc_bsp/\libhal_bsp.a(alt_load.o)
 .data          0x0000000000008ea4        0x0 ../audio_soc_bsp/\libhal_bsp.a(alt_main.o)
 .data          0x0000000000008ea4        0x0 ../audio_soc_bsp/\libhal_bsp.a(alt_putstr.o)
 .data          0x0000000000008ea4        0x0 ../audio_soc_bsp/\libhal_bsp.a(alt_usleep.o)
 .data          0x0000000000008ea4       0x60 ../audio_soc_bsp/\libhal_bsp.a(alt_sys_init.o)
 .data          0x0000000000008f04        0x0 ../audio_soc_bsp/\libhal_bsp.a(altera_avalon_jtag_uart_write.o)
 .data          0x0000000000008f04        0x0 ../audio_soc_bsp/\libhal_bsp.a(alt_busy_sleep.o)
 .data          0x0000000000008f04        0x0 ../audio_soc_bsp/\libhal_bsp.a(alt_dcache_flush_all.o)
 .data          0x0000000000008f04       0x58 ../audio_soc_bsp/\libhal_bsp.a(alt_dev.o)
                0x0000000000008f04                alt_fd_list
                0x0000000000008f34                alt_dev_null
 .data          0x0000000000008f5c        0x0 ../audio_soc_bsp/\libhal_bsp.a(alt_dev_llist_insert.o)
 .data          0x0000000000008f5c        0x0 ../audio_soc_bsp/\libhal_bsp.a(alt_errno.o)
 .data          0x0000000000008f5c        0x0 ../audio_soc_bsp/\libhal_bsp.a(alt_icache_flush_all.o)
 .data          0x0000000000008f5c        0x0 ../audio_soc_bsp/\libhal_bsp.a(alt_irq_entry.o)
 .data          0x0000000000008f5c        0x0 ../audio_soc_bsp/\libhal_bsp.a(alt_irq_handler.o)
 .data          0x0000000000008f5c        0x0 ../audio_soc_bsp/\libhal_bsp.a(altera_nios2_gen2_irq.o)
 .data          0x0000000000008f5c        0x0 ../audio_soc_bsp/\libhal_bsp.a(alt_exception_entry.o)
 .data          0x0000000000008f5c        0x0 ../audio_soc_bsp/\libhal_bsp.a(alt_instruction_exception_entry.o)
 .data          0x0000000000008f5c        0x0 c:/intelfpga_lite/18.1/nios2eds/bin/gnu/h-x86_64-mingw32/bin/../lib/gcc/nios2-elf/5.3.0/../../../../../H-x86_64-mingw32/nios2-elf/lib/mno-hw-mul\libsmallc.a(lib_a-int_errno.o)
 .data          0x0000000000008f5c        0x0 c:/intelfpga_lite/18.1/nios2eds/bin/gnu/h-x86_64-mingw32/bin/../lib/gcc/nios2-elf/5.3.0/../../../../../H-x86_64-mingw32/nios2-elf/lib/mno-hw-mul\libsmallc.a(lib_a-strlen.o)
                0x0000000000010f5c                _gp = ABSOLUTE ((. + 0x8000))
                [!provide]                        PROVIDE (gp, _gp)
 *(.rwdata .rwdata.*)
 *(.sdata .sdata.* .gnu.linkonce.s.*)
 .sdata         0x0000000000008f5c        0x4 obj/default/hello_world_small.o
                0x0000000000008f5c                audio_ptr
 .sdata         0x0000000000008f60        0x4 ../audio_soc_bsp/\libhal_bsp.a(alt_irq_vars.o)
                0x0000000000008f60                alt_priority_mask
 .sdata         0x0000000000008f64        0x4 ../audio_soc_bsp/\libhal_bsp.a(alt_sys_init.o)
                0x0000000000008f64                JTAG_UART
 .sdata         0x0000000000008f68       0x14 ../audio_soc_bsp/\libhal_bsp.a(alt_dev.o)
                0x0000000000008f68                alt_max_fd
                0x0000000000008f6c                alt_dev_list
                0x0000000000008f74                alt_fs_list
 .sdata         0x0000000000008f7c        0x4 ../audio_soc_bsp/\libhal_bsp.a(alt_errno.o)
                0x0000000000008f7c                alt_errno
 *(.sdata2 .sdata2.* .gnu.linkonce.s2.*)
                0x0000000000008f80                . = ALIGN (0x4)
                0x0000000000008f80                _edata = ABSOLUTE (.)
                [!provide]                        PROVIDE (edata, ABSOLUTE (.))
                0x0000000000008f80                PROVIDE (__ram_rwdata_end, ABSOLUTE (.))
                0x0000000000008f80                PROVIDE (__flash_rwdata_start, LOADADDR (.rwdata))

.bss            0x000000000000905c      0x134
                0x000000000000905c                __bss_start = ABSOLUTE (.)
                [!provide]                        PROVIDE (__sbss_start, ABSOLUTE (.))
                [!provide]                        PROVIDE (___sbss_start, ABSOLUTE (.))
 *(.dynsbss)
 *(.sbss .sbss.* .gnu.linkonce.sb.*)
 .sbss          0x000000000000905c       0x19 obj/default/hello_world_small.o
                0x000000000000906c                current_filter
                0x000000000000906d                prev_song
                0x000000000000906e                next_song
                0x000000000000906f                print_state_flag
                0x0000000000009070                irq_block_ms
                0x0000000000009074                paused
 *fill*         0x0000000000009075        0x3 
 .sbss          0x0000000000009078        0x4 ../audio_soc_bsp/\libhal_bsp.a(alt_irq_vars.o)
                0x0000000000009078                alt_irq_active
 .sbss          0x000000000000907c        0xc ../audio_soc_bsp/\libhal_bsp.a(alt_main.o)
                0x000000000000907c                alt_envp
                0x0000000000009080                alt_argv
                0x0000000000009084                alt_argc
 .sbss          0x0000000000009088        0x4 ../audio_soc_bsp/\libhal_bsp.a(alt_instruction_exception_entry.o)
                0x0000000000009088                alt_instruction_exception_handler
 .sbss          0x000000000000908c        0x4 c:/intelfpga_lite/18.1/nios2eds/bin/gnu/h-x86_64-mingw32/bin/../lib/gcc/nios2-elf/5.3.0/../../../../../H-x86_64-mingw32/nios2-elf/lib/mno-hw-mul\libsmallc.a(lib_a-int_errno.o)
                0x000000000000908c                errno
 *(.sbss2 .sbss2.* .gnu.linkonce.sb2.*)
 *(.scommon)
                [!provide]                        PROVIDE (__sbss_end, ABSOLUTE (.))
                [!provide]                        PROVIDE (___sbss_end, ABSOLUTE (.))
 *(.dynbss)
 *(.bss .bss.* .gnu.linkonce.b.*)
 .bss           0x0000000000009090        0x0 ../audio_soc_bsp//obj/HAL/src/crt0.o
 .bss           0x0000000000009090        0x0 obj/default/hello_world_small.o
 .bss           0x0000000000009090        0x0 c:/intelfpga_lite/18.1/nios2eds/bin/gnu/h-x86_64-mingw32/bin/../lib/gcc/nios2-elf/5.3.0/mno-hw-mul\libgcc.a(lib2-divmod.o)
 .bss           0x0000000000009090        0x0 c:/intelfpga_lite/18.1/nios2eds/bin/gnu/h-x86_64-mingw32/bin/../lib/gcc/nios2-elf/5.3.0/mno-hw-mul\libgcc.a(lib2-mul.o)
 .bss           0x0000000000009090        0x0 ../audio_soc_bsp/\libhal_bsp.a(alt_irq_register.o)
 .bss           0x0000000000009090        0x0 ../audio_soc_bsp/\libhal_bsp.a(alt_irq_vars.o)
 .bss           0x0000000000009090        0x0 ../audio_soc_bsp/\libhal_bsp.a(alt_load.o)
 .bss           0x0000000000009090        0x0 ../audio_soc_bsp/\libhal_bsp.a(alt_main.o)
 .bss           0x0000000000009090        0x0 ../audio_soc_bsp/\libhal_bsp.a(alt_putstr.o)
 .bss           0x0000000000009090        0x0 ../audio_soc_bsp/\libhal_bsp.a(alt_usleep.o)
 .bss           0x0000000000009090        0x0 ../audio_soc_bsp/\libhal_bsp.a(alt_sys_init.o)
 .bss           0x0000000000009090        0x0 ../audio_soc_bsp/\libhal_bsp.a(altera_avalon_jtag_uart_write.o)
 .bss           0x0000000000009090        0x0 ../audio_soc_bsp/\libhal_bsp.a(alt_busy_sleep.o)
 .bss           0x0000000000009090        0x0 ../audio_soc_bsp/\libhal_bsp.a(alt_dcache_flush_all.o)
 .bss           0x0000000000009090        0x0 ../audio_soc_bsp/\libhal_bsp.a(alt_dev.o)
 .bss           0x0000000000009090        0x0 ../audio_soc_bsp/\libhal_bsp.a(alt_dev_llist_insert.o)
 .bss           0x0000000000009090        0x0 ../audio_soc_bsp/\libhal_bsp.a(alt_errno.o)
 .bss           0x0000000000009090        0x0 ../audio_soc_bsp/\libhal_bsp.a(alt_icache_flush_all.o)
 .bss           0x0000000000009090        0x0 ../audio_soc_bsp/\libhal_bsp.a(alt_irq_entry.o)
 .bss           0x0000000000009090        0x0 ../audio_soc_bsp/\libhal_bsp.a(alt_irq_handler.o)
 .bss           0x0000000000009090        0x0 ../audio_soc_bsp/\libhal_bsp.a(altera_nios2_gen2_irq.o)
 .bss           0x0000000000009090        0x0 ../audio_soc_bsp/\libhal_bsp.a(alt_exception_entry.o)
 .bss           0x0000000000009090        0x0 ../audio_soc_bsp/\libhal_bsp.a(alt_instruction_exception_entry.o)
 .bss           0x0000000000009090        0x0 c:/intelfpga_lite/18.1/nios2eds/bin/gnu/h-x86_64-mingw32/bin/../lib/gcc/nios2-elf/5.3.0/../../../../../H-x86_64-mingw32/nios2-elf/lib/mno-hw-mul\libsmallc.a(lib_a-int_errno.o)
 .bss           0x0000000000009090        0x0 c:/intelfpga_lite/18.1/nios2eds/bin/gnu/h-x86_64-mingw32/bin/../lib/gcc/nios2-elf/5.3.0/../../../../../H-x86_64-mingw32/nios2-elf/lib/mno-hw-mul\libsmallc.a(lib_a-strlen.o)
 *(COMMON)
 COMMON         0x0000000000009090      0x100 ../audio_soc_bsp/\libhal_bsp.a(alt_irq_handler.o)
                0x0000000000009090                alt_irq
                0x0000000000009190                . = ALIGN (0x4)
                0x0000000000009190                __bss_end = ABSOLUTE (.)

.RAM            0x0000000000009190        0x0
                [!provide]                        PROVIDE (_alt_partition_RAM_start, ABSOLUTE (.))
 *(.RAM .RAM. RAM.*)
                0x0000000000009190                . = ALIGN (0x4)
                [!provide]                        PROVIDE (_alt_partition_RAM_end, ABSOLUTE (.))
                0x0000000000009190                _end = ABSOLUTE (.)
                0x0000000000009190                end = ABSOLUTE (.)
                0x0000000000009190                __alt_stack_base = ABSOLUTE (.)
                [!provide]                        PROVIDE (_alt_partition_RAM_load_addr, LOADADDR (.RAM))

.stab
 *(.stab)

.stabstr
 *(.stabstr)

.stab.excl
 *(.stab.excl)

.stab.exclstr
 *(.stab.exclstr)

.stab.index
 *(.stab.index)

.stab.indexstr
 *(.stab.indexstr)

.comment        0x0000000000000000       0x23
 *(.comment)
 .comment       0x0000000000000000       0x23 obj/default/hello_world_small.o
                                         0x24 (size before relaxing)
 .comment       0x0000000000000023       0x24 c:/intelfpga_lite/18.1/nios2eds/bin/gnu/h-x86_64-mingw32/bin/../lib/gcc/nios2-elf/5.3.0/mno-hw-mul\libgcc.a(lib2-divmod.o)
 .comment       0x0000000000000023       0x24 c:/intelfpga_lite/18.1/nios2eds/bin/gnu/h-x86_64-mingw32/bin/../lib/gcc/nios2-elf/5.3.0/mno-hw-mul\libgcc.a(lib2-mul.o)
 .comment       0x0000000000000023       0x24 ../audio_soc_bsp/\libhal_bsp.a(alt_irq_register.o)
 .comment       0x0000000000000023       0x24 ../audio_soc_bsp/\libhal_bsp.a(alt_irq_vars.o)
 .comment       0x0000000000000023       0x24 ../audio_soc_bsp/\libhal_bsp.a(alt_load.o)
 .comment       0x0000000000000023       0x24 ../audio_soc_bsp/\libhal_bsp.a(alt_main.o)
 .comment       0x0000000000000023       0x24 ../audio_soc_bsp/\libhal_bsp.a(alt_putstr.o)
 .comment       0x0000000000000023       0x24 ../audio_soc_bsp/\libhal_bsp.a(alt_usleep.o)
 .comment       0x0000000000000023       0x24 ../audio_soc_bsp/\libhal_bsp.a(alt_sys_init.o)
 .comment       0x0000000000000023       0x24 ../audio_soc_bsp/\libhal_bsp.a(altera_avalon_jtag_uart_write.o)
 .comment       0x0000000000000023       0x24 ../audio_soc_bsp/\libhal_bsp.a(alt_busy_sleep.o)
 .comment       0x0000000000000023       0x24 ../audio_soc_bsp/\libhal_bsp.a(alt_dcache_flush_all.o)
 .comment       0x0000000000000023       0x24 ../audio_soc_bsp/\libhal_bsp.a(alt_dev.o)
 .comment       0x0000000000000023       0x24 ../audio_soc_bsp/\libhal_bsp.a(alt_dev_llist_insert.o)
 .comment       0x0000000000000023       0x24 ../audio_soc_bsp/\libhal_bsp.a(alt_errno.o)
 .comment       0x0000000000000023       0x24 ../audio_soc_bsp/\libhal_bsp.a(alt_icache_flush_all.o)
 .comment       0x0000000000000023       0x24 ../audio_soc_bsp/\libhal_bsp.a(alt_irq_handler.o)
 .comment       0x0000000000000023       0x24 ../audio_soc_bsp/\libhal_bsp.a(altera_nios2_gen2_irq.o)
 .comment       0x0000000000000023       0x24 ../audio_soc_bsp/\libhal_bsp.a(alt_instruction_exception_entry.o)
 .comment       0x0000000000000023       0x24 c:/intelfpga_lite/18.1/nios2eds/bin/gnu/h-x86_64-mingw32/bin/../lib/gcc/nios2-elf/5.3.0/../../../../../H-x86_64-mingw32/nios2-elf/lib/mno-hw-mul\libsmallc.a(lib_a-int_errno.o)
 .comment       0x0000000000000023       0x24 c:/intelfpga_lite/18.1/nios2eds/bin/gnu/h-x86_64-mingw32/bin/../lib/gcc/nios2-elf/5.3.0/../../../../../H-x86_64-mingw32/nios2-elf/lib/mno-hw-mul\libsmallc.a(lib_a-strlen.o)

.debug
 *(.debug)

.line
 *(.line)

.debug_srcinfo
 *(.debug_srcinfo)

.debug_sfnames
 *(.debug_sfnames)

.debug_aranges  0x0000000000000000      0x348
 *(.debug_aranges)
 .debug_aranges
                0x0000000000000000       0x28 ../audio_soc_bsp//obj/HAL/src/crt0.o
 .debug_aranges
                0x0000000000000028       0x28 obj/default/hello_world_small.o
 .debug_aranges
                0x0000000000000050       0x20 c:/intelfpga_lite/18.1/nios2eds/bin/gnu/h-x86_64-mingw32/bin/../lib/gcc/nios2-elf/5.3.0/mno-hw-mul\libgcc.a(lib2-divmod.o)
 .debug_aranges
                0x0000000000000070       0x20 c:/intelfpga_lite/18.1/nios2eds/bin/gnu/h-x86_64-mingw32/bin/../lib/gcc/nios2-elf/5.3.0/mno-hw-mul\libgcc.a(lib2-mul.o)
 .debug_aranges
                0x0000000000000090       0x20 ../audio_soc_bsp/\libhal_bsp.a(alt_irq_register.o)
 .debug_aranges
                0x00000000000000b0       0x18 ../audio_soc_bsp/\libhal_bsp.a(alt_irq_vars.o)
 .debug_aranges
                0x00000000000000c8       0x20 ../audio_soc_bsp/\libhal_bsp.a(alt_load.o)
 .debug_aranges
                0x00000000000000e8       0x20 ../audio_soc_bsp/\libhal_bsp.a(alt_main.o)
 .debug_aranges
                0x0000000000000108       0x20 ../audio_soc_bsp/\libhal_bsp.a(alt_putstr.o)
 .debug_aranges
                0x0000000000000128       0x20 ../audio_soc_bsp/\libhal_bsp.a(alt_usleep.o)
 .debug_aranges
                0x0000000000000148       0x20 ../audio_soc_bsp/\libhal_bsp.a(alt_sys_init.o)
 .debug_aranges
                0x0000000000000168       0x20 ../audio_soc_bsp/\libhal_bsp.a(altera_avalon_jtag_uart_write.o)
 .debug_aranges
                0x0000000000000188       0x20 ../audio_soc_bsp/\libhal_bsp.a(alt_busy_sleep.o)
 .debug_aranges
                0x00000000000001a8       0x20 ../audio_soc_bsp/\libhal_bsp.a(alt_dcache_flush_all.o)
 .debug_aranges
                0x00000000000001c8       0x20 ../audio_soc_bsp/\libhal_bsp.a(alt_dev.o)
 .debug_aranges
                0x00000000000001e8       0x20 ../audio_soc_bsp/\libhal_bsp.a(alt_dev_llist_insert.o)
 .debug_aranges
                0x0000000000000208       0x18 ../audio_soc_bsp/\libhal_bsp.a(alt_errno.o)
 .debug_aranges
                0x0000000000000220       0x20 ../audio_soc_bsp/\libhal_bsp.a(alt_icache_flush_all.o)
 .debug_aranges
                0x0000000000000240       0x30 ../audio_soc_bsp/\libhal_bsp.a(alt_irq_entry.o)
 .debug_aranges
                0x0000000000000270       0x20 ../audio_soc_bsp/\libhal_bsp.a(alt_irq_handler.o)
 .debug_aranges
                0x0000000000000290       0x20 ../audio_soc_bsp/\libhal_bsp.a(altera_nios2_gen2_irq.o)
 .debug_aranges
                0x00000000000002b0       0x38 ../audio_soc_bsp/\libhal_bsp.a(alt_exception_entry.o)
 .debug_aranges
                0x00000000000002e8       0x28 ../audio_soc_bsp/\libhal_bsp.a(alt_instruction_exception_entry.o)
 .debug_aranges
                0x0000000000000310       0x18 c:/intelfpga_lite/18.1/nios2eds/bin/gnu/h-x86_64-mingw32/bin/../lib/gcc/nios2-elf/5.3.0/../../../../../H-x86_64-mingw32/nios2-elf/lib/mno-hw-mul\libsmallc.a(lib_a-int_errno.o)
 .debug_aranges
                0x0000000000000328       0x20 c:/intelfpga_lite/18.1/nios2eds/bin/gnu/h-x86_64-mingw32/bin/../lib/gcc/nios2-elf/5.3.0/../../../../../H-x86_64-mingw32/nios2-elf/lib/mno-hw-mul\libsmallc.a(lib_a-strlen.o)

.debug_pubnames
 *(.debug_pubnames)

.debug_info     0x0000000000000000     0x2a6a
 *(.debug_info .gnu.linkonce.wi.*)
 .debug_info    0x0000000000000000       0x53 ../audio_soc_bsp//obj/HAL/src/crt0.o
 .debug_info    0x0000000000000053      0x765 obj/default/hello_world_small.o
 .debug_info    0x00000000000007b8      0x2c6 c:/intelfpga_lite/18.1/nios2eds/bin/gnu/h-x86_64-mingw32/bin/../lib/gcc/nios2-elf/5.3.0/mno-hw-mul\libgcc.a(lib2-divmod.o)
 .debug_info    0x0000000000000a7e       0xb4 c:/intelfpga_lite/18.1/nios2eds/bin/gnu/h-x86_64-mingw32/bin/../lib/gcc/nios2-elf/5.3.0/mno-hw-mul\libgcc.a(lib2-mul.o)
 .debug_info    0x0000000000000b32      0x30d ../audio_soc_bsp/\libhal_bsp.a(alt_irq_register.o)
 .debug_info    0x0000000000000e3f       0x88 ../audio_soc_bsp/\libhal_bsp.a(alt_irq_vars.o)
 .debug_info    0x0000000000000ec7      0x1c9 ../audio_soc_bsp/\libhal_bsp.a(alt_load.o)
 .debug_info    0x0000000000001090      0x18f ../audio_soc_bsp/\libhal_bsp.a(alt_main.o)
 .debug_info    0x000000000000121f      0x13a ../audio_soc_bsp/\libhal_bsp.a(alt_putstr.o)
 .debug_info    0x0000000000001359       0xd1 ../audio_soc_bsp/\libhal_bsp.a(alt_usleep.o)
 .debug_info    0x000000000000142a      0x53b ../audio_soc_bsp/\libhal_bsp.a(alt_sys_init.o)
 .debug_info    0x0000000000001965      0x1ad ../audio_soc_bsp/\libhal_bsp.a(altera_avalon_jtag_uart_write.o)
 .debug_info    0x0000000000001b12       0xd8 ../audio_soc_bsp/\libhal_bsp.a(alt_busy_sleep.o)
 .debug_info    0x0000000000001bea       0x92 ../audio_soc_bsp/\libhal_bsp.a(alt_dcache_flush_all.o)
 .debug_info    0x0000000000001c7c      0x499 ../audio_soc_bsp/\libhal_bsp.a(alt_dev.o)
 .debug_info    0x0000000000002115      0x1b3 ../audio_soc_bsp/\libhal_bsp.a(alt_dev_llist_insert.o)
 .debug_info    0x00000000000022c8       0xa6 ../audio_soc_bsp/\libhal_bsp.a(alt_errno.o)
 .debug_info    0x000000000000236e       0x92 ../audio_soc_bsp/\libhal_bsp.a(alt_icache_flush_all.o)
 .debug_info    0x0000000000002400       0x5c ../audio_soc_bsp/\libhal_bsp.a(alt_irq_entry.o)
 .debug_info    0x000000000000245c      0x1a4 ../audio_soc_bsp/\libhal_bsp.a(alt_irq_handler.o)
 .debug_info    0x0000000000002600       0xb8 ../audio_soc_bsp/\libhal_bsp.a(altera_nios2_gen2_irq.o)
 .debug_info    0x00000000000026b8       0x62 ../audio_soc_bsp/\libhal_bsp.a(alt_exception_entry.o)
 .debug_info    0x000000000000271a      0x1fd ../audio_soc_bsp/\libhal_bsp.a(alt_instruction_exception_entry.o)
 .debug_info    0x0000000000002917       0x8a c:/intelfpga_lite/18.1/nios2eds/bin/gnu/h-x86_64-mingw32/bin/../lib/gcc/nios2-elf/5.3.0/../../../../../H-x86_64-mingw32/nios2-elf/lib/mno-hw-mul\libsmallc.a(lib_a-int_errno.o)
 .debug_info    0x00000000000029a1       0xc9 c:/intelfpga_lite/18.1/nios2eds/bin/gnu/h-x86_64-mingw32/bin/../lib/gcc/nios2-elf/5.3.0/../../../../../H-x86_64-mingw32/nios2-elf/lib/mno-hw-mul\libsmallc.a(lib_a-strlen.o)

.debug_abbrev   0x0000000000000000     0x12d1
 *(.debug_abbrev)
 .debug_abbrev  0x0000000000000000       0x12 ../audio_soc_bsp//obj/HAL/src/crt0.o
 .debug_abbrev  0x0000000000000012      0x2b9 obj/default/hello_world_small.o
 .debug_abbrev  0x00000000000002cb      0x10e c:/intelfpga_lite/18.1/nios2eds/bin/gnu/h-x86_64-mingw32/bin/../lib/gcc/nios2-elf/5.3.0/mno-hw-mul\libgcc.a(lib2-divmod.o)
 .debug_abbrev  0x00000000000003d9       0x6f c:/intelfpga_lite/18.1/nios2eds/bin/gnu/h-x86_64-mingw32/bin/../lib/gcc/nios2-elf/5.3.0/mno-hw-mul\libgcc.a(lib2-mul.o)
 .debug_abbrev  0x0000000000000448      0x1a5 ../audio_soc_bsp/\libhal_bsp.a(alt_irq_register.o)
 .debug_abbrev  0x00000000000005ed       0x40 ../audio_soc_bsp/\libhal_bsp.a(alt_irq_vars.o)
 .debug_abbrev  0x000000000000062d       0xd8 ../audio_soc_bsp/\libhal_bsp.a(alt_load.o)
 .debug_abbrev  0x0000000000000705       0xf5 ../audio_soc_bsp/\libhal_bsp.a(alt_main.o)
 .debug_abbrev  0x00000000000007fa       0xd3 ../audio_soc_bsp/\libhal_bsp.a(alt_putstr.o)
 .debug_abbrev  0x00000000000008cd       0x8d ../audio_soc_bsp/\libhal_bsp.a(alt_usleep.o)
 .debug_abbrev  0x000000000000095a      0x1e2 ../audio_soc_bsp/\libhal_bsp.a(alt_sys_init.o)
 .debug_abbrev  0x0000000000000b3c       0xd5 ../audio_soc_bsp/\libhal_bsp.a(altera_avalon_jtag_uart_write.o)
 .debug_abbrev  0x0000000000000c11       0x8d ../audio_soc_bsp/\libhal_bsp.a(alt_busy_sleep.o)
 .debug_abbrev  0x0000000000000c9e       0x42 ../audio_soc_bsp/\libhal_bsp.a(alt_dcache_flush_all.o)
 .debug_abbrev  0x0000000000000ce0       0xd9 ../audio_soc_bsp/\libhal_bsp.a(alt_dev.o)
 .debug_abbrev  0x0000000000000db9      0x11c ../audio_soc_bsp/\libhal_bsp.a(alt_dev_llist_insert.o)
 .debug_abbrev  0x0000000000000ed5       0x5a ../audio_soc_bsp/\libhal_bsp.a(alt_errno.o)
 .debug_abbrev  0x0000000000000f2f       0x42 ../audio_soc_bsp/\libhal_bsp.a(alt_icache_flush_all.o)
 .debug_abbrev  0x0000000000000f71       0x12 ../audio_soc_bsp/\libhal_bsp.a(alt_irq_entry.o)
 .debug_abbrev  0x0000000000000f83      0x138 ../audio_soc_bsp/\libhal_bsp.a(alt_irq_handler.o)
 .debug_abbrev  0x00000000000010bb       0x67 ../audio_soc_bsp/\libhal_bsp.a(altera_nios2_gen2_irq.o)
 .debug_abbrev  0x0000000000001122       0x12 ../audio_soc_bsp/\libhal_bsp.a(alt_exception_entry.o)
 .debug_abbrev  0x0000000000001134       0xe7 ../audio_soc_bsp/\libhal_bsp.a(alt_instruction_exception_entry.o)
 .debug_abbrev  0x000000000000121b       0x37 c:/intelfpga_lite/18.1/nios2eds/bin/gnu/h-x86_64-mingw32/bin/../lib/gcc/nios2-elf/5.3.0/../../../../../H-x86_64-mingw32/nios2-elf/lib/mno-hw-mul\libsmallc.a(lib_a-int_errno.o)
 .debug_abbrev  0x0000000000001252       0x7f c:/intelfpga_lite/18.1/nios2eds/bin/gnu/h-x86_64-mingw32/bin/../lib/gcc/nios2-elf/5.3.0/../../../../../H-x86_64-mingw32/nios2-elf/lib/mno-hw-mul\libsmallc.a(lib_a-strlen.o)

.debug_line     0x0000000000000000     0x142f
 *(.debug_line)
 .debug_line    0x0000000000000000       0x66 ../audio_soc_bsp//obj/HAL/src/crt0.o
 .debug_line    0x0000000000000066      0x30b obj/default/hello_world_small.o
 .debug_line    0x0000000000000371      0x105 c:/intelfpga_lite/18.1/nios2eds/bin/gnu/h-x86_64-mingw32/bin/../lib/gcc/nios2-elf/5.3.0/mno-hw-mul\libgcc.a(lib2-divmod.o)
 .debug_line    0x0000000000000476       0x80 c:/intelfpga_lite/18.1/nios2eds/bin/gnu/h-x86_64-mingw32/bin/../lib/gcc/nios2-elf/5.3.0/mno-hw-mul\libgcc.a(lib2-mul.o)
 .debug_line    0x00000000000004f6       0xed ../audio_soc_bsp/\libhal_bsp.a(alt_irq_register.o)
 .debug_line    0x00000000000005e3       0x50 ../audio_soc_bsp/\libhal_bsp.a(alt_irq_vars.o)
 .debug_line    0x0000000000000633       0xa4 ../audio_soc_bsp/\libhal_bsp.a(alt_load.o)
 .debug_line    0x00000000000006d7       0xea ../audio_soc_bsp/\libhal_bsp.a(alt_main.o)
 .debug_line    0x00000000000007c1       0xa0 ../audio_soc_bsp/\libhal_bsp.a(alt_putstr.o)
 .debug_line    0x0000000000000861       0xcf ../audio_soc_bsp/\libhal_bsp.a(alt_usleep.o)
 .debug_line    0x0000000000000930      0x19f ../audio_soc_bsp/\libhal_bsp.a(alt_sys_init.o)
 .debug_line    0x0000000000000acf      0x104 ../audio_soc_bsp/\libhal_bsp.a(altera_avalon_jtag_uart_write.o)
 .debug_line    0x0000000000000bd3       0xb5 ../audio_soc_bsp/\libhal_bsp.a(alt_busy_sleep.o)
 .debug_line    0x0000000000000c88       0x4e ../audio_soc_bsp/\libhal_bsp.a(alt_dcache_flush_all.o)
 .debug_line    0x0000000000000cd6       0xf6 ../audio_soc_bsp/\libhal_bsp.a(alt_dev.o)
 .debug_line    0x0000000000000dcc       0xd8 ../audio_soc_bsp/\libhal_bsp.a(alt_dev_llist_insert.o)
 .debug_line    0x0000000000000ea4       0x51 ../audio_soc_bsp/\libhal_bsp.a(alt_errno.o)
 .debug_line    0x0000000000000ef5       0x4e ../audio_soc_bsp/\libhal_bsp.a(alt_icache_flush_all.o)
 .debug_line    0x0000000000000f43       0x6b ../audio_soc_bsp/\libhal_bsp.a(alt_irq_entry.o)
 .debug_line    0x0000000000000fae       0xc8 ../audio_soc_bsp/\libhal_bsp.a(alt_irq_handler.o)
 .debug_line    0x0000000000001076       0x8c ../audio_soc_bsp/\libhal_bsp.a(altera_nios2_gen2_irq.o)
 .debug_line    0x0000000000001102       0xb3 ../audio_soc_bsp/\libhal_bsp.a(alt_exception_entry.o)
 .debug_line    0x00000000000011b5       0xbf ../audio_soc_bsp/\libhal_bsp.a(alt_instruction_exception_entry.o)
 .debug_line    0x0000000000001274       0x5f c:/intelfpga_lite/18.1/nios2eds/bin/gnu/h-x86_64-mingw32/bin/../lib/gcc/nios2-elf/5.3.0/../../../../../H-x86_64-mingw32/nios2-elf/lib/mno-hw-mul\libsmallc.a(lib_a-int_errno.o)
 .debug_line    0x00000000000012d3      0x15c c:/intelfpga_lite/18.1/nios2eds/bin/gnu/h-x86_64-mingw32/bin/../lib/gcc/nios2-elf/5.3.0/../../../../../H-x86_64-mingw32/nios2-elf/lib/mno-hw-mul\libsmallc.a(lib_a-strlen.o)

.debug_frame    0x0000000000000000      0x3dc
 *(.debug_frame)
 .debug_frame   0x0000000000000000       0xd4 obj/default/hello_world_small.o
 .debug_frame   0x00000000000000d4       0x50 c:/intelfpga_lite/18.1/nios2eds/bin/gnu/h-x86_64-mingw32/bin/../lib/gcc/nios2-elf/5.3.0/mno-hw-mul\libgcc.a(lib2-divmod.o)
 .debug_frame   0x0000000000000124       0x20 c:/intelfpga_lite/18.1/nios2eds/bin/gnu/h-x86_64-mingw32/bin/../lib/gcc/nios2-elf/5.3.0/mno-hw-mul\libgcc.a(lib2-mul.o)
 .debug_frame   0x0000000000000144       0x20 ../audio_soc_bsp/\libhal_bsp.a(alt_irq_register.o)
 .debug_frame   0x0000000000000164       0x30 ../audio_soc_bsp/\libhal_bsp.a(alt_load.o)
 .debug_frame   0x0000000000000194       0x2c ../audio_soc_bsp/\libhal_bsp.a(alt_main.o)
 .debug_frame   0x00000000000001c0       0x30 ../audio_soc_bsp/\libhal_bsp.a(alt_putstr.o)
 .debug_frame   0x00000000000001f0       0x20 ../audio_soc_bsp/\libhal_bsp.a(alt_usleep.o)
 .debug_frame   0x0000000000000210       0x4c ../audio_soc_bsp/\libhal_bsp.a(alt_sys_init.o)
 .debug_frame   0x000000000000025c       0x20 ../audio_soc_bsp/\libhal_bsp.a(altera_avalon_jtag_uart_write.o)
 .debug_frame   0x000000000000027c       0x30 ../audio_soc_bsp/\libhal_bsp.a(alt_busy_sleep.o)
 .debug_frame   0x00000000000002ac       0x20 ../audio_soc_bsp/\libhal_bsp.a(alt_dcache_flush_all.o)
 .debug_frame   0x00000000000002cc       0x20 ../audio_soc_bsp/\libhal_bsp.a(alt_dev.o)
 .debug_frame   0x00000000000002ec       0x2c ../audio_soc_bsp/\libhal_bsp.a(alt_dev_llist_insert.o)
 .debug_frame   0x0000000000000318       0x20 ../audio_soc_bsp/\libhal_bsp.a(alt_icache_flush_all.o)
 .debug_frame   0x0000000000000338       0x34 ../audio_soc_bsp/\libhal_bsp.a(alt_irq_handler.o)
 .debug_frame   0x000000000000036c       0x20 ../audio_soc_bsp/\libhal_bsp.a(altera_nios2_gen2_irq.o)
 .debug_frame   0x000000000000038c       0x30 ../audio_soc_bsp/\libhal_bsp.a(alt_instruction_exception_entry.o)
 .debug_frame   0x00000000000003bc       0x20 c:/intelfpga_lite/18.1/nios2eds/bin/gnu/h-x86_64-mingw32/bin/../lib/gcc/nios2-elf/5.3.0/../../../../../H-x86_64-mingw32/nios2-elf/lib/mno-hw-mul\libsmallc.a(lib_a-strlen.o)

.debug_str      0x0000000000000000     0x1299
 *(.debug_str)
 .debug_str     0x0000000000000000      0x276 obj/default/hello_world_small.o
                                        0x2ef (size before relaxing)
 .debug_str     0x0000000000000276      0x187 c:/intelfpga_lite/18.1/nios2eds/bin/gnu/h-x86_64-mingw32/bin/../lib/gcc/nios2-elf/5.3.0/mno-hw-mul\libgcc.a(lib2-divmod.o)
                                        0x1d2 (size before relaxing)
 .debug_str     0x00000000000003fd       0x40 c:/intelfpga_lite/18.1/nios2eds/bin/gnu/h-x86_64-mingw32/bin/../lib/gcc/nios2-elf/5.3.0/mno-hw-mul\libgcc.a(lib2-mul.o)
                                        0x193 (size before relaxing)
 .debug_str     0x000000000000043d       0xbc ../audio_soc_bsp/\libhal_bsp.a(alt_irq_register.o)
                                        0x1ed (size before relaxing)
 .debug_str     0x00000000000004f9       0x17 ../audio_soc_bsp/\libhal_bsp.a(alt_irq_vars.o)
                                        0x11f (size before relaxing)
 .debug_str     0x0000000000000510      0x113 ../audio_soc_bsp/\libhal_bsp.a(alt_load.o)
                                        0x221 (size before relaxing)
 .debug_str     0x0000000000000623       0x8f ../audio_soc_bsp/\libhal_bsp.a(alt_main.o)
                                        0x1c3 (size before relaxing)
 .debug_str     0x00000000000006b2       0x64 ../audio_soc_bsp/\libhal_bsp.a(alt_putstr.o)
                                        0x175 (size before relaxing)
 .debug_str     0x0000000000000716       0x2f ../audio_soc_bsp/\libhal_bsp.a(alt_usleep.o)
                                        0x13c (size before relaxing)
 .debug_str     0x0000000000000745      0x237 ../audio_soc_bsp/\libhal_bsp.a(alt_sys_init.o)
                                        0x3f6 (size before relaxing)
 .debug_str     0x000000000000097c       0x32 ../audio_soc_bsp/\libhal_bsp.a(altera_avalon_jtag_uart_write.o)
                                        0x21b (size before relaxing)
 .debug_str     0x00000000000009ae       0x33 ../audio_soc_bsp/\libhal_bsp.a(alt_busy_sleep.o)
                                        0x150 (size before relaxing)
 .debug_str     0x00000000000009e1       0x1f ../audio_soc_bsp/\libhal_bsp.a(alt_dcache_flush_all.o)
                                        0x13a (size before relaxing)
 .debug_str     0x0000000000000a00      0x12c ../audio_soc_bsp/\libhal_bsp.a(alt_dev.o)
                                        0x2ea (size before relaxing)
 .debug_str     0x0000000000000b2c       0x48 ../audio_soc_bsp/\libhal_bsp.a(alt_dev_llist_insert.o)
                                        0x1b1 (size before relaxing)
 .debug_str     0x0000000000000b74       0x14 ../audio_soc_bsp/\libhal_bsp.a(alt_errno.o)
                                        0x12a (size before relaxing)
 .debug_str     0x0000000000000b88       0x1f ../audio_soc_bsp/\libhal_bsp.a(alt_icache_flush_all.o)
                                        0x13a (size before relaxing)
 .debug_str     0x0000000000000ba7       0x3a ../audio_soc_bsp/\libhal_bsp.a(alt_irq_handler.o)
                                        0x19d (size before relaxing)
 .debug_str     0x0000000000000be1       0x20 ../audio_soc_bsp/\libhal_bsp.a(altera_nios2_gen2_irq.o)
                                        0x16a (size before relaxing)
 .debug_str     0x0000000000000c01      0x48b ../audio_soc_bsp/\libhal_bsp.a(alt_instruction_exception_entry.o)
                                        0x585 (size before relaxing)
 .debug_str     0x000000000000108c      0x134 c:/intelfpga_lite/18.1/nios2eds/bin/gnu/h-x86_64-mingw32/bin/../lib/gcc/nios2-elf/5.3.0/../../../../../H-x86_64-mingw32/nios2-elf/lib/mno-hw-mul\libsmallc.a(lib_a-int_errno.o)
                                        0x1d8 (size before relaxing)
 .debug_str     0x00000000000011c0       0xd9 c:/intelfpga_lite/18.1/nios2eds/bin/gnu/h-x86_64-mingw32/bin/../lib/gcc/nios2-elf/5.3.0/../../../../../H-x86_64-mingw32/nios2-elf/lib/mno-hw-mul\libsmallc.a(lib_a-strlen.o)
                                        0x1e5 (size before relaxing)

.debug_loc      0x0000000000000000      0xc56
 *(.debug_loc)
 .debug_loc     0x0000000000000000      0x305 obj/default/hello_world_small.o
 .debug_loc     0x0000000000000305      0x4ce c:/intelfpga_lite/18.1/nios2eds/bin/gnu/h-x86_64-mingw32/bin/../lib/gcc/nios2-elf/5.3.0/mno-hw-mul\libgcc.a(lib2-divmod.o)
 .debug_loc     0x00000000000007d3       0x93 c:/intelfpga_lite/18.1/nios2eds/bin/gnu/h-x86_64-mingw32/bin/../lib/gcc/nios2-elf/5.3.0/mno-hw-mul\libgcc.a(lib2-mul.o)
 .debug_loc     0x0000000000000866       0xfa ../audio_soc_bsp/\libhal_bsp.a(alt_irq_register.o)
 .debug_loc     0x0000000000000960       0x37 ../audio_soc_bsp/\libhal_bsp.a(alt_putstr.o)
 .debug_loc     0x0000000000000997       0x21 ../audio_soc_bsp/\libhal_bsp.a(alt_usleep.o)
 .debug_loc     0x00000000000009b8       0x39 ../audio_soc_bsp/\libhal_bsp.a(alt_sys_init.o)
 .debug_loc     0x00000000000009f1       0x8b ../audio_soc_bsp/\libhal_bsp.a(altera_avalon_jtag_uart_write.o)
 .debug_loc     0x0000000000000a7c       0x67 ../audio_soc_bsp/\libhal_bsp.a(alt_busy_sleep.o)
 .debug_loc     0x0000000000000ae3       0x7e ../audio_soc_bsp/\libhal_bsp.a(alt_dev_llist_insert.o)
 .debug_loc     0x0000000000000b61       0x72 ../audio_soc_bsp/\libhal_bsp.a(alt_irq_handler.o)
 .debug_loc     0x0000000000000bd3       0x65 ../audio_soc_bsp/\libhal_bsp.a(alt_instruction_exception_entry.o)
 .debug_loc     0x0000000000000c38       0x1e c:/intelfpga_lite/18.1/nios2eds/bin/gnu/h-x86_64-mingw32/bin/../lib/gcc/nios2-elf/5.3.0/../../../../../H-x86_64-mingw32/nios2-elf/lib/mno-hw-mul\libsmallc.a(lib_a-strlen.o)

.debug_macinfo
 *(.debug_macinfo)

.debug_weaknames
 *(.debug_weaknames)

.debug_funcnames
 *(.debug_funcnames)

.debug_typenames
 *(.debug_typenames)

.debug_varnames
 *(.debug_varnames)

.debug_alt_sim_info
                0x0000000000000000       0x40
 *(.debug_alt_sim_info)
 .debug_alt_sim_info
                0x0000000000000000       0x10 ../audio_soc_bsp//obj/HAL/src/crt0.o
 .debug_alt_sim_info
                0x0000000000000010       0x30 ../audio_soc_bsp/\libhal_bsp.a(alt_busy_sleep.o)
                0x0000000000010000                __alt_data_end = 0x10000
                0x0000000000010000                PROVIDE (__alt_stack_pointer, __alt_data_end)
                [!provide]                        PROVIDE (__alt_stack_limit, __alt_stack_base)
                [!provide]                        PROVIDE (__alt_heap_start, end)
                [!provide]                        PROVIDE (__alt_heap_limit, 0x10000)
OUTPUT(audio_soc.elf elf32-littlenios2)

.debug_ranges   0x0000000000000000      0x1f8
 .debug_ranges  0x0000000000000000       0x20 ../audio_soc_bsp//obj/HAL/src/crt0.o
 .debug_ranges  0x0000000000000020       0x50 obj/default/hello_world_small.o
 .debug_ranges  0x0000000000000070       0x60 c:/intelfpga_lite/18.1/nios2eds/bin/gnu/h-x86_64-mingw32/bin/../lib/gcc/nios2-elf/5.3.0/mno-hw-mul\libgcc.a(lib2-divmod.o)
 .debug_ranges  0x00000000000000d0       0x48 ../audio_soc_bsp/\libhal_bsp.a(alt_load.o)
 .debug_ranges  0x0000000000000118       0x30 ../audio_soc_bsp/\libhal_bsp.a(alt_sys_init.o)
 .debug_ranges  0x0000000000000148       0x20 ../audio_soc_bsp/\libhal_bsp.a(alt_dev_llist_insert.o)
 .debug_ranges  0x0000000000000168       0x28 ../audio_soc_bsp/\libhal_bsp.a(alt_irq_entry.o)
 .debug_ranges  0x0000000000000190       0x10 ../audio_soc_bsp/\libhal_bsp.a(alt_irq_handler.o)
 .debug_ranges  0x00000000000001a0       0x30 ../audio_soc_bsp/\libhal_bsp.a(alt_exception_entry.o)
 .debug_ranges  0x00000000000001d0       0x18 ../audio_soc_bsp/\libhal_bsp.a(alt_instruction_exception_entry.o)
 .debug_ranges  0x00000000000001e8       0x10 c:/intelfpga_lite/18.1/nios2eds/bin/gnu/h-x86_64-mingw32/bin/../lib/gcc/nios2-elf/5.3.0/../../../../../H-x86_64-mingw32/nios2-elf/lib/mno-hw-mul\libsmallc.a(lib_a-strlen.o)
