Archive member included to satisfy reference by file (symbol)

../Simulation_bsp/\libhal_bsp.a(alt_iic.o)
                              obj/default/hello_world_small.o (alt_ic_isr_register)
../Simulation_bsp/\libhal_bsp.a(alt_iic_isr_register.o)
                              ../Simulation_bsp/\libhal_bsp.a(alt_iic.o) (alt_iic_isr_register)
../Simulation_bsp/\libhal_bsp.a(alt_irq_entry.o)
                              ../Simulation_bsp/\libhal_bsp.a(alt_iic_isr_register.o) (alt_irq_entry)
../Simulation_bsp/\libhal_bsp.a(alt_irq_handler.o)
                              ../Simulation_bsp/\libhal_bsp.a(alt_iic_isr_register.o) (alt_irq_handler)
../Simulation_bsp/\libhal_bsp.a(alt_irq_vars.o)
                              ../Simulation_bsp/\libhal_bsp.a(alt_iic.o) (alt_irq_active)
../Simulation_bsp/\libhal_bsp.a(alt_load.o)
                              ../Simulation_bsp//obj/HAL/src/crt0.o (alt_load)
../Simulation_bsp/\libhal_bsp.a(alt_main.o)
                              ../Simulation_bsp//obj/HAL/src/crt0.o (alt_main)
../Simulation_bsp/\libhal_bsp.a(alt_printf.o)
                              obj/default/hello_world_small.o (alt_printf)
../Simulation_bsp/\libhal_bsp.a(alt_putchar.o)
                              ../Simulation_bsp/\libhal_bsp.a(alt_printf.o) (alt_putchar)
../Simulation_bsp/\libhal_bsp.a(alt_putstr.o)
                              obj/default/hello_world_small.o (alt_putstr)
../Simulation_bsp/\libhal_bsp.a(alt_usleep.o)
                              obj/default/hello_world_small.o (usleep)
../Simulation_bsp/\libhal_bsp.a(alt_sys_init.o)
                              ../Simulation_bsp/\libhal_bsp.a(alt_main.o) (alt_irq_init)
../Simulation_bsp/\libhal_bsp.a(altera_avalon_jtag_uart_write.o)
                              ../Simulation_bsp/\libhal_bsp.a(alt_putchar.o) (altera_avalon_jtag_uart_write)
../Simulation_bsp/\libhal_bsp.a(alt_busy_sleep.o)
                              ../Simulation_bsp/\libhal_bsp.a(alt_usleep.o) (alt_busy_sleep)
../Simulation_bsp/\libhal_bsp.a(alt_dcache_flush_all.o)
                              ../Simulation_bsp/\libhal_bsp.a(alt_load.o) (alt_dcache_flush_all)
../Simulation_bsp/\libhal_bsp.a(alt_exception_entry.o)
                              ../Simulation_bsp/\libhal_bsp.a(alt_irq_entry.o) (alt_exception)
../Simulation_bsp/\libhal_bsp.a(alt_icache_flush_all.o)
                              ../Simulation_bsp/\libhal_bsp.a(alt_load.o) (alt_icache_flush_all)
../Simulation_bsp/\libhal_bsp.a(alt_instruction_exception_entry.o)
                              ../Simulation_bsp/\libhal_bsp.a(alt_exception_entry.o) (alt_instruction_exception_entry)
../Simulation_bsp/\libhal_bsp.a(altera_nios2_gen2_irq.o)
                              ../Simulation_bsp/\libhal_bsp.a(alt_sys_init.o) (altera_nios2_gen2_irq_init)
c:/intelfpga_lite/18.1/nios2eds/bin/gnu/h-x86_64-mingw32/bin/../lib/gcc/nios2-elf/5.3.0/../../../../../H-x86_64-mingw32/nios2-elf/lib/mno-hw-mul\libsmallc.a(lib_a-strlen.o)
                              ../Simulation_bsp/\libhal_bsp.a(alt_putstr.o) (strlen)
c:/intelfpga_lite/18.1/nios2eds/bin/gnu/h-x86_64-mingw32/bin/../lib/gcc/nios2-elf/5.3.0/mno-hw-mul\libgcc.a(lib2-divmod.o)
                              ../Simulation_bsp/\libhal_bsp.a(alt_busy_sleep.o) (__udivsi3)
c:/intelfpga_lite/18.1/nios2eds/bin/gnu/h-x86_64-mingw32/bin/../lib/gcc/nios2-elf/5.3.0/mno-hw-mul\libgcc.a(lib2-mul.o)
                              ../Simulation_bsp/\libhal_bsp.a(alt_busy_sleep.o) (__mulsi3)

Allocating common symbols
Common symbol       size              file

alt_irq             0x100             ../Simulation_bsp/\libhal_bsp.a(alt_irq_handler.o)

Memory Configuration

Name             Origin             Length             Attributes
reset            0x0000000000002000 0x0000000000000020
RAM              0x0000000000002020 0x0000000000001fe0
*default*        0x0000000000000000 0xffffffffffffffff

Linker script and memory map

LOAD ../Simulation_bsp//obj/HAL/src/crt0.o
LOAD obj/default/hello_world_small.o
LOAD c:/intelfpga_lite/18.1/nios2eds/bin/gnu/h-x86_64-mingw32/bin/../lib/gcc/nios2-elf/5.3.0/../../../../../H-x86_64-mingw32/nios2-elf/lib/mno-hw-mul\libstdc++.a
LOAD c:/intelfpga_lite/18.1/nios2eds/bin/gnu/h-x86_64-mingw32/bin/../lib/gcc/nios2-elf/5.3.0/../../../../../H-x86_64-mingw32/nios2-elf/lib/mno-hw-mul\libm.a
LOAD c:/intelfpga_lite/18.1/nios2eds/bin/gnu/h-x86_64-mingw32/bin/../lib/gcc/nios2-elf/5.3.0/mno-hw-mul\libgcc.a
START GROUP
LOAD c:/intelfpga_lite/18.1/nios2eds/bin/gnu/h-x86_64-mingw32/bin/../lib/gcc/nios2-elf/5.3.0/../../../../../H-x86_64-mingw32/nios2-elf/lib/mno-hw-mul\libsmallc.a
LOAD c:/intelfpga_lite/18.1/nios2eds/bin/gnu/h-x86_64-mingw32/bin/../lib/gcc/nios2-elf/5.3.0/mno-hw-mul\libgcc.a
LOAD ../Simulation_bsp/\libhal_bsp.a
LOAD c:/intelfpga_lite/18.1/nios2eds/bin/gnu/h-x86_64-mingw32/bin/../lib/gcc/nios2-elf/5.3.0/../../../../../H-x86_64-mingw32/nios2-elf/lib/mno-hw-mul\libm.a
END GROUP
LOAD c:/intelfpga_lite/18.1/nios2eds/bin/gnu/h-x86_64-mingw32/bin/../lib/gcc/nios2-elf/5.3.0/mno-hw-mul\libgcc.a
                0x0000000000002000                __alt_mem_RAM = 0x2000

.entry          0x0000000000002000       0x20
 *(.entry)
 .entry         0x0000000000002000       0x20 ../Simulation_bsp//obj/HAL/src/crt0.o
                0x0000000000002000                __reset
                0x000000000000200c                _exit

.exceptions     0x0000000000002020      0x160
                0x0000000000002020                PROVIDE (__ram_exceptions_start, ABSOLUTE (.))
                0x0000000000002020                . = ALIGN (0x20)
 *(.irq)
 *(.exceptions.entry.label)
 .exceptions.entry.label
                0x0000000000002020        0x0 ../Simulation_bsp/\libhal_bsp.a(alt_irq_entry.o)
                0x0000000000002020                alt_irq_entry
 .exceptions.entry.label
                0x0000000000002020        0x0 ../Simulation_bsp/\libhal_bsp.a(alt_exception_entry.o)
                0x0000000000002020                alt_exception
 *(.exceptions.entry.user)
 *(.exceptions.entry.ecc_fatal)
 *(.exceptions.entry)
 .exceptions.entry
                0x0000000000002020       0x54 ../Simulation_bsp/\libhal_bsp.a(alt_exception_entry.o)
 *(.exceptions.irqtest.user)
 *(.exceptions.irqtest)
 .exceptions.irqtest
                0x0000000000002074       0x10 ../Simulation_bsp/\libhal_bsp.a(alt_irq_entry.o)
 *(.exceptions.irqhandler.user)
 *(.exceptions.irqhandler)
 .exceptions.irqhandler
                0x0000000000002084        0x4 ../Simulation_bsp/\libhal_bsp.a(alt_irq_entry.o)
 *(.exceptions.irqreturn.user)
 *(.exceptions.irqreturn)
 .exceptions.irqreturn
                0x0000000000002088        0x4 ../Simulation_bsp/\libhal_bsp.a(alt_irq_entry.o)
 *(.exceptions.notirq.label)
 .exceptions.notirq.label
                0x000000000000208c        0x0 ../Simulation_bsp/\libhal_bsp.a(alt_irq_entry.o)
 *(.exceptions.notirq.user)
 *(.exceptions.notirq)
 .exceptions.notirq
                0x000000000000208c        0x8 ../Simulation_bsp/\libhal_bsp.a(alt_exception_entry.o)
 *(.exceptions.soft.user)
 *(.exceptions.soft)
 *(.exceptions.unknown.user)
 *(.exceptions.unknown)
 .exceptions.unknown
                0x0000000000002094       0x14 ../Simulation_bsp/\libhal_bsp.a(alt_exception_entry.o)
 *(.exceptions.exit.label)
 .exceptions.exit.label
                0x00000000000020a8        0x0 ../Simulation_bsp/\libhal_bsp.a(alt_irq_entry.o)
 .exceptions.exit.label
                0x00000000000020a8        0x0 ../Simulation_bsp/\libhal_bsp.a(alt_exception_entry.o)
 *(.exceptions.exit.user)
 *(.exceptions.exit)
 .exceptions.exit
                0x00000000000020a8       0x54 ../Simulation_bsp/\libhal_bsp.a(alt_exception_entry.o)
 *(.exceptions)
 .exceptions    0x00000000000020fc       0x60 ../Simulation_bsp/\libhal_bsp.a(alt_irq_handler.o)
                0x00000000000020fc                alt_irq_handler
 .exceptions    0x000000000000215c       0x24 ../Simulation_bsp/\libhal_bsp.a(alt_instruction_exception_entry.o)
                0x000000000000215c                alt_instruction_exception_entry
                0x0000000000002180                PROVIDE (__ram_exceptions_end, ABSOLUTE (.))
                0x0000000000002020                PROVIDE (__flash_exceptions_start, LOADADDR (.exceptions))

.text           0x0000000000002180      0x848
                [!provide]                        PROVIDE (stext, ABSOLUTE (.))
 *(.interp)
 *(.hash)
 *(.dynsym)
 *(.dynstr)
 *(.gnu.version)
 *(.gnu.version_d)
 *(.gnu.version_r)
 *(.rel.init)
 *(.rela.init)
 *(.rel.text .rel.text.* .rel.gnu.linkonce.t.*)
 *(.rela.text .rela.text.* .rela.gnu.linkonce.t.*)
 *(.rel.fini)
 *(.rela.fini)
 *(.rel.rodata .rel.rodata.* .rel.gnu.linkonce.r.*)
 *(.rela.rodata .rela.rodata.* .rela.gnu.linkonce.r.*)
 *(.rel.data .rel.data.* .rel.gnu.linkonce.d.*)
 *(.rela.data .rela.data.* .rela.gnu.linkonce.d.*)
 *(.rel.tdata .rel.tdata.* .rel.gnu.linkonce.td.*)
 *(.rela.tdata .rela.tdata.* .rela.gnu.linkonce.td.*)
 *(.rel.tbss .rel.tbss.* .rel.gnu.linkonce.tb.*)
 *(.rela.tbss .rela.tbss.* .rela.gnu.linkonce.tb.*)
 *(.rel.ctors)
 *(.rela.ctors)
 *(.rel.dtors)
 *(.rela.dtors)
 *(.rel.got)
 *(.rela.got)
 *(.rel.sdata .rel.sdata.* .rel.gnu.linkonce.s.*)
 *(.rela.sdata .rela.sdata.* .rela.gnu.linkonce.s.*)
 *(.rel.sbss .rel.sbss.* .rel.gnu.linkonce.sb.*)
 *(.rela.sbss .rela.sbss.* .rela.gnu.linkonce.sb.*)
 *(.rel.sdata2 .rel.sdata2.* .rel.gnu.linkonce.s2.*)
 *(.rela.sdata2 .rela.sdata2.* .rela.gnu.linkonce.s2.*)
 *(.rel.sbss2 .rel.sbss2.* .rel.gnu.linkonce.sb2.*)
 *(.rela.sbss2 .rela.sbss2.* .rela.gnu.linkonce.sb2.*)
 *(.rel.bss .rel.bss.* .rel.gnu.linkonce.b.*)
 *(.rela.bss .rela.bss.* .rela.gnu.linkonce.b.*)
 *(.rel.plt)
 *(.rela.plt)
 *(.rel.dyn)
 *(.init)
 *(.plt)
 *(.text .stub .text.* .gnu.linkonce.t.*)
 .text          0x0000000000002180       0x3c ../Simulation_bsp//obj/HAL/src/crt0.o
                0x0000000000002180                _start
 .text          0x00000000000021bc       0x28 obj/default/hello_world_small.o
 .text.startup  0x00000000000021e4       0x94 obj/default/hello_world_small.o
                0x00000000000021e4                main
 .text          0x0000000000002278       0x8c ../Simulation_bsp/\libhal_bsp.a(alt_iic.o)
                0x0000000000002278                alt_ic_isr_register
                0x000000000000227c                alt_ic_irq_enable
                0x00000000000022b4                alt_ic_irq_disable
                0x00000000000022ec                alt_ic_irq_enabled
 .text          0x0000000000002304       0x68 ../Simulation_bsp/\libhal_bsp.a(alt_iic_isr_register.o)
                0x0000000000002304                alt_iic_isr_register
 .text          0x000000000000236c        0x0 ../Simulation_bsp/\libhal_bsp.a(alt_irq_entry.o)
 .text          0x000000000000236c        0x0 ../Simulation_bsp/\libhal_bsp.a(alt_irq_handler.o)
 .text          0x000000000000236c        0x0 ../Simulation_bsp/\libhal_bsp.a(alt_irq_vars.o)
 .text          0x000000000000236c       0xe0 ../Simulation_bsp/\libhal_bsp.a(alt_load.o)
                0x000000000000236c                alt_load
 .text          0x000000000000244c       0x2c ../Simulation_bsp/\libhal_bsp.a(alt_main.o)
                0x000000000000244c                alt_main
 .text          0x0000000000002478      0x170 ../Simulation_bsp/\libhal_bsp.a(alt_printf.o)
                0x0000000000002478                alt_printf
 .text          0x00000000000025e8       0x48 ../Simulation_bsp/\libhal_bsp.a(alt_putchar.o)
                0x00000000000025e8                alt_putchar
 .text          0x0000000000002630       0x38 ../Simulation_bsp/\libhal_bsp.a(alt_putstr.o)
                0x0000000000002630                alt_putstr
 .text          0x0000000000002668        0x4 ../Simulation_bsp/\libhal_bsp.a(alt_usleep.o)
                0x0000000000002668                usleep
 .text          0x000000000000266c       0x24 ../Simulation_bsp/\libhal_bsp.a(alt_sys_init.o)
                0x000000000000266c                alt_irq_init
                0x000000000000268c                alt_sys_init
 .text          0x0000000000002690       0x34 ../Simulation_bsp/\libhal_bsp.a(altera_avalon_jtag_uart_write.o)
                0x0000000000002690                altera_avalon_jtag_uart_write
 .text          0x00000000000026c4       0x88 ../Simulation_bsp/\libhal_bsp.a(alt_busy_sleep.o)
                0x00000000000026c4                alt_busy_sleep
 .text          0x000000000000274c        0x4 ../Simulation_bsp/\libhal_bsp.a(alt_dcache_flush_all.o)
                0x000000000000274c                alt_dcache_flush_all
 .text          0x0000000000002750        0x0 ../Simulation_bsp/\libhal_bsp.a(alt_exception_entry.o)
 .text          0x0000000000002750        0x4 ../Simulation_bsp/\libhal_bsp.a(alt_icache_flush_all.o)
                0x0000000000002750                alt_icache_flush_all
 .text          0x0000000000002754       0x74 ../Simulation_bsp/\libhal_bsp.a(alt_instruction_exception_entry.o)
                0x0000000000002754                alt_exception_cause_generated_bad_addr
 .text          0x00000000000027c8        0x8 ../Simulation_bsp/\libhal_bsp.a(altera_nios2_gen2_irq.o)
                0x00000000000027c8                altera_nios2_gen2_irq_init
 .text          0x00000000000027d0        0x0 c:/intelfpga_lite/18.1/nios2eds/bin/gnu/h-x86_64-mingw32/bin/../lib/gcc/nios2-elf/5.3.0/../../../../../H-x86_64-mingw32/nios2-elf/lib/mno-hw-mul\libsmallc.a(lib_a-strlen.o)
 .text.strlen   0x00000000000027d0       0x1c c:/intelfpga_lite/18.1/nios2eds/bin/gnu/h-x86_64-mingw32/bin/../lib/gcc/nios2-elf/5.3.0/../../../../../H-x86_64-mingw32/nios2-elf/lib/mno-hw-mul\libsmallc.a(lib_a-strlen.o)
                0x00000000000027d0                strlen
 .text          0x00000000000027ec      0x1b4 c:/intelfpga_lite/18.1/nios2eds/bin/gnu/h-x86_64-mingw32/bin/../lib/gcc/nios2-elf/5.3.0/mno-hw-mul\libgcc.a(lib2-divmod.o)
                0x00000000000027ec                __divsi3
                0x0000000000002870                __modsi3
                0x00000000000028e4                __udivsi3
                0x0000000000002948                __umodsi3
 .text          0x00000000000029a0       0x28 c:/intelfpga_lite/18.1/nios2eds/bin/gnu/h-x86_64-mingw32/bin/../lib/gcc/nios2-elf/5.3.0/mno-hw-mul\libgcc.a(lib2-mul.o)
                0x00000000000029a0                __mulsi3
 *(.gnu.warning.*)
 *(.fini)
                [!provide]                        PROVIDE (__etext, ABSOLUTE (.))
                [!provide]                        PROVIDE (_etext, ABSOLUTE (.))
                [!provide]                        PROVIDE (etext, ABSOLUTE (.))
 *(.eh_frame_hdr)
                0x00000000000029c8                . = ALIGN (0x4)
                [!provide]                        PROVIDE (__preinit_array_start, ABSOLUTE (.))
 *(.preinit_array)
                [!provide]                        PROVIDE (__preinit_array_end, ABSOLUTE (.))
                [!provide]                        PROVIDE (__init_array_start, ABSOLUTE (.))
 *(.init_array)
                [!provide]                        PROVIDE (__init_array_end, ABSOLUTE (.))
                [!provide]                        PROVIDE (__fini_array_start, ABSOLUTE (.))
 *(.fini_array)
                [!provide]                        PROVIDE (__fini_array_end, ABSOLUTE (.))
 *(.eh_frame)
 *(.gcc_except_table .gcc_except_table.*)
 *(.dynamic)
                [!provide]                        PROVIDE (__CTOR_LIST__, ABSOLUTE (.))
 *(.ctors)
 *(SORT(.ctors.*))
                [!provide]                        PROVIDE (__CTOR_END__, ABSOLUTE (.))
                [!provide]                        PROVIDE (__DTOR_LIST__, ABSOLUTE (.))
 *(.dtors)
 *(SORT(.dtors.*))
                [!provide]                        PROVIDE (__DTOR_END__, ABSOLUTE (.))
 *(.jcr)
                0x00000000000029c8                . = ALIGN (0x4)

.rodata         0x00000000000029c8       0x3c
                0x00000000000029c8                PROVIDE (__ram_rodata_start, ABSOLUTE (.))
                0x00000000000029c8                . = ALIGN (0x4)
 *(.rodata .rodata.* .gnu.linkonce.r.*)
 .rodata.str1.4
                0x00000000000029c8       0x3c obj/default/hello_world_small.o
 *(.rodata1)
                0x0000000000002a04                . = ALIGN (0x4)
                0x0000000000002a04                PROVIDE (__ram_rodata_end, ABSOLUTE (.))
                0x00000000000029c8                PROVIDE (__flash_rodata_start, LOADADDR (.rodata))

.rwdata         0x0000000000002a04        0x8 load address 0x0000000000002a0c
                0x0000000000002a04                PROVIDE (__ram_rwdata_start, ABSOLUTE (.))
                0x0000000000002a04                . = ALIGN (0x4)
 *(.got.plt)
 *(.got)
 *(.data1)
 *(.data .data.* .gnu.linkonce.d.*)
 .data          0x0000000000002a04        0x0 ../Simulation_bsp//obj/HAL/src/crt0.o
 .data          0x0000000000002a04        0x0 obj/default/hello_world_small.o
 .data          0x0000000000002a04        0x0 ../Simulation_bsp/\libhal_bsp.a(alt_iic.o)
 .data          0x0000000000002a04        0x0 ../Simulation_bsp/\libhal_bsp.a(alt_iic_isr_register.o)
 .data          0x0000000000002a04        0x0 ../Simulation_bsp/\libhal_bsp.a(alt_irq_entry.o)
 .data          0x0000000000002a04        0x0 ../Simulation_bsp/\libhal_bsp.a(alt_irq_handler.o)
 .data          0x0000000000002a04        0x0 ../Simulation_bsp/\libhal_bsp.a(alt_irq_vars.o)
 .data          0x0000000000002a04        0x0 ../Simulation_bsp/\libhal_bsp.a(alt_load.o)
 .data          0x0000000000002a04        0x0 ../Simulation_bsp/\libhal_bsp.a(alt_main.o)
 .data          0x0000000000002a04        0x0 ../Simulation_bsp/\libhal_bsp.a(alt_printf.o)
 .data          0x0000000000002a04        0x0 ../Simulation_bsp/\libhal_bsp.a(alt_putchar.o)
 .data          0x0000000000002a04        0x0 ../Simulation_bsp/\libhal_bsp.a(alt_putstr.o)
 .data          0x0000000000002a04        0x0 ../Simulation_bsp/\libhal_bsp.a(alt_usleep.o)
 .data          0x0000000000002a04        0x0 ../Simulation_bsp/\libhal_bsp.a(alt_sys_init.o)
 .data          0x0000000000002a04        0x0 ../Simulation_bsp/\libhal_bsp.a(altera_avalon_jtag_uart_write.o)
 .data          0x0000000000002a04        0x0 ../Simulation_bsp/\libhal_bsp.a(alt_busy_sleep.o)
 .data          0x0000000000002a04        0x0 ../Simulation_bsp/\libhal_bsp.a(alt_dcache_flush_all.o)
 .data          0x0000000000002a04        0x0 ../Simulation_bsp/\libhal_bsp.a(alt_exception_entry.o)
 .data          0x0000000000002a04        0x0 ../Simulation_bsp/\libhal_bsp.a(alt_icache_flush_all.o)
 .data          0x0000000000002a04        0x0 ../Simulation_bsp/\libhal_bsp.a(alt_instruction_exception_entry.o)
 .data          0x0000000000002a04        0x0 ../Simulation_bsp/\libhal_bsp.a(altera_nios2_gen2_irq.o)
 .data          0x0000000000002a04        0x0 c:/intelfpga_lite/18.1/nios2eds/bin/gnu/h-x86_64-mingw32/bin/../lib/gcc/nios2-elf/5.3.0/../../../../../H-x86_64-mingw32/nios2-elf/lib/mno-hw-mul\libsmallc.a(lib_a-strlen.o)
 .data          0x0000000000002a04        0x0 c:/intelfpga_lite/18.1/nios2eds/bin/gnu/h-x86_64-mingw32/bin/../lib/gcc/nios2-elf/5.3.0/mno-hw-mul\libgcc.a(lib2-divmod.o)
 .data          0x0000000000002a04        0x0 c:/intelfpga_lite/18.1/nios2eds/bin/gnu/h-x86_64-mingw32/bin/../lib/gcc/nios2-elf/5.3.0/mno-hw-mul\libgcc.a(lib2-mul.o)
                0x000000000000aa04                _gp = ABSOLUTE ((. + 0x8000))
                [!provide]                        PROVIDE (gp, _gp)
 *(.rwdata .rwdata.*)
 *(.sdata .sdata.* .gnu.linkonce.s.*)
 .sdata         0x0000000000002a04        0x4 ../Simulation_bsp/\libhal_bsp.a(alt_irq_vars.o)
                0x0000000000002a04                alt_priority_mask
 .sdata         0x0000000000002a08        0x4 ../Simulation_bsp/\libhal_bsp.a(alt_sys_init.o)
                0x0000000000002a08                JTAG
 *(.sdata2 .sdata2.* .gnu.linkonce.s2.*)
                0x0000000000002a0c                . = ALIGN (0x4)
                0x0000000000002a0c                _edata = ABSOLUTE (.)
                [!provide]                        PROVIDE (edata, ABSOLUTE (.))
                0x0000000000002a0c                PROVIDE (__ram_rwdata_end, ABSOLUTE (.))
                0x0000000000002a0c                PROVIDE (__flash_rwdata_start, LOADADDR (.rwdata))

.bss            0x0000000000002a14      0x118
                0x0000000000002a14                __bss_start = ABSOLUTE (.)
                [!provide]                        PROVIDE (__sbss_start, ABSOLUTE (.))
                [!provide]                        PROVIDE (___sbss_start, ABSOLUTE (.))
 *(.dynsbss)
 *(.sbss .sbss.* .gnu.linkonce.sb.*)
 .sbss          0x0000000000002a14        0x4 obj/default/hello_world_small.o
                0x0000000000002a14                interruption_number
 .sbss          0x0000000000002a18        0x4 ../Simulation_bsp/\libhal_bsp.a(alt_irq_vars.o)
                0x0000000000002a18                alt_irq_active
 .sbss          0x0000000000002a1c        0xc ../Simulation_bsp/\libhal_bsp.a(alt_main.o)
                0x0000000000002a1c                alt_envp
                0x0000000000002a20                alt_argv
                0x0000000000002a24                alt_argc
 .sbss          0x0000000000002a28        0x4 ../Simulation_bsp/\libhal_bsp.a(alt_instruction_exception_entry.o)
                0x0000000000002a28                alt_instruction_exception_handler
 *(.sbss2 .sbss2.* .gnu.linkonce.sb2.*)
 *(.scommon)
                [!provide]                        PROVIDE (__sbss_end, ABSOLUTE (.))
                [!provide]                        PROVIDE (___sbss_end, ABSOLUTE (.))
 *(.dynbss)
 *(.bss .bss.* .gnu.linkonce.b.*)
 .bss           0x0000000000002a2c        0x0 ../Simulation_bsp//obj/HAL/src/crt0.o
 .bss           0x0000000000002a2c        0x0 obj/default/hello_world_small.o
 .bss           0x0000000000002a2c        0x0 ../Simulation_bsp/\libhal_bsp.a(alt_iic.o)
 .bss           0x0000000000002a2c        0x0 ../Simulation_bsp/\libhal_bsp.a(alt_iic_isr_register.o)
 .bss           0x0000000000002a2c        0x0 ../Simulation_bsp/\libhal_bsp.a(alt_irq_entry.o)
 .bss           0x0000000000002a2c        0x0 ../Simulation_bsp/\libhal_bsp.a(alt_irq_handler.o)
 .bss           0x0000000000002a2c        0x0 ../Simulation_bsp/\libhal_bsp.a(alt_irq_vars.o)
 .bss           0x0000000000002a2c        0x0 ../Simulation_bsp/\libhal_bsp.a(alt_load.o)
 .bss           0x0000000000002a2c        0x0 ../Simulation_bsp/\libhal_bsp.a(alt_main.o)
 .bss           0x0000000000002a2c        0x0 ../Simulation_bsp/\libhal_bsp.a(alt_printf.o)
 .bss           0x0000000000002a2c        0x0 ../Simulation_bsp/\libhal_bsp.a(alt_putchar.o)
 .bss           0x0000000000002a2c        0x0 ../Simulation_bsp/\libhal_bsp.a(alt_putstr.o)
 .bss           0x0000000000002a2c        0x0 ../Simulation_bsp/\libhal_bsp.a(alt_usleep.o)
 .bss           0x0000000000002a2c        0x0 ../Simulation_bsp/\libhal_bsp.a(alt_sys_init.o)
 .bss           0x0000000000002a2c        0x0 ../Simulation_bsp/\libhal_bsp.a(altera_avalon_jtag_uart_write.o)
 .bss           0x0000000000002a2c        0x0 ../Simulation_bsp/\libhal_bsp.a(alt_busy_sleep.o)
 .bss           0x0000000000002a2c        0x0 ../Simulation_bsp/\libhal_bsp.a(alt_dcache_flush_all.o)
 .bss           0x0000000000002a2c        0x0 ../Simulation_bsp/\libhal_bsp.a(alt_exception_entry.o)
 .bss           0x0000000000002a2c        0x0 ../Simulation_bsp/\libhal_bsp.a(alt_icache_flush_all.o)
 .bss           0x0000000000002a2c        0x0 ../Simulation_bsp/\libhal_bsp.a(alt_instruction_exception_entry.o)
 .bss           0x0000000000002a2c        0x0 ../Simulation_bsp/\libhal_bsp.a(altera_nios2_gen2_irq.o)
 .bss           0x0000000000002a2c        0x0 c:/intelfpga_lite/18.1/nios2eds/bin/gnu/h-x86_64-mingw32/bin/../lib/gcc/nios2-elf/5.3.0/../../../../../H-x86_64-mingw32/nios2-elf/lib/mno-hw-mul\libsmallc.a(lib_a-strlen.o)
 .bss           0x0000000000002a2c        0x0 c:/intelfpga_lite/18.1/nios2eds/bin/gnu/h-x86_64-mingw32/bin/../lib/gcc/nios2-elf/5.3.0/mno-hw-mul\libgcc.a(lib2-divmod.o)
 .bss           0x0000000000002a2c        0x0 c:/intelfpga_lite/18.1/nios2eds/bin/gnu/h-x86_64-mingw32/bin/../lib/gcc/nios2-elf/5.3.0/mno-hw-mul\libgcc.a(lib2-mul.o)
 *(COMMON)
 COMMON         0x0000000000002a2c      0x100 ../Simulation_bsp/\libhal_bsp.a(alt_irq_handler.o)
                0x0000000000002a2c                alt_irq
                0x0000000000002b2c                . = ALIGN (0x4)
                0x0000000000002b2c                __bss_end = ABSOLUTE (.)

.RAM            0x0000000000002b2c        0x0
                [!provide]                        PROVIDE (_alt_partition_RAM_start, ABSOLUTE (.))
 *(.RAM .RAM. RAM.*)
                0x0000000000002b2c                . = ALIGN (0x4)
                [!provide]                        PROVIDE (_alt_partition_RAM_end, ABSOLUTE (.))
                0x0000000000002b2c                _end = ABSOLUTE (.)
                0x0000000000002b2c                end = ABSOLUTE (.)
                0x0000000000002b2c                __alt_stack_base = ABSOLUTE (.)
                [!provide]                        PROVIDE (_alt_partition_RAM_load_addr, LOADADDR (.RAM))

.stab
 *(.stab)

.stabstr
 *(.stabstr)

.stab.excl
 *(.stab.excl)

.stab.exclstr
 *(.stab.exclstr)

.stab.index
 *(.stab.index)

.stab.indexstr
 *(.stab.indexstr)

.comment        0x0000000000000000       0x23
 *(.comment)
 .comment       0x0000000000000000       0x23 obj/default/hello_world_small.o
                                         0x24 (size before relaxing)
 .comment       0x0000000000000023       0x24 ../Simulation_bsp/\libhal_bsp.a(alt_iic.o)
 .comment       0x0000000000000023       0x24 ../Simulation_bsp/\libhal_bsp.a(alt_iic_isr_register.o)
 .comment       0x0000000000000023       0x24 ../Simulation_bsp/\libhal_bsp.a(alt_irq_handler.o)
 .comment       0x0000000000000023       0x24 ../Simulation_bsp/\libhal_bsp.a(alt_irq_vars.o)
 .comment       0x0000000000000023       0x24 ../Simulation_bsp/\libhal_bsp.a(alt_load.o)
 .comment       0x0000000000000023       0x24 ../Simulation_bsp/\libhal_bsp.a(alt_main.o)
 .comment       0x0000000000000023       0x24 ../Simulation_bsp/\libhal_bsp.a(alt_printf.o)
 .comment       0x0000000000000023       0x24 ../Simulation_bsp/\libhal_bsp.a(alt_putchar.o)
 .comment       0x0000000000000023       0x24 ../Simulation_bsp/\libhal_bsp.a(alt_putstr.o)
 .comment       0x0000000000000023       0x24 ../Simulation_bsp/\libhal_bsp.a(alt_usleep.o)
 .comment       0x0000000000000023       0x24 ../Simulation_bsp/\libhal_bsp.a(alt_sys_init.o)
 .comment       0x0000000000000023       0x24 ../Simulation_bsp/\libhal_bsp.a(altera_avalon_jtag_uart_write.o)
 .comment       0x0000000000000023       0x24 ../Simulation_bsp/\libhal_bsp.a(alt_busy_sleep.o)
 .comment       0x0000000000000023       0x24 ../Simulation_bsp/\libhal_bsp.a(alt_dcache_flush_all.o)
 .comment       0x0000000000000023       0x24 ../Simulation_bsp/\libhal_bsp.a(alt_icache_flush_all.o)
 .comment       0x0000000000000023       0x24 ../Simulation_bsp/\libhal_bsp.a(alt_instruction_exception_entry.o)
 .comment       0x0000000000000023       0x24 ../Simulation_bsp/\libhal_bsp.a(altera_nios2_gen2_irq.o)
 .comment       0x0000000000000023       0x24 c:/intelfpga_lite/18.1/nios2eds/bin/gnu/h-x86_64-mingw32/bin/../lib/gcc/nios2-elf/5.3.0/../../../../../H-x86_64-mingw32/nios2-elf/lib/mno-hw-mul\libsmallc.a(lib_a-strlen.o)
 .comment       0x0000000000000023       0x24 c:/intelfpga_lite/18.1/nios2eds/bin/gnu/h-x86_64-mingw32/bin/../lib/gcc/nios2-elf/5.3.0/mno-hw-mul\libgcc.a(lib2-divmod.o)
 .comment       0x0000000000000023       0x24 c:/intelfpga_lite/18.1/nios2eds/bin/gnu/h-x86_64-mingw32/bin/../lib/gcc/nios2-elf/5.3.0/mno-hw-mul\libgcc.a(lib2-mul.o)

.debug
 *(.debug)

.line
 *(.line)

.debug_srcinfo
 *(.debug_srcinfo)

.debug_sfnames
 *(.debug_sfnames)

.debug_aranges  0x0000000000000000      0x338
 *(.debug_aranges)
 .debug_aranges
                0x0000000000000000       0x28 ../Simulation_bsp//obj/HAL/src/crt0.o
 .debug_aranges
                0x0000000000000028       0x28 obj/default/hello_world_small.o
 .debug_aranges
                0x0000000000000050       0x20 ../Simulation_bsp/\libhal_bsp.a(alt_iic.o)
 .debug_aranges
                0x0000000000000070       0x20 ../Simulation_bsp/\libhal_bsp.a(alt_iic_isr_register.o)
 .debug_aranges
                0x0000000000000090       0x30 ../Simulation_bsp/\libhal_bsp.a(alt_irq_entry.o)
 .debug_aranges
                0x00000000000000c0       0x20 ../Simulation_bsp/\libhal_bsp.a(alt_irq_handler.o)
 .debug_aranges
                0x00000000000000e0       0x18 ../Simulation_bsp/\libhal_bsp.a(alt_irq_vars.o)
 .debug_aranges
                0x00000000000000f8       0x20 ../Simulation_bsp/\libhal_bsp.a(alt_load.o)
 .debug_aranges
                0x0000000000000118       0x20 ../Simulation_bsp/\libhal_bsp.a(alt_main.o)
 .debug_aranges
                0x0000000000000138       0x20 ../Simulation_bsp/\libhal_bsp.a(alt_printf.o)
 .debug_aranges
                0x0000000000000158       0x20 ../Simulation_bsp/\libhal_bsp.a(alt_putchar.o)
 .debug_aranges
                0x0000000000000178       0x20 ../Simulation_bsp/\libhal_bsp.a(alt_putstr.o)
 .debug_aranges
                0x0000000000000198       0x20 ../Simulation_bsp/\libhal_bsp.a(alt_usleep.o)
 .debug_aranges
                0x00000000000001b8       0x20 ../Simulation_bsp/\libhal_bsp.a(alt_sys_init.o)
 .debug_aranges
                0x00000000000001d8       0x20 ../Simulation_bsp/\libhal_bsp.a(altera_avalon_jtag_uart_write.o)
 .debug_aranges
                0x00000000000001f8       0x20 ../Simulation_bsp/\libhal_bsp.a(alt_busy_sleep.o)
 .debug_aranges
                0x0000000000000218       0x20 ../Simulation_bsp/\libhal_bsp.a(alt_dcache_flush_all.o)
 .debug_aranges
                0x0000000000000238       0x38 ../Simulation_bsp/\libhal_bsp.a(alt_exception_entry.o)
 .debug_aranges
                0x0000000000000270       0x20 ../Simulation_bsp/\libhal_bsp.a(alt_icache_flush_all.o)
 .debug_aranges
                0x0000000000000290       0x28 ../Simulation_bsp/\libhal_bsp.a(alt_instruction_exception_entry.o)
 .debug_aranges
                0x00000000000002b8       0x20 ../Simulation_bsp/\libhal_bsp.a(altera_nios2_gen2_irq.o)
 .debug_aranges
                0x00000000000002d8       0x20 c:/intelfpga_lite/18.1/nios2eds/bin/gnu/h-x86_64-mingw32/bin/../lib/gcc/nios2-elf/5.3.0/../../../../../H-x86_64-mingw32/nios2-elf/lib/mno-hw-mul\libsmallc.a(lib_a-strlen.o)
 .debug_aranges
                0x00000000000002f8       0x20 c:/intelfpga_lite/18.1/nios2eds/bin/gnu/h-x86_64-mingw32/bin/../lib/gcc/nios2-elf/5.3.0/mno-hw-mul\libgcc.a(lib2-divmod.o)
 .debug_aranges
                0x0000000000000318       0x20 c:/intelfpga_lite/18.1/nios2eds/bin/gnu/h-x86_64-mingw32/bin/../lib/gcc/nios2-elf/5.3.0/mno-hw-mul\libgcc.a(lib2-mul.o)

.debug_pubnames
 *(.debug_pubnames)

.debug_info     0x0000000000000000     0x1eb5
 *(.debug_info .gnu.linkonce.wi.*)
 .debug_info    0x0000000000000000       0x5b ../Simulation_bsp//obj/HAL/src/crt0.o
 .debug_info    0x000000000000005b      0x20e obj/default/hello_world_small.o
 .debug_info    0x0000000000000269      0x38a ../Simulation_bsp/\libhal_bsp.a(alt_iic.o)
 .debug_info    0x00000000000005f3      0x232 ../Simulation_bsp/\libhal_bsp.a(alt_iic_isr_register.o)
 .debug_info    0x0000000000000825       0x64 ../Simulation_bsp/\libhal_bsp.a(alt_irq_entry.o)
 .debug_info    0x0000000000000889      0x184 ../Simulation_bsp/\libhal_bsp.a(alt_irq_handler.o)
 .debug_info    0x0000000000000a0d       0x88 ../Simulation_bsp/\libhal_bsp.a(alt_irq_vars.o)
 .debug_info    0x0000000000000a95      0x1c9 ../Simulation_bsp/\libhal_bsp.a(alt_load.o)
 .debug_info    0x0000000000000c5e      0x169 ../Simulation_bsp/\libhal_bsp.a(alt_main.o)
 .debug_info    0x0000000000000dc7      0x14d ../Simulation_bsp/\libhal_bsp.a(alt_printf.o)
 .debug_info    0x0000000000000f14      0x12a ../Simulation_bsp/\libhal_bsp.a(alt_putchar.o)
 .debug_info    0x000000000000103e      0x13a ../Simulation_bsp/\libhal_bsp.a(alt_putstr.o)
 .debug_info    0x0000000000001178       0xd1 ../Simulation_bsp/\libhal_bsp.a(alt_usleep.o)
 .debug_info    0x0000000000001249      0x19d ../Simulation_bsp/\libhal_bsp.a(alt_sys_init.o)
 .debug_info    0x00000000000013e6      0x197 ../Simulation_bsp/\libhal_bsp.a(altera_avalon_jtag_uart_write.o)
 .debug_info    0x000000000000157d       0xd8 ../Simulation_bsp/\libhal_bsp.a(alt_busy_sleep.o)
 .debug_info    0x0000000000001655       0x92 ../Simulation_bsp/\libhal_bsp.a(alt_dcache_flush_all.o)
 .debug_info    0x00000000000016e7       0x6a ../Simulation_bsp/\libhal_bsp.a(alt_exception_entry.o)
 .debug_info    0x0000000000001751       0x92 ../Simulation_bsp/\libhal_bsp.a(alt_icache_flush_all.o)
 .debug_info    0x00000000000017e3      0x1fd ../Simulation_bsp/\libhal_bsp.a(alt_instruction_exception_entry.o)
 .debug_info    0x00000000000019e0       0x92 ../Simulation_bsp/\libhal_bsp.a(altera_nios2_gen2_irq.o)
 .debug_info    0x0000000000001a72       0xc9 c:/intelfpga_lite/18.1/nios2eds/bin/gnu/h-x86_64-mingw32/bin/../lib/gcc/nios2-elf/5.3.0/../../../../../H-x86_64-mingw32/nios2-elf/lib/mno-hw-mul\libsmallc.a(lib_a-strlen.o)
 .debug_info    0x0000000000001b3b      0x2c6 c:/intelfpga_lite/18.1/nios2eds/bin/gnu/h-x86_64-mingw32/bin/../lib/gcc/nios2-elf/5.3.0/mno-hw-mul\libgcc.a(lib2-divmod.o)
 .debug_info    0x0000000000001e01       0xb4 c:/intelfpga_lite/18.1/nios2eds/bin/gnu/h-x86_64-mingw32/bin/../lib/gcc/nios2-elf/5.3.0/mno-hw-mul\libgcc.a(lib2-mul.o)

.debug_abbrev   0x0000000000000000     0x10fd
 *(.debug_abbrev)
 .debug_abbrev  0x0000000000000000       0x12 ../Simulation_bsp//obj/HAL/src/crt0.o
 .debug_abbrev  0x0000000000000012      0x145 obj/default/hello_world_small.o
 .debug_abbrev  0x0000000000000157      0x1a0 ../Simulation_bsp/\libhal_bsp.a(alt_iic.o)
 .debug_abbrev  0x00000000000002f7      0x19c ../Simulation_bsp/\libhal_bsp.a(alt_iic_isr_register.o)
 .debug_abbrev  0x0000000000000493       0x12 ../Simulation_bsp/\libhal_bsp.a(alt_irq_entry.o)
 .debug_abbrev  0x00000000000004a5      0x120 ../Simulation_bsp/\libhal_bsp.a(alt_irq_handler.o)
 .debug_abbrev  0x00000000000005c5       0x40 ../Simulation_bsp/\libhal_bsp.a(alt_irq_vars.o)
 .debug_abbrev  0x0000000000000605       0xd8 ../Simulation_bsp/\libhal_bsp.a(alt_load.o)
 .debug_abbrev  0x00000000000006dd       0xee ../Simulation_bsp/\libhal_bsp.a(alt_main.o)
 .debug_abbrev  0x00000000000007cb       0xd5 ../Simulation_bsp/\libhal_bsp.a(alt_printf.o)
 .debug_abbrev  0x00000000000008a0       0xd2 ../Simulation_bsp/\libhal_bsp.a(alt_putchar.o)
 .debug_abbrev  0x0000000000000972       0xd3 ../Simulation_bsp/\libhal_bsp.a(alt_putstr.o)
 .debug_abbrev  0x0000000000000a45       0x8d ../Simulation_bsp/\libhal_bsp.a(alt_usleep.o)
 .debug_abbrev  0x0000000000000ad2      0x10e ../Simulation_bsp/\libhal_bsp.a(alt_sys_init.o)
 .debug_abbrev  0x0000000000000be0       0xd5 ../Simulation_bsp/\libhal_bsp.a(altera_avalon_jtag_uart_write.o)
 .debug_abbrev  0x0000000000000cb5       0x8d ../Simulation_bsp/\libhal_bsp.a(alt_busy_sleep.o)
 .debug_abbrev  0x0000000000000d42       0x42 ../Simulation_bsp/\libhal_bsp.a(alt_dcache_flush_all.o)
 .debug_abbrev  0x0000000000000d84       0x12 ../Simulation_bsp/\libhal_bsp.a(alt_exception_entry.o)
 .debug_abbrev  0x0000000000000d96       0x42 ../Simulation_bsp/\libhal_bsp.a(alt_icache_flush_all.o)
 .debug_abbrev  0x0000000000000dd8       0xe7 ../Simulation_bsp/\libhal_bsp.a(alt_instruction_exception_entry.o)
 .debug_abbrev  0x0000000000000ebf       0x42 ../Simulation_bsp/\libhal_bsp.a(altera_nios2_gen2_irq.o)
 .debug_abbrev  0x0000000000000f01       0x7f c:/intelfpga_lite/18.1/nios2eds/bin/gnu/h-x86_64-mingw32/bin/../lib/gcc/nios2-elf/5.3.0/../../../../../H-x86_64-mingw32/nios2-elf/lib/mno-hw-mul\libsmallc.a(lib_a-strlen.o)
 .debug_abbrev  0x0000000000000f80      0x10e c:/intelfpga_lite/18.1/nios2eds/bin/gnu/h-x86_64-mingw32/bin/../lib/gcc/nios2-elf/5.3.0/mno-hw-mul\libgcc.a(lib2-divmod.o)
 .debug_abbrev  0x000000000000108e       0x6f c:/intelfpga_lite/18.1/nios2eds/bin/gnu/h-x86_64-mingw32/bin/../lib/gcc/nios2-elf/5.3.0/mno-hw-mul\libgcc.a(lib2-mul.o)

.debug_line     0x0000000000000000     0x1098
 *(.debug_line)
 .debug_line    0x0000000000000000       0x66 ../Simulation_bsp//obj/HAL/src/crt0.o
 .debug_line    0x0000000000000066       0xd6 obj/default/hello_world_small.o
 .debug_line    0x000000000000013c       0xf1 ../Simulation_bsp/\libhal_bsp.a(alt_iic.o)
 .debug_line    0x000000000000022d       0xd6 ../Simulation_bsp/\libhal_bsp.a(alt_iic_isr_register.o)
 .debug_line    0x0000000000000303       0x6b ../Simulation_bsp/\libhal_bsp.a(alt_irq_entry.o)
 .debug_line    0x000000000000036e       0xa5 ../Simulation_bsp/\libhal_bsp.a(alt_irq_handler.o)
 .debug_line    0x0000000000000413       0x50 ../Simulation_bsp/\libhal_bsp.a(alt_irq_vars.o)
 .debug_line    0x0000000000000463       0xa4 ../Simulation_bsp/\libhal_bsp.a(alt_load.o)
 .debug_line    0x0000000000000507       0xbd ../Simulation_bsp/\libhal_bsp.a(alt_main.o)
 .debug_line    0x00000000000005c4      0x112 ../Simulation_bsp/\libhal_bsp.a(alt_printf.o)
 .debug_line    0x00000000000006d6       0x55 ../Simulation_bsp/\libhal_bsp.a(alt_putchar.o)
 .debug_line    0x000000000000072b       0xa0 ../Simulation_bsp/\libhal_bsp.a(alt_putstr.o)
 .debug_line    0x00000000000007cb       0xcf ../Simulation_bsp/\libhal_bsp.a(alt_usleep.o)
 .debug_line    0x000000000000089a      0x11a ../Simulation_bsp/\libhal_bsp.a(alt_sys_init.o)
 .debug_line    0x00000000000009b4       0xf0 ../Simulation_bsp/\libhal_bsp.a(altera_avalon_jtag_uart_write.o)
 .debug_line    0x0000000000000aa4       0xb5 ../Simulation_bsp/\libhal_bsp.a(alt_busy_sleep.o)
 .debug_line    0x0000000000000b59       0x4e ../Simulation_bsp/\libhal_bsp.a(alt_dcache_flush_all.o)
 .debug_line    0x0000000000000ba7       0xb3 ../Simulation_bsp/\libhal_bsp.a(alt_exception_entry.o)
 .debug_line    0x0000000000000c5a       0x4e ../Simulation_bsp/\libhal_bsp.a(alt_icache_flush_all.o)
 .debug_line    0x0000000000000ca8       0xbf ../Simulation_bsp/\libhal_bsp.a(alt_instruction_exception_entry.o)
 .debug_line    0x0000000000000d67       0x50 ../Simulation_bsp/\libhal_bsp.a(altera_nios2_gen2_irq.o)
 .debug_line    0x0000000000000db7      0x15c c:/intelfpga_lite/18.1/nios2eds/bin/gnu/h-x86_64-mingw32/bin/../lib/gcc/nios2-elf/5.3.0/../../../../../H-x86_64-mingw32/nios2-elf/lib/mno-hw-mul\libsmallc.a(lib_a-strlen.o)
 .debug_line    0x0000000000000f13      0x105 c:/intelfpga_lite/18.1/nios2eds/bin/gnu/h-x86_64-mingw32/bin/../lib/gcc/nios2-elf/5.3.0/mno-hw-mul\libgcc.a(lib2-divmod.o)
 .debug_line    0x0000000000001018       0x80 c:/intelfpga_lite/18.1/nios2eds/bin/gnu/h-x86_64-mingw32/bin/../lib/gcc/nios2-elf/5.3.0/mno-hw-mul\libgcc.a(lib2-mul.o)

.debug_frame    0x0000000000000000      0x3d0
 *(.debug_frame)
 .debug_frame   0x0000000000000000       0x40 obj/default/hello_world_small.o
 .debug_frame   0x0000000000000040       0x50 ../Simulation_bsp/\libhal_bsp.a(alt_iic.o)
 .debug_frame   0x0000000000000090       0x30 ../Simulation_bsp/\libhal_bsp.a(alt_iic_isr_register.o)
 .debug_frame   0x00000000000000c0       0x34 ../Simulation_bsp/\libhal_bsp.a(alt_irq_handler.o)
 .debug_frame   0x00000000000000f4       0x30 ../Simulation_bsp/\libhal_bsp.a(alt_load.o)
 .debug_frame   0x0000000000000124       0x2c ../Simulation_bsp/\libhal_bsp.a(alt_main.o)
 .debug_frame   0x0000000000000150       0x54 ../Simulation_bsp/\libhal_bsp.a(alt_printf.o)
 .debug_frame   0x00000000000001a4       0x30 ../Simulation_bsp/\libhal_bsp.a(alt_putchar.o)
 .debug_frame   0x00000000000001d4       0x30 ../Simulation_bsp/\libhal_bsp.a(alt_putstr.o)
 .debug_frame   0x0000000000000204       0x20 ../Simulation_bsp/\libhal_bsp.a(alt_usleep.o)
 .debug_frame   0x0000000000000224       0x3c ../Simulation_bsp/\libhal_bsp.a(alt_sys_init.o)
 .debug_frame   0x0000000000000260       0x20 ../Simulation_bsp/\libhal_bsp.a(altera_avalon_jtag_uart_write.o)
 .debug_frame   0x0000000000000280       0x30 ../Simulation_bsp/\libhal_bsp.a(alt_busy_sleep.o)
 .debug_frame   0x00000000000002b0       0x20 ../Simulation_bsp/\libhal_bsp.a(alt_dcache_flush_all.o)
 .debug_frame   0x00000000000002d0       0x20 ../Simulation_bsp/\libhal_bsp.a(alt_icache_flush_all.o)
 .debug_frame   0x00000000000002f0       0x30 ../Simulation_bsp/\libhal_bsp.a(alt_instruction_exception_entry.o)
 .debug_frame   0x0000000000000320       0x20 ../Simulation_bsp/\libhal_bsp.a(altera_nios2_gen2_irq.o)
 .debug_frame   0x0000000000000340       0x20 c:/intelfpga_lite/18.1/nios2eds/bin/gnu/h-x86_64-mingw32/bin/../lib/gcc/nios2-elf/5.3.0/../../../../../H-x86_64-mingw32/nios2-elf/lib/mno-hw-mul\libsmallc.a(lib_a-strlen.o)
 .debug_frame   0x0000000000000360       0x50 c:/intelfpga_lite/18.1/nios2eds/bin/gnu/h-x86_64-mingw32/bin/../lib/gcc/nios2-elf/5.3.0/mno-hw-mul\libgcc.a(lib2-divmod.o)
 .debug_frame   0x00000000000003b0       0x20 c:/intelfpga_lite/18.1/nios2eds/bin/gnu/h-x86_64-mingw32/bin/../lib/gcc/nios2-elf/5.3.0/mno-hw-mul\libgcc.a(lib2-mul.o)

.debug_str      0x0000000000000000      0xead
 *(.debug_str)
 .debug_str     0x0000000000000000      0x15b obj/default/hello_world_small.o
                                        0x1a1 (size before relaxing)
 .debug_str     0x000000000000015b      0x129 ../Simulation_bsp/\libhal_bsp.a(alt_iic.o)
                                        0x240 (size before relaxing)
 .debug_str     0x0000000000000284       0x37 ../Simulation_bsp/\libhal_bsp.a(alt_iic_isr_register.o)
                                        0x1fa (size before relaxing)
 .debug_str     0x00000000000002bb       0x3a ../Simulation_bsp/\libhal_bsp.a(alt_irq_handler.o)
                                        0x184 (size before relaxing)
 .debug_str     0x00000000000002f5       0x17 ../Simulation_bsp/\libhal_bsp.a(alt_irq_vars.o)
                                        0x127 (size before relaxing)
 .debug_str     0x000000000000030c      0x113 ../Simulation_bsp/\libhal_bsp.a(alt_load.o)
                                        0x229 (size before relaxing)
 .debug_str     0x000000000000041f       0x8f ../Simulation_bsp/\libhal_bsp.a(alt_main.o)
                                        0x1a2 (size before relaxing)
 .debug_str     0x00000000000004ae       0x59 ../Simulation_bsp/\libhal_bsp.a(alt_printf.o)
                                         0xf3 (size before relaxing)
 .debug_str     0x0000000000000507       0x59 ../Simulation_bsp/\libhal_bsp.a(alt_putchar.o)
                                        0x173 (size before relaxing)
 .debug_str     0x0000000000000560       0x1c ../Simulation_bsp/\libhal_bsp.a(alt_putstr.o)
                                        0x178 (size before relaxing)
 .debug_str     0x000000000000057c       0x2f ../Simulation_bsp/\libhal_bsp.a(alt_usleep.o)
                                        0x144 (size before relaxing)
 .debug_str     0x00000000000005ab       0xb9 ../Simulation_bsp/\libhal_bsp.a(alt_sys_init.o)
                                        0x244 (size before relaxing)
 .debug_str     0x0000000000000664       0x2c ../Simulation_bsp/\libhal_bsp.a(altera_avalon_jtag_uart_write.o)
                                        0x202 (size before relaxing)
 .debug_str     0x0000000000000690       0x33 ../Simulation_bsp/\libhal_bsp.a(alt_busy_sleep.o)
                                        0x158 (size before relaxing)
 .debug_str     0x00000000000006c3       0x1f ../Simulation_bsp/\libhal_bsp.a(alt_dcache_flush_all.o)
                                        0x142 (size before relaxing)
 .debug_str     0x00000000000006e2       0x1f ../Simulation_bsp/\libhal_bsp.a(alt_icache_flush_all.o)
                                        0x142 (size before relaxing)
 .debug_str     0x0000000000000701      0x48b ../Simulation_bsp/\libhal_bsp.a(alt_instruction_exception_entry.o)
                                        0x58d (size before relaxing)
 .debug_str     0x0000000000000b8c       0x20 ../Simulation_bsp/\libhal_bsp.a(altera_nios2_gen2_irq.o)
                                        0x149 (size before relaxing)
 .debug_str     0x0000000000000bac      0x13a c:/intelfpga_lite/18.1/nios2eds/bin/gnu/h-x86_64-mingw32/bin/../lib/gcc/nios2-elf/5.3.0/../../../../../H-x86_64-mingw32/nios2-elf/lib/mno-hw-mul\libsmallc.a(lib_a-strlen.o)
                                        0x1e5 (size before relaxing)
 .debug_str     0x0000000000000ce6      0x187 c:/intelfpga_lite/18.1/nios2eds/bin/gnu/h-x86_64-mingw32/bin/../lib/gcc/nios2-elf/5.3.0/mno-hw-mul\libgcc.a(lib2-divmod.o)
                                        0x1d2 (size before relaxing)
 .debug_str     0x0000000000000e6d       0x40 c:/intelfpga_lite/18.1/nios2eds/bin/gnu/h-x86_64-mingw32/bin/../lib/gcc/nios2-elf/5.3.0/mno-hw-mul\libgcc.a(lib2-mul.o)
                                        0x193 (size before relaxing)

.debug_loc      0x0000000000000000      0xd64
 *(.debug_loc)
 .debug_loc     0x0000000000000000       0x96 obj/default/hello_world_small.o
 .debug_loc     0x0000000000000096      0x170 ../Simulation_bsp/\libhal_bsp.a(alt_iic.o)
 .debug_loc     0x0000000000000206      0x193 ../Simulation_bsp/\libhal_bsp.a(alt_iic_isr_register.o)
 .debug_loc     0x0000000000000399       0x72 ../Simulation_bsp/\libhal_bsp.a(alt_irq_handler.o)
 .debug_loc     0x000000000000040b      0x1de ../Simulation_bsp/\libhal_bsp.a(alt_printf.o)
 .debug_loc     0x00000000000005e9       0x2c ../Simulation_bsp/\libhal_bsp.a(alt_putchar.o)
 .debug_loc     0x0000000000000615       0x37 ../Simulation_bsp/\libhal_bsp.a(alt_putstr.o)
 .debug_loc     0x000000000000064c       0x21 ../Simulation_bsp/\libhal_bsp.a(alt_usleep.o)
 .debug_loc     0x000000000000066d       0x21 ../Simulation_bsp/\libhal_bsp.a(alt_sys_init.o)
 .debug_loc     0x000000000000068e       0x8b ../Simulation_bsp/\libhal_bsp.a(altera_avalon_jtag_uart_write.o)
 .debug_loc     0x0000000000000719       0x67 ../Simulation_bsp/\libhal_bsp.a(alt_busy_sleep.o)
 .debug_loc     0x0000000000000780       0x65 ../Simulation_bsp/\libhal_bsp.a(alt_instruction_exception_entry.o)
 .debug_loc     0x00000000000007e5       0x1e c:/intelfpga_lite/18.1/nios2eds/bin/gnu/h-x86_64-mingw32/bin/../lib/gcc/nios2-elf/5.3.0/../../../../../H-x86_64-mingw32/nios2-elf/lib/mno-hw-mul\libsmallc.a(lib_a-strlen.o)
 .debug_loc     0x0000000000000803      0x4ce c:/intelfpga_lite/18.1/nios2eds/bin/gnu/h-x86_64-mingw32/bin/../lib/gcc/nios2-elf/5.3.0/mno-hw-mul\libgcc.a(lib2-divmod.o)
 .debug_loc     0x0000000000000cd1       0x93 c:/intelfpga_lite/18.1/nios2eds/bin/gnu/h-x86_64-mingw32/bin/../lib/gcc/nios2-elf/5.3.0/mno-hw-mul\libgcc.a(lib2-mul.o)

.debug_macinfo
 *(.debug_macinfo)

.debug_weaknames
 *(.debug_weaknames)

.debug_funcnames
 *(.debug_funcnames)

.debug_typenames
 *(.debug_typenames)

.debug_varnames
 *(.debug_varnames)

.debug_alt_sim_info
                0x0000000000000000       0x40
 *(.debug_alt_sim_info)
 .debug_alt_sim_info
                0x0000000000000000       0x10 ../Simulation_bsp//obj/HAL/src/crt0.o
 .debug_alt_sim_info
                0x0000000000000010       0x30 ../Simulation_bsp/\libhal_bsp.a(alt_busy_sleep.o)
                0x0000000000004000                __alt_data_end = 0x4000
                0x0000000000004000                PROVIDE (__alt_stack_pointer, __alt_data_end)
                [!provide]                        PROVIDE (__alt_stack_limit, __alt_stack_base)
                [!provide]                        PROVIDE (__alt_heap_start, end)
                [!provide]                        PROVIDE (__alt_heap_limit, 0x4000)
OUTPUT(Simulation.elf elf32-littlenios2)

.debug_ranges   0x0000000000000000      0x188
 .debug_ranges  0x0000000000000000       0x20 ../Simulation_bsp//obj/HAL/src/crt0.o
 .debug_ranges  0x0000000000000020       0x18 obj/default/hello_world_small.o
 .debug_ranges  0x0000000000000038       0x28 ../Simulation_bsp/\libhal_bsp.a(alt_irq_entry.o)
 .debug_ranges  0x0000000000000060       0x10 ../Simulation_bsp/\libhal_bsp.a(alt_irq_handler.o)
 .debug_ranges  0x0000000000000070       0x48 ../Simulation_bsp/\libhal_bsp.a(alt_load.o)
 .debug_ranges  0x00000000000000b8       0x18 ../Simulation_bsp/\libhal_bsp.a(alt_printf.o)
 .debug_ranges  0x00000000000000d0       0x30 ../Simulation_bsp/\libhal_bsp.a(alt_exception_entry.o)
 .debug_ranges  0x0000000000000100       0x18 ../Simulation_bsp/\libhal_bsp.a(alt_instruction_exception_entry.o)
 .debug_ranges  0x0000000000000118       0x10 c:/intelfpga_lite/18.1/nios2eds/bin/gnu/h-x86_64-mingw32/bin/../lib/gcc/nios2-elf/5.3.0/../../../../../H-x86_64-mingw32/nios2-elf/lib/mno-hw-mul\libsmallc.a(lib_a-strlen.o)
 .debug_ranges  0x0000000000000128       0x60 c:/intelfpga_lite/18.1/nios2eds/bin/gnu/h-x86_64-mingw32/bin/../lib/gcc/nios2-elf/5.3.0/mno-hw-mul\libgcc.a(lib2-divmod.o)
