Archive member included to satisfy reference by file (symbol)

../Simulation_bsp/\libhal_bsp.a(alt_iic.o)
                              obj/default/hello_world_small.o (alt_ic_isr_register)
../Simulation_bsp/\libhal_bsp.a(alt_iic_isr_register.o)
                              ../Simulation_bsp/\libhal_bsp.a(alt_iic.o) (alt_iic_isr_register)
../Simulation_bsp/\libhal_bsp.a(alt_irq_entry.o)
                              ../Simulation_bsp/\libhal_bsp.a(alt_iic_isr_register.o) (alt_irq_entry)
../Simulation_bsp/\libhal_bsp.a(alt_irq_handler.o)
                              ../Simulation_bsp/\libhal_bsp.a(alt_iic_isr_register.o) (alt_irq_handler)
../Simulation_bsp/\libhal_bsp.a(alt_irq_vars.o)
                              ../Simulation_bsp/\libhal_bsp.a(alt_iic.o) (alt_irq_active)
../Simulation_bsp/\libhal_bsp.a(alt_load.o)
                              ../Simulation_bsp//obj/HAL/src/crt0.o (alt_load)
../Simulation_bsp/\libhal_bsp.a(alt_main.o)
                              ../Simulation_bsp//obj/HAL/src/crt0.o (alt_main)
../Simulation_bsp/\libhal_bsp.a(alt_printf.o)
                              obj/default/hello_world_small.o (alt_printf)
../Simulation_bsp/\libhal_bsp.a(alt_putchar.o)
                              ../Simulation_bsp/\libhal_bsp.a(alt_printf.o) (alt_putchar)
../Simulation_bsp/\libhal_bsp.a(alt_putstr.o)
                              obj/default/hello_world_small.o (alt_putstr)
../Simulation_bsp/\libhal_bsp.a(alt_sys_init.o)
                              ../Simulation_bsp/\libhal_bsp.a(alt_main.o) (alt_irq_init)
../Simulation_bsp/\libhal_bsp.a(altera_avalon_jtag_uart_write.o)
                              ../Simulation_bsp/\libhal_bsp.a(alt_putchar.o) (altera_avalon_jtag_uart_write)
../Simulation_bsp/\libhal_bsp.a(alt_dcache_flush_all.o)
                              ../Simulation_bsp/\libhal_bsp.a(alt_load.o) (alt_dcache_flush_all)
../Simulation_bsp/\libhal_bsp.a(alt_exception_entry.o)
                              ../Simulation_bsp/\libhal_bsp.a(alt_irq_entry.o) (alt_exception)
../Simulation_bsp/\libhal_bsp.a(alt_icache_flush_all.o)
                              ../Simulation_bsp/\libhal_bsp.a(alt_load.o) (alt_icache_flush_all)
../Simulation_bsp/\libhal_bsp.a(alt_instruction_exception_entry.o)
                              ../Simulation_bsp/\libhal_bsp.a(alt_exception_entry.o) (alt_instruction_exception_entry)
../Simulation_bsp/\libhal_bsp.a(altera_nios2_gen2_irq.o)
                              ../Simulation_bsp/\libhal_bsp.a(alt_sys_init.o) (altera_nios2_gen2_irq_init)
c:/intelfpga_lite/18.1/nios2eds/bin/gnu/h-x86_64-mingw32/bin/../lib/gcc/nios2-elf/5.3.0/../../../../../H-x86_64-mingw32/nios2-elf/lib/mno-hw-mul\libsmallc.a(lib_a-strlen.o)
                              ../Simulation_bsp/\libhal_bsp.a(alt_putstr.o) (strlen)

Allocating common symbols
Common symbol       size              file

alt_irq             0x100             ../Simulation_bsp/\libhal_bsp.a(alt_irq_handler.o)

Memory Configuration

Name             Origin             Length             Attributes
reset            0x0000000000002000 0x0000000000000020
RAM              0x0000000000002020 0x0000000000001fe0
*default*        0x0000000000000000 0xffffffffffffffff

Linker script and memory map

LOAD ../Simulation_bsp//obj/HAL/src/crt0.o
LOAD obj/default/hello_world_small.o
LOAD c:/intelfpga_lite/18.1/nios2eds/bin/gnu/h-x86_64-mingw32/bin/../lib/gcc/nios2-elf/5.3.0/../../../../../H-x86_64-mingw32/nios2-elf/lib/mno-hw-mul\libstdc++.a
LOAD c:/intelfpga_lite/18.1/nios2eds/bin/gnu/h-x86_64-mingw32/bin/../lib/gcc/nios2-elf/5.3.0/../../../../../H-x86_64-mingw32/nios2-elf/lib/mno-hw-mul\libm.a
LOAD c:/intelfpga_lite/18.1/nios2eds/bin/gnu/h-x86_64-mingw32/bin/../lib/gcc/nios2-elf/5.3.0/mno-hw-mul\libgcc.a
START GROUP
LOAD c:/intelfpga_lite/18.1/nios2eds/bin/gnu/h-x86_64-mingw32/bin/../lib/gcc/nios2-elf/5.3.0/../../../../../H-x86_64-mingw32/nios2-elf/lib/mno-hw-mul\libsmallc.a
LOAD c:/intelfpga_lite/18.1/nios2eds/bin/gnu/h-x86_64-mingw32/bin/../lib/gcc/nios2-elf/5.3.0/mno-hw-mul\libgcc.a
LOAD ../Simulation_bsp/\libhal_bsp.a
LOAD c:/intelfpga_lite/18.1/nios2eds/bin/gnu/h-x86_64-mingw32/bin/../lib/gcc/nios2-elf/5.3.0/../../../../../H-x86_64-mingw32/nios2-elf/lib/mno-hw-mul\libm.a
END GROUP
LOAD c:/intelfpga_lite/18.1/nios2eds/bin/gnu/h-x86_64-mingw32/bin/../lib/gcc/nios2-elf/5.3.0/mno-hw-mul\libgcc.a
                0x0000000000002000                __alt_mem_RAM = 0x2000

.entry          0x0000000000002000       0x20
 *(.entry)
 .entry         0x0000000000002000       0x20 ../Simulation_bsp//obj/HAL/src/crt0.o
                0x0000000000002000                __reset
                0x000000000000200c                _exit

.exceptions     0x0000000000002020      0x160
                0x0000000000002020                PROVIDE (__ram_exceptions_start, ABSOLUTE (.))
                0x0000000000002020                . = ALIGN (0x20)
 *(.irq)
 *(.exceptions.entry.label)
 .exceptions.entry.label
                0x0000000000002020        0x0 ../Simulation_bsp/\libhal_bsp.a(alt_irq_entry.o)
                0x0000000000002020                alt_irq_entry
 .exceptions.entry.label
                0x0000000000002020        0x0 ../Simulation_bsp/\libhal_bsp.a(alt_exception_entry.o)
                0x0000000000002020                alt_exception
 *(.exceptions.entry.user)
 *(.exceptions.entry.ecc_fatal)
 *(.exceptions.entry)
 .exceptions.entry
                0x0000000000002020       0x54 ../Simulation_bsp/\libhal_bsp.a(alt_exception_entry.o)
 *(.exceptions.irqtest.user)
 *(.exceptions.irqtest)
 .exceptions.irqtest
                0x0000000000002074       0x10 ../Simulation_bsp/\libhal_bsp.a(alt_irq_entry.o)
 *(.exceptions.irqhandler.user)
 *(.exceptions.irqhandler)
 .exceptions.irqhandler
                0x0000000000002084        0x4 ../Simulation_bsp/\libhal_bsp.a(alt_irq_entry.o)
 *(.exceptions.irqreturn.user)
 *(.exceptions.irqreturn)
 .exceptions.irqreturn
                0x0000000000002088        0x4 ../Simulation_bsp/\libhal_bsp.a(alt_irq_entry.o)
 *(.exceptions.notirq.label)
 .exceptions.notirq.label
                0x000000000000208c        0x0 ../Simulation_bsp/\libhal_bsp.a(alt_irq_entry.o)
 *(.exceptions.notirq.user)
 *(.exceptions.notirq)
 .exceptions.notirq
                0x000000000000208c        0x8 ../Simulation_bsp/\libhal_bsp.a(alt_exception_entry.o)
 *(.exceptions.soft.user)
 *(.exceptions.soft)
 *(.exceptions.unknown.user)
 *(.exceptions.unknown)
 .exceptions.unknown
                0x0000000000002094       0x14 ../Simulation_bsp/\libhal_bsp.a(alt_exception_entry.o)
 *(.exceptions.exit.label)
 .exceptions.exit.label
                0x00000000000020a8        0x0 ../Simulation_bsp/\libhal_bsp.a(alt_irq_entry.o)
 .exceptions.exit.label
                0x00000000000020a8        0x0 ../Simulation_bsp/\libhal_bsp.a(alt_exception_entry.o)
 *(.exceptions.exit.user)
 *(.exceptions.exit)
 .exceptions.exit
                0x00000000000020a8       0x54 ../Simulation_bsp/\libhal_bsp.a(alt_exception_entry.o)
 *(.exceptions)
 .exceptions    0x00000000000020fc       0x60 ../Simulation_bsp/\libhal_bsp.a(alt_irq_handler.o)
                0x00000000000020fc                alt_irq_handler
 .exceptions    0x000000000000215c       0x24 ../Simulation_bsp/\libhal_bsp.a(alt_instruction_exception_entry.o)
                0x000000000000215c                alt_instruction_exception_entry
                0x0000000000002180                PROVIDE (__ram_exceptions_end, ABSOLUTE (.))
                0x0000000000002020                PROVIDE (__flash_exceptions_start, LOADADDR (.exceptions))

.text           0x0000000000002180      0x5a8
                [!provide]                        PROVIDE (stext, ABSOLUTE (.))
 *(.interp)
 *(.hash)
 *(.dynsym)
 *(.dynstr)
 *(.gnu.version)
 *(.gnu.version_d)
 *(.gnu.version_r)
 *(.rel.init)
 *(.rela.init)
 *(.rel.text .rel.text.* .rel.gnu.linkonce.t.*)
 *(.rela.text .rela.text.* .rela.gnu.linkonce.t.*)
 *(.rel.fini)
 *(.rela.fini)
 *(.rel.rodata .rel.rodata.* .rel.gnu.linkonce.r.*)
 *(.rela.rodata .rela.rodata.* .rela.gnu.linkonce.r.*)
 *(.rel.data .rel.data.* .rel.gnu.linkonce.d.*)
 *(.rela.data .rela.data.* .rela.gnu.linkonce.d.*)
 *(.rel.tdata .rel.tdata.* .rel.gnu.linkonce.td.*)
 *(.rela.tdata .rela.tdata.* .rela.gnu.linkonce.td.*)
 *(.rel.tbss .rel.tbss.* .rel.gnu.linkonce.tb.*)
 *(.rela.tbss .rela.tbss.* .rela.gnu.linkonce.tb.*)
 *(.rel.ctors)
 *(.rela.ctors)
 *(.rel.dtors)
 *(.rela.dtors)
 *(.rel.got)
 *(.rela.got)
 *(.rel.sdata .rel.sdata.* .rel.gnu.linkonce.s.*)
 *(.rela.sdata .rela.sdata.* .rela.gnu.linkonce.s.*)
 *(.rel.sbss .rel.sbss.* .rel.gnu.linkonce.sb.*)
 *(.rela.sbss .rela.sbss.* .rela.gnu.linkonce.sb.*)
 *(.rel.sdata2 .rel.sdata2.* .rel.gnu.linkonce.s2.*)
 *(.rela.sdata2 .rela.sdata2.* .rela.gnu.linkonce.s2.*)
 *(.rel.sbss2 .rel.sbss2.* .rel.gnu.linkonce.sb2.*)
 *(.rela.sbss2 .rela.sbss2.* .rela.gnu.linkonce.sb2.*)
 *(.rel.bss .rel.bss.* .rel.gnu.linkonce.b.*)
 *(.rela.bss .rela.bss.* .rela.gnu.linkonce.b.*)
 *(.rel.plt)
 *(.rela.plt)
 *(.rel.dyn)
 *(.init)
 *(.plt)
 *(.text .stub .text.* .gnu.linkonce.t.*)
 .text          0x0000000000002180       0x3c ../Simulation_bsp//obj/HAL/src/crt0.o
                0x0000000000002180                _start
 .text          0x00000000000021bc       0x1c obj/default/hello_world_small.o
 .text.startup  0x00000000000021d8       0x68 obj/default/hello_world_small.o
                0x00000000000021d8                main
 .text          0x0000000000002240       0x8c ../Simulation_bsp/\libhal_bsp.a(alt_iic.o)
                0x0000000000002240                alt_ic_isr_register
                0x0000000000002244                alt_ic_irq_enable
                0x000000000000227c                alt_ic_irq_disable
                0x00000000000022b4                alt_ic_irq_enabled
 .text          0x00000000000022cc       0x68 ../Simulation_bsp/\libhal_bsp.a(alt_iic_isr_register.o)
                0x00000000000022cc                alt_iic_isr_register
 .text          0x0000000000002334        0x0 ../Simulation_bsp/\libhal_bsp.a(alt_irq_entry.o)
 .text          0x0000000000002334        0x0 ../Simulation_bsp/\libhal_bsp.a(alt_irq_handler.o)
 .text          0x0000000000002334        0x0 ../Simulation_bsp/\libhal_bsp.a(alt_irq_vars.o)
 .text          0x0000000000002334       0xe0 ../Simulation_bsp/\libhal_bsp.a(alt_load.o)
                0x0000000000002334                alt_load
 .text          0x0000000000002414       0x2c ../Simulation_bsp/\libhal_bsp.a(alt_main.o)
                0x0000000000002414                alt_main
 .text          0x0000000000002440      0x170 ../Simulation_bsp/\libhal_bsp.a(alt_printf.o)
                0x0000000000002440                alt_printf
 .text          0x00000000000025b0       0x48 ../Simulation_bsp/\libhal_bsp.a(alt_putchar.o)
                0x00000000000025b0                alt_putchar
 .text          0x00000000000025f8       0x38 ../Simulation_bsp/\libhal_bsp.a(alt_putstr.o)
                0x00000000000025f8                alt_putstr
 .text          0x0000000000002630       0x24 ../Simulation_bsp/\libhal_bsp.a(alt_sys_init.o)
                0x0000000000002630                alt_irq_init
                0x0000000000002650                alt_sys_init
 .text          0x0000000000002654       0x34 ../Simulation_bsp/\libhal_bsp.a(altera_avalon_jtag_uart_write.o)
                0x0000000000002654                altera_avalon_jtag_uart_write
 .text          0x0000000000002688        0x4 ../Simulation_bsp/\libhal_bsp.a(alt_dcache_flush_all.o)
                0x0000000000002688                alt_dcache_flush_all
 .text          0x000000000000268c        0x0 ../Simulation_bsp/\libhal_bsp.a(alt_exception_entry.o)
 .text          0x000000000000268c        0x4 ../Simulation_bsp/\libhal_bsp.a(alt_icache_flush_all.o)
                0x000000000000268c                alt_icache_flush_all
 .text          0x0000000000002690       0x74 ../Simulation_bsp/\libhal_bsp.a(alt_instruction_exception_entry.o)
                0x0000000000002690                alt_exception_cause_generated_bad_addr
 .text          0x0000000000002704        0x8 ../Simulation_bsp/\libhal_bsp.a(altera_nios2_gen2_irq.o)
                0x0000000000002704                altera_nios2_gen2_irq_init
 .text          0x000000000000270c        0x0 c:/intelfpga_lite/18.1/nios2eds/bin/gnu/h-x86_64-mingw32/bin/../lib/gcc/nios2-elf/5.3.0/../../../../../H-x86_64-mingw32/nios2-elf/lib/mno-hw-mul\libsmallc.a(lib_a-strlen.o)
 .text.strlen   0x000000000000270c       0x1c c:/intelfpga_lite/18.1/nios2eds/bin/gnu/h-x86_64-mingw32/bin/../lib/gcc/nios2-elf/5.3.0/../../../../../H-x86_64-mingw32/nios2-elf/lib/mno-hw-mul\libsmallc.a(lib_a-strlen.o)
                0x000000000000270c                strlen
 *(.gnu.warning.*)
 *(.fini)
                [!provide]                        PROVIDE (__etext, ABSOLUTE (.))
                [!provide]                        PROVIDE (_etext, ABSOLUTE (.))
                [!provide]                        PROVIDE (etext, ABSOLUTE (.))
 *(.eh_frame_hdr)
                0x0000000000002728                . = ALIGN (0x4)
                [!provide]                        PROVIDE (__preinit_array_start, ABSOLUTE (.))
 *(.preinit_array)
                [!provide]                        PROVIDE (__preinit_array_end, ABSOLUTE (.))
                [!provide]                        PROVIDE (__init_array_start, ABSOLUTE (.))
 *(.init_array)
                [!provide]                        PROVIDE (__init_array_end, ABSOLUTE (.))
                [!provide]                        PROVIDE (__fini_array_start, ABSOLUTE (.))
 *(.fini_array)
                [!provide]                        PROVIDE (__fini_array_end, ABSOLUTE (.))
 *(.eh_frame)
 *(.gcc_except_table .gcc_except_table.*)
 *(.dynamic)
                [!provide]                        PROVIDE (__CTOR_LIST__, ABSOLUTE (.))
 *(.ctors)
 *(SORT(.ctors.*))
                [!provide]                        PROVIDE (__CTOR_END__, ABSOLUTE (.))
                [!provide]                        PROVIDE (__DTOR_LIST__, ABSOLUTE (.))
 *(.dtors)
 *(SORT(.dtors.*))
                [!provide]                        PROVIDE (__DTOR_END__, ABSOLUTE (.))
 *(.jcr)
                0x0000000000002728                . = ALIGN (0x4)

.rodata         0x0000000000002728       0x30
                0x0000000000002728                PROVIDE (__ram_rodata_start, ABSOLUTE (.))
                0x0000000000002728                . = ALIGN (0x4)
 *(.rodata .rodata.* .gnu.linkonce.r.*)
 .rodata.str1.4
                0x0000000000002728       0x30 obj/default/hello_world_small.o
 *(.rodata1)
                0x0000000000002758                . = ALIGN (0x4)
                0x0000000000002758                PROVIDE (__ram_rodata_end, ABSOLUTE (.))
                0x0000000000002728                PROVIDE (__flash_rodata_start, LOADADDR (.rodata))

.rwdata         0x0000000000002758        0x8 load address 0x0000000000002760
                0x0000000000002758                PROVIDE (__ram_rwdata_start, ABSOLUTE (.))
                0x0000000000002758                . = ALIGN (0x4)
 *(.got.plt)
 *(.got)
 *(.data1)
 *(.data .data.* .gnu.linkonce.d.*)
 .data          0x0000000000002758        0x0 ../Simulation_bsp//obj/HAL/src/crt0.o
 .data          0x0000000000002758        0x0 obj/default/hello_world_small.o
 .data          0x0000000000002758        0x0 ../Simulation_bsp/\libhal_bsp.a(alt_iic.o)
 .data          0x0000000000002758        0x0 ../Simulation_bsp/\libhal_bsp.a(alt_iic_isr_register.o)
 .data          0x0000000000002758        0x0 ../Simulation_bsp/\libhal_bsp.a(alt_irq_entry.o)
 .data          0x0000000000002758        0x0 ../Simulation_bsp/\libhal_bsp.a(alt_irq_handler.o)
 .data          0x0000000000002758        0x0 ../Simulation_bsp/\libhal_bsp.a(alt_irq_vars.o)
 .data          0x0000000000002758        0x0 ../Simulation_bsp/\libhal_bsp.a(alt_load.o)
 .data          0x0000000000002758        0x0 ../Simulation_bsp/\libhal_bsp.a(alt_main.o)
 .data          0x0000000000002758        0x0 ../Simulation_bsp/\libhal_bsp.a(alt_printf.o)
 .data          0x0000000000002758        0x0 ../Simulation_bsp/\libhal_bsp.a(alt_putchar.o)
 .data          0x0000000000002758        0x0 ../Simulation_bsp/\libhal_bsp.a(alt_putstr.o)
 .data          0x0000000000002758        0x0 ../Simulation_bsp/\libhal_bsp.a(alt_sys_init.o)
 .data          0x0000000000002758        0x0 ../Simulation_bsp/\libhal_bsp.a(altera_avalon_jtag_uart_write.o)
 .data          0x0000000000002758        0x0 ../Simulation_bsp/\libhal_bsp.a(alt_dcache_flush_all.o)
 .data          0x0000000000002758        0x0 ../Simulation_bsp/\libhal_bsp.a(alt_exception_entry.o)
 .data          0x0000000000002758        0x0 ../Simulation_bsp/\libhal_bsp.a(alt_icache_flush_all.o)
 .data          0x0000000000002758        0x0 ../Simulation_bsp/\libhal_bsp.a(alt_instruction_exception_entry.o)
 .data          0x0000000000002758        0x0 ../Simulation_bsp/\libhal_bsp.a(altera_nios2_gen2_irq.o)
 .data          0x0000000000002758        0x0 c:/intelfpga_lite/18.1/nios2eds/bin/gnu/h-x86_64-mingw32/bin/../lib/gcc/nios2-elf/5.3.0/../../../../../H-x86_64-mingw32/nios2-elf/lib/mno-hw-mul\libsmallc.a(lib_a-strlen.o)
                0x000000000000a758                _gp = ABSOLUTE ((. + 0x8000))
                [!provide]                        PROVIDE (gp, _gp)
 *(.rwdata .rwdata.*)
 *(.sdata .sdata.* .gnu.linkonce.s.*)
 .sdata         0x0000000000002758        0x4 ../Simulation_bsp/\libhal_bsp.a(alt_irq_vars.o)
                0x0000000000002758                alt_priority_mask
 .sdata         0x000000000000275c        0x4 ../Simulation_bsp/\libhal_bsp.a(alt_sys_init.o)
                0x000000000000275c                JTAG
 *(.sdata2 .sdata2.* .gnu.linkonce.s2.*)
                0x0000000000002760                . = ALIGN (0x4)
                0x0000000000002760                _edata = ABSOLUTE (.)
                [!provide]                        PROVIDE (edata, ABSOLUTE (.))
                0x0000000000002760                PROVIDE (__ram_rwdata_end, ABSOLUTE (.))
                0x0000000000002760                PROVIDE (__flash_rwdata_start, LOADADDR (.rwdata))

.bss            0x0000000000002768      0x118
                0x0000000000002768                __bss_start = ABSOLUTE (.)
                [!provide]                        PROVIDE (__sbss_start, ABSOLUTE (.))
                [!provide]                        PROVIDE (___sbss_start, ABSOLUTE (.))
 *(.dynsbss)
 *(.sbss .sbss.* .gnu.linkonce.sb.*)
 .sbss          0x0000000000002768        0x4 obj/default/hello_world_small.o
                0x0000000000002768                last_edge
 .sbss          0x000000000000276c        0x4 ../Simulation_bsp/\libhal_bsp.a(alt_irq_vars.o)
                0x000000000000276c                alt_irq_active
 .sbss          0x0000000000002770        0xc ../Simulation_bsp/\libhal_bsp.a(alt_main.o)
                0x0000000000002770                alt_envp
                0x0000000000002774                alt_argv
                0x0000000000002778                alt_argc
 .sbss          0x000000000000277c        0x4 ../Simulation_bsp/\libhal_bsp.a(alt_instruction_exception_entry.o)
                0x000000000000277c                alt_instruction_exception_handler
 *(.sbss2 .sbss2.* .gnu.linkonce.sb2.*)
 *(.scommon)
                [!provide]                        PROVIDE (__sbss_end, ABSOLUTE (.))
                [!provide]                        PROVIDE (___sbss_end, ABSOLUTE (.))
 *(.dynbss)
 *(.bss .bss.* .gnu.linkonce.b.*)
 .bss           0x0000000000002780        0x0 ../Simulation_bsp//obj/HAL/src/crt0.o
 .bss           0x0000000000002780        0x0 obj/default/hello_world_small.o
 .bss           0x0000000000002780        0x0 ../Simulation_bsp/\libhal_bsp.a(alt_iic.o)
 .bss           0x0000000000002780        0x0 ../Simulation_bsp/\libhal_bsp.a(alt_iic_isr_register.o)
 .bss           0x0000000000002780        0x0 ../Simulation_bsp/\libhal_bsp.a(alt_irq_entry.o)
 .bss           0x0000000000002780        0x0 ../Simulation_bsp/\libhal_bsp.a(alt_irq_handler.o)
 .bss           0x0000000000002780        0x0 ../Simulation_bsp/\libhal_bsp.a(alt_irq_vars.o)
 .bss           0x0000000000002780        0x0 ../Simulation_bsp/\libhal_bsp.a(alt_load.o)
 .bss           0x0000000000002780        0x0 ../Simulation_bsp/\libhal_bsp.a(alt_main.o)
 .bss           0x0000000000002780        0x0 ../Simulation_bsp/\libhal_bsp.a(alt_printf.o)
 .bss           0x0000000000002780        0x0 ../Simulation_bsp/\libhal_bsp.a(alt_putchar.o)
 .bss           0x0000000000002780        0x0 ../Simulation_bsp/\libhal_bsp.a(alt_putstr.o)
 .bss           0x0000000000002780        0x0 ../Simulation_bsp/\libhal_bsp.a(alt_sys_init.o)
 .bss           0x0000000000002780        0x0 ../Simulation_bsp/\libhal_bsp.a(altera_avalon_jtag_uart_write.o)
 .bss           0x0000000000002780        0x0 ../Simulation_bsp/\libhal_bsp.a(alt_dcache_flush_all.o)
 .bss           0x0000000000002780        0x0 ../Simulation_bsp/\libhal_bsp.a(alt_exception_entry.o)
 .bss           0x0000000000002780        0x0 ../Simulation_bsp/\libhal_bsp.a(alt_icache_flush_all.o)
 .bss           0x0000000000002780        0x0 ../Simulation_bsp/\libhal_bsp.a(alt_instruction_exception_entry.o)
 .bss           0x0000000000002780        0x0 ../Simulation_bsp/\libhal_bsp.a(altera_nios2_gen2_irq.o)
 .bss           0x0000000000002780        0x0 c:/intelfpga_lite/18.1/nios2eds/bin/gnu/h-x86_64-mingw32/bin/../lib/gcc/nios2-elf/5.3.0/../../../../../H-x86_64-mingw32/nios2-elf/lib/mno-hw-mul\libsmallc.a(lib_a-strlen.o)
 *(COMMON)
 COMMON         0x0000000000002780      0x100 ../Simulation_bsp/\libhal_bsp.a(alt_irq_handler.o)
                0x0000000000002780                alt_irq
                0x0000000000002880                . = ALIGN (0x4)
                0x0000000000002880                __bss_end = ABSOLUTE (.)

.RAM            0x0000000000002880        0x0
                [!provide]                        PROVIDE (_alt_partition_RAM_start, ABSOLUTE (.))
 *(.RAM .RAM. RAM.*)
                0x0000000000002880                . = ALIGN (0x4)
                [!provide]                        PROVIDE (_alt_partition_RAM_end, ABSOLUTE (.))
                0x0000000000002880                _end = ABSOLUTE (.)
                0x0000000000002880                end = ABSOLUTE (.)
                0x0000000000002880                __alt_stack_base = ABSOLUTE (.)
                [!provide]                        PROVIDE (_alt_partition_RAM_load_addr, LOADADDR (.RAM))

.stab
 *(.stab)

.stabstr
 *(.stabstr)

.stab.excl
 *(.stab.excl)

.stab.exclstr
 *(.stab.exclstr)

.stab.index
 *(.stab.index)

.stab.indexstr
 *(.stab.indexstr)

.comment        0x0000000000000000       0x23
 *(.comment)
 .comment       0x0000000000000000       0x23 obj/default/hello_world_small.o
                                         0x24 (size before relaxing)
 .comment       0x0000000000000023       0x24 ../Simulation_bsp/\libhal_bsp.a(alt_iic.o)
 .comment       0x0000000000000023       0x24 ../Simulation_bsp/\libhal_bsp.a(alt_iic_isr_register.o)
 .comment       0x0000000000000023       0x24 ../Simulation_bsp/\libhal_bsp.a(alt_irq_handler.o)
 .comment       0x0000000000000023       0x24 ../Simulation_bsp/\libhal_bsp.a(alt_irq_vars.o)
 .comment       0x0000000000000023       0x24 ../Simulation_bsp/\libhal_bsp.a(alt_load.o)
 .comment       0x0000000000000023       0x24 ../Simulation_bsp/\libhal_bsp.a(alt_main.o)
 .comment       0x0000000000000023       0x24 ../Simulation_bsp/\libhal_bsp.a(alt_printf.o)
 .comment       0x0000000000000023       0x24 ../Simulation_bsp/\libhal_bsp.a(alt_putchar.o)
 .comment       0x0000000000000023       0x24 ../Simulation_bsp/\libhal_bsp.a(alt_putstr.o)
 .comment       0x0000000000000023       0x24 ../Simulation_bsp/\libhal_bsp.a(alt_sys_init.o)
 .comment       0x0000000000000023       0x24 ../Simulation_bsp/\libhal_bsp.a(altera_avalon_jtag_uart_write.o)
 .comment       0x0000000000000023       0x24 ../Simulation_bsp/\libhal_bsp.a(alt_dcache_flush_all.o)
 .comment       0x0000000000000023       0x24 ../Simulation_bsp/\libhal_bsp.a(alt_icache_flush_all.o)
 .comment       0x0000000000000023       0x24 ../Simulation_bsp/\libhal_bsp.a(alt_instruction_exception_entry.o)
 .comment       0x0000000000000023       0x24 ../Simulation_bsp/\libhal_bsp.a(altera_nios2_gen2_irq.o)
 .comment       0x0000000000000023       0x24 c:/intelfpga_lite/18.1/nios2eds/bin/gnu/h-x86_64-mingw32/bin/../lib/gcc/nios2-elf/5.3.0/../../../../../H-x86_64-mingw32/nios2-elf/lib/mno-hw-mul\libsmallc.a(lib_a-strlen.o)

.debug
 *(.debug)

.line
 *(.line)

.debug_srcinfo
 *(.debug_srcinfo)

.debug_sfnames
 *(.debug_sfnames)

.debug_aranges  0x0000000000000000      0x2b8
 *(.debug_aranges)
 .debug_aranges
                0x0000000000000000       0x28 ../Simulation_bsp//obj/HAL/src/crt0.o
 .debug_aranges
                0x0000000000000028       0x28 obj/default/hello_world_small.o
 .debug_aranges
                0x0000000000000050       0x20 ../Simulation_bsp/\libhal_bsp.a(alt_iic.o)
 .debug_aranges
                0x0000000000000070       0x20 ../Simulation_bsp/\libhal_bsp.a(alt_iic_isr_register.o)
 .debug_aranges
                0x0000000000000090       0x30 ../Simulation_bsp/\libhal_bsp.a(alt_irq_entry.o)
 .debug_aranges
                0x00000000000000c0       0x20 ../Simulation_bsp/\libhal_bsp.a(alt_irq_handler.o)
 .debug_aranges
                0x00000000000000e0       0x18 ../Simulation_bsp/\libhal_bsp.a(alt_irq_vars.o)
 .debug_aranges
                0x00000000000000f8       0x20 ../Simulation_bsp/\libhal_bsp.a(alt_load.o)
 .debug_aranges
                0x0000000000000118       0x20 ../Simulation_bsp/\libhal_bsp.a(alt_main.o)
 .debug_aranges
                0x0000000000000138       0x20 ../Simulation_bsp/\libhal_bsp.a(alt_printf.o)
 .debug_aranges
                0x0000000000000158       0x20 ../Simulation_bsp/\libhal_bsp.a(alt_putchar.o)
 .debug_aranges
                0x0000000000000178       0x20 ../Simulation_bsp/\libhal_bsp.a(alt_putstr.o)
 .debug_aranges
                0x0000000000000198       0x20 ../Simulation_bsp/\libhal_bsp.a(alt_sys_init.o)
 .debug_aranges
                0x00000000000001b8       0x20 ../Simulation_bsp/\libhal_bsp.a(altera_avalon_jtag_uart_write.o)
 .debug_aranges
                0x00000000000001d8       0x20 ../Simulation_bsp/\libhal_bsp.a(alt_dcache_flush_all.o)
 .debug_aranges
                0x00000000000001f8       0x38 ../Simulation_bsp/\libhal_bsp.a(alt_exception_entry.o)
 .debug_aranges
                0x0000000000000230       0x20 ../Simulation_bsp/\libhal_bsp.a(alt_icache_flush_all.o)
 .debug_aranges
                0x0000000000000250       0x28 ../Simulation_bsp/\libhal_bsp.a(alt_instruction_exception_entry.o)
 .debug_aranges
                0x0000000000000278       0x20 ../Simulation_bsp/\libhal_bsp.a(altera_nios2_gen2_irq.o)
 .debug_aranges
                0x0000000000000298       0x20 c:/intelfpga_lite/18.1/nios2eds/bin/gnu/h-x86_64-mingw32/bin/../lib/gcc/nios2-elf/5.3.0/../../../../../H-x86_64-mingw32/nios2-elf/lib/mno-hw-mul\libsmallc.a(lib_a-strlen.o)

.debug_pubnames
 *(.debug_pubnames)

.debug_info     0x0000000000000000     0x192d
 *(.debug_info .gnu.linkonce.wi.*)
 .debug_info    0x0000000000000000       0x5b ../Simulation_bsp//obj/HAL/src/crt0.o
 .debug_info    0x000000000000005b      0x1a9 obj/default/hello_world_small.o
 .debug_info    0x0000000000000204      0x38a ../Simulation_bsp/\libhal_bsp.a(alt_iic.o)
 .debug_info    0x000000000000058e      0x232 ../Simulation_bsp/\libhal_bsp.a(alt_iic_isr_register.o)
 .debug_info    0x00000000000007c0       0x64 ../Simulation_bsp/\libhal_bsp.a(alt_irq_entry.o)
 .debug_info    0x0000000000000824      0x184 ../Simulation_bsp/\libhal_bsp.a(alt_irq_handler.o)
 .debug_info    0x00000000000009a8       0x88 ../Simulation_bsp/\libhal_bsp.a(alt_irq_vars.o)
 .debug_info    0x0000000000000a30      0x1c9 ../Simulation_bsp/\libhal_bsp.a(alt_load.o)
 .debug_info    0x0000000000000bf9      0x169 ../Simulation_bsp/\libhal_bsp.a(alt_main.o)
 .debug_info    0x0000000000000d62      0x14d ../Simulation_bsp/\libhal_bsp.a(alt_printf.o)
 .debug_info    0x0000000000000eaf      0x12a ../Simulation_bsp/\libhal_bsp.a(alt_putchar.o)
 .debug_info    0x0000000000000fd9      0x13a ../Simulation_bsp/\libhal_bsp.a(alt_putstr.o)
 .debug_info    0x0000000000001113      0x19d ../Simulation_bsp/\libhal_bsp.a(alt_sys_init.o)
 .debug_info    0x00000000000012b0      0x197 ../Simulation_bsp/\libhal_bsp.a(altera_avalon_jtag_uart_write.o)
 .debug_info    0x0000000000001447       0x92 ../Simulation_bsp/\libhal_bsp.a(alt_dcache_flush_all.o)
 .debug_info    0x00000000000014d9       0x6a ../Simulation_bsp/\libhal_bsp.a(alt_exception_entry.o)
 .debug_info    0x0000000000001543       0x92 ../Simulation_bsp/\libhal_bsp.a(alt_icache_flush_all.o)
 .debug_info    0x00000000000015d5      0x1fd ../Simulation_bsp/\libhal_bsp.a(alt_instruction_exception_entry.o)
 .debug_info    0x00000000000017d2       0x92 ../Simulation_bsp/\libhal_bsp.a(altera_nios2_gen2_irq.o)
 .debug_info    0x0000000000001864       0xc9 c:/intelfpga_lite/18.1/nios2eds/bin/gnu/h-x86_64-mingw32/bin/../lib/gcc/nios2-elf/5.3.0/../../../../../H-x86_64-mingw32/nios2-elf/lib/mno-hw-mul\libsmallc.a(lib_a-strlen.o)

.debug_abbrev   0x0000000000000000      0xe34
 *(.debug_abbrev)
 .debug_abbrev  0x0000000000000000       0x12 ../Simulation_bsp//obj/HAL/src/crt0.o
 .debug_abbrev  0x0000000000000012      0x113 obj/default/hello_world_small.o
 .debug_abbrev  0x0000000000000125      0x1a0 ../Simulation_bsp/\libhal_bsp.a(alt_iic.o)
 .debug_abbrev  0x00000000000002c5      0x19c ../Simulation_bsp/\libhal_bsp.a(alt_iic_isr_register.o)
 .debug_abbrev  0x0000000000000461       0x12 ../Simulation_bsp/\libhal_bsp.a(alt_irq_entry.o)
 .debug_abbrev  0x0000000000000473      0x120 ../Simulation_bsp/\libhal_bsp.a(alt_irq_handler.o)
 .debug_abbrev  0x0000000000000593       0x40 ../Simulation_bsp/\libhal_bsp.a(alt_irq_vars.o)
 .debug_abbrev  0x00000000000005d3       0xd8 ../Simulation_bsp/\libhal_bsp.a(alt_load.o)
 .debug_abbrev  0x00000000000006ab       0xee ../Simulation_bsp/\libhal_bsp.a(alt_main.o)
 .debug_abbrev  0x0000000000000799       0xd5 ../Simulation_bsp/\libhal_bsp.a(alt_printf.o)
 .debug_abbrev  0x000000000000086e       0xd2 ../Simulation_bsp/\libhal_bsp.a(alt_putchar.o)
 .debug_abbrev  0x0000000000000940       0xd3 ../Simulation_bsp/\libhal_bsp.a(alt_putstr.o)
 .debug_abbrev  0x0000000000000a13      0x10e ../Simulation_bsp/\libhal_bsp.a(alt_sys_init.o)
 .debug_abbrev  0x0000000000000b21       0xd5 ../Simulation_bsp/\libhal_bsp.a(altera_avalon_jtag_uart_write.o)
 .debug_abbrev  0x0000000000000bf6       0x42 ../Simulation_bsp/\libhal_bsp.a(alt_dcache_flush_all.o)
 .debug_abbrev  0x0000000000000c38       0x12 ../Simulation_bsp/\libhal_bsp.a(alt_exception_entry.o)
 .debug_abbrev  0x0000000000000c4a       0x42 ../Simulation_bsp/\libhal_bsp.a(alt_icache_flush_all.o)
 .debug_abbrev  0x0000000000000c8c       0xe7 ../Simulation_bsp/\libhal_bsp.a(alt_instruction_exception_entry.o)
 .debug_abbrev  0x0000000000000d73       0x42 ../Simulation_bsp/\libhal_bsp.a(altera_nios2_gen2_irq.o)
 .debug_abbrev  0x0000000000000db5       0x7f c:/intelfpga_lite/18.1/nios2eds/bin/gnu/h-x86_64-mingw32/bin/../lib/gcc/nios2-elf/5.3.0/../../../../../H-x86_64-mingw32/nios2-elf/lib/mno-hw-mul\libsmallc.a(lib_a-strlen.o)

.debug_line     0x0000000000000000      0xd87
 *(.debug_line)
 .debug_line    0x0000000000000000       0x66 ../Simulation_bsp//obj/HAL/src/crt0.o
 .debug_line    0x0000000000000066       0xce obj/default/hello_world_small.o
 .debug_line    0x0000000000000134       0xf1 ../Simulation_bsp/\libhal_bsp.a(alt_iic.o)
 .debug_line    0x0000000000000225       0xd6 ../Simulation_bsp/\libhal_bsp.a(alt_iic_isr_register.o)
 .debug_line    0x00000000000002fb       0x6b ../Simulation_bsp/\libhal_bsp.a(alt_irq_entry.o)
 .debug_line    0x0000000000000366       0xa5 ../Simulation_bsp/\libhal_bsp.a(alt_irq_handler.o)
 .debug_line    0x000000000000040b       0x50 ../Simulation_bsp/\libhal_bsp.a(alt_irq_vars.o)
 .debug_line    0x000000000000045b       0xa4 ../Simulation_bsp/\libhal_bsp.a(alt_load.o)
 .debug_line    0x00000000000004ff       0xbd ../Simulation_bsp/\libhal_bsp.a(alt_main.o)
 .debug_line    0x00000000000005bc      0x112 ../Simulation_bsp/\libhal_bsp.a(alt_printf.o)
 .debug_line    0x00000000000006ce       0x55 ../Simulation_bsp/\libhal_bsp.a(alt_putchar.o)
 .debug_line    0x0000000000000723       0xa0 ../Simulation_bsp/\libhal_bsp.a(alt_putstr.o)
 .debug_line    0x00000000000007c3      0x11a ../Simulation_bsp/\libhal_bsp.a(alt_sys_init.o)
 .debug_line    0x00000000000008dd       0xf0 ../Simulation_bsp/\libhal_bsp.a(altera_avalon_jtag_uart_write.o)
 .debug_line    0x00000000000009cd       0x4e ../Simulation_bsp/\libhal_bsp.a(alt_dcache_flush_all.o)
 .debug_line    0x0000000000000a1b       0xb3 ../Simulation_bsp/\libhal_bsp.a(alt_exception_entry.o)
 .debug_line    0x0000000000000ace       0x4e ../Simulation_bsp/\libhal_bsp.a(alt_icache_flush_all.o)
 .debug_line    0x0000000000000b1c       0xbf ../Simulation_bsp/\libhal_bsp.a(alt_instruction_exception_entry.o)
 .debug_line    0x0000000000000bdb       0x50 ../Simulation_bsp/\libhal_bsp.a(altera_nios2_gen2_irq.o)
 .debug_line    0x0000000000000c2b      0x15c c:/intelfpga_lite/18.1/nios2eds/bin/gnu/h-x86_64-mingw32/bin/../lib/gcc/nios2-elf/5.3.0/../../../../../H-x86_64-mingw32/nios2-elf/lib/mno-hw-mul\libsmallc.a(lib_a-strlen.o)

.debug_frame    0x0000000000000000      0x308
 *(.debug_frame)
 .debug_frame   0x0000000000000000       0x38 obj/default/hello_world_small.o
 .debug_frame   0x0000000000000038       0x50 ../Simulation_bsp/\libhal_bsp.a(alt_iic.o)
 .debug_frame   0x0000000000000088       0x30 ../Simulation_bsp/\libhal_bsp.a(alt_iic_isr_register.o)
 .debug_frame   0x00000000000000b8       0x34 ../Simulation_bsp/\libhal_bsp.a(alt_irq_handler.o)
 .debug_frame   0x00000000000000ec       0x30 ../Simulation_bsp/\libhal_bsp.a(alt_load.o)
 .debug_frame   0x000000000000011c       0x2c ../Simulation_bsp/\libhal_bsp.a(alt_main.o)
 .debug_frame   0x0000000000000148       0x54 ../Simulation_bsp/\libhal_bsp.a(alt_printf.o)
 .debug_frame   0x000000000000019c       0x30 ../Simulation_bsp/\libhal_bsp.a(alt_putchar.o)
 .debug_frame   0x00000000000001cc       0x30 ../Simulation_bsp/\libhal_bsp.a(alt_putstr.o)
 .debug_frame   0x00000000000001fc       0x3c ../Simulation_bsp/\libhal_bsp.a(alt_sys_init.o)
 .debug_frame   0x0000000000000238       0x20 ../Simulation_bsp/\libhal_bsp.a(altera_avalon_jtag_uart_write.o)
 .debug_frame   0x0000000000000258       0x20 ../Simulation_bsp/\libhal_bsp.a(alt_dcache_flush_all.o)
 .debug_frame   0x0000000000000278       0x20 ../Simulation_bsp/\libhal_bsp.a(alt_icache_flush_all.o)
 .debug_frame   0x0000000000000298       0x30 ../Simulation_bsp/\libhal_bsp.a(alt_instruction_exception_entry.o)
 .debug_frame   0x00000000000002c8       0x20 ../Simulation_bsp/\libhal_bsp.a(altera_nios2_gen2_irq.o)
 .debug_frame   0x00000000000002e8       0x20 c:/intelfpga_lite/18.1/nios2eds/bin/gnu/h-x86_64-mingw32/bin/../lib/gcc/nios2-elf/5.3.0/../../../../../H-x86_64-mingw32/nios2-elf/lib/mno-hw-mul\libsmallc.a(lib_a-strlen.o)

.debug_str      0x0000000000000000      0xc76
 *(.debug_str)
 .debug_str     0x0000000000000000      0x147 obj/default/hello_world_small.o
                                        0x192 (size before relaxing)
 .debug_str     0x0000000000000147      0x129 ../Simulation_bsp/\libhal_bsp.a(alt_iic.o)
                                        0x240 (size before relaxing)
 .debug_str     0x0000000000000270       0x37 ../Simulation_bsp/\libhal_bsp.a(alt_iic_isr_register.o)
                                        0x1fa (size before relaxing)
 .debug_str     0x00000000000002a7       0x3a ../Simulation_bsp/\libhal_bsp.a(alt_irq_handler.o)
                                        0x184 (size before relaxing)
 .debug_str     0x00000000000002e1       0x17 ../Simulation_bsp/\libhal_bsp.a(alt_irq_vars.o)
                                        0x127 (size before relaxing)
 .debug_str     0x00000000000002f8      0x113 ../Simulation_bsp/\libhal_bsp.a(alt_load.o)
                                        0x229 (size before relaxing)
 .debug_str     0x000000000000040b       0x8f ../Simulation_bsp/\libhal_bsp.a(alt_main.o)
                                        0x1a2 (size before relaxing)
 .debug_str     0x000000000000049a       0x59 ../Simulation_bsp/\libhal_bsp.a(alt_printf.o)
                                         0xf3 (size before relaxing)
 .debug_str     0x00000000000004f3       0x59 ../Simulation_bsp/\libhal_bsp.a(alt_putchar.o)
                                        0x173 (size before relaxing)
 .debug_str     0x000000000000054c       0x1c ../Simulation_bsp/\libhal_bsp.a(alt_putstr.o)
                                        0x178 (size before relaxing)
 .debug_str     0x0000000000000568       0xb9 ../Simulation_bsp/\libhal_bsp.a(alt_sys_init.o)
                                        0x244 (size before relaxing)
 .debug_str     0x0000000000000621       0x32 ../Simulation_bsp/\libhal_bsp.a(altera_avalon_jtag_uart_write.o)
                                        0x202 (size before relaxing)
 .debug_str     0x0000000000000653       0x1f ../Simulation_bsp/\libhal_bsp.a(alt_dcache_flush_all.o)
                                        0x142 (size before relaxing)
 .debug_str     0x0000000000000672       0x1f ../Simulation_bsp/\libhal_bsp.a(alt_icache_flush_all.o)
                                        0x142 (size before relaxing)
 .debug_str     0x0000000000000691      0x48b ../Simulation_bsp/\libhal_bsp.a(alt_instruction_exception_entry.o)
                                        0x58d (size before relaxing)
 .debug_str     0x0000000000000b1c       0x20 ../Simulation_bsp/\libhal_bsp.a(altera_nios2_gen2_irq.o)
                                        0x149 (size before relaxing)
 .debug_str     0x0000000000000b3c      0x13a c:/intelfpga_lite/18.1/nios2eds/bin/gnu/h-x86_64-mingw32/bin/../lib/gcc/nios2-elf/5.3.0/../../../../../H-x86_64-mingw32/nios2-elf/lib/mno-hw-mul\libsmallc.a(lib_a-strlen.o)
                                        0x1e5 (size before relaxing)

.debug_loc      0x0000000000000000      0x75a
 *(.debug_loc)
 .debug_loc     0x0000000000000000       0x75 obj/default/hello_world_small.o
 .debug_loc     0x0000000000000075      0x170 ../Simulation_bsp/\libhal_bsp.a(alt_iic.o)
 .debug_loc     0x00000000000001e5      0x193 ../Simulation_bsp/\libhal_bsp.a(alt_iic_isr_register.o)
 .debug_loc     0x0000000000000378       0x72 ../Simulation_bsp/\libhal_bsp.a(alt_irq_handler.o)
 .debug_loc     0x00000000000003ea      0x1de ../Simulation_bsp/\libhal_bsp.a(alt_printf.o)
 .debug_loc     0x00000000000005c8       0x2c ../Simulation_bsp/\libhal_bsp.a(alt_putchar.o)
 .debug_loc     0x00000000000005f4       0x37 ../Simulation_bsp/\libhal_bsp.a(alt_putstr.o)
 .debug_loc     0x000000000000062b       0x21 ../Simulation_bsp/\libhal_bsp.a(alt_sys_init.o)
 .debug_loc     0x000000000000064c       0x8b ../Simulation_bsp/\libhal_bsp.a(altera_avalon_jtag_uart_write.o)
 .debug_loc     0x00000000000006d7       0x65 ../Simulation_bsp/\libhal_bsp.a(alt_instruction_exception_entry.o)
 .debug_loc     0x000000000000073c       0x1e c:/intelfpga_lite/18.1/nios2eds/bin/gnu/h-x86_64-mingw32/bin/../lib/gcc/nios2-elf/5.3.0/../../../../../H-x86_64-mingw32/nios2-elf/lib/mno-hw-mul\libsmallc.a(lib_a-strlen.o)

.debug_macinfo
 *(.debug_macinfo)

.debug_weaknames
 *(.debug_weaknames)

.debug_funcnames
 *(.debug_funcnames)

.debug_typenames
 *(.debug_typenames)

.debug_varnames
 *(.debug_varnames)

.debug_alt_sim_info
                0x0000000000000000       0x10
 *(.debug_alt_sim_info)
 .debug_alt_sim_info
                0x0000000000000000       0x10 ../Simulation_bsp//obj/HAL/src/crt0.o
                0x0000000000004000                __alt_data_end = 0x4000
                0x0000000000004000                PROVIDE (__alt_stack_pointer, __alt_data_end)
                [!provide]                        PROVIDE (__alt_stack_limit, __alt_stack_base)
                [!provide]                        PROVIDE (__alt_heap_start, end)
                [!provide]                        PROVIDE (__alt_heap_limit, 0x4000)
OUTPUT(Simulation.elf elf32-littlenios2)

.debug_ranges   0x0000000000000000      0x128
 .debug_ranges  0x0000000000000000       0x20 ../Simulation_bsp//obj/HAL/src/crt0.o
 .debug_ranges  0x0000000000000020       0x18 obj/default/hello_world_small.o
 .debug_ranges  0x0000000000000038       0x28 ../Simulation_bsp/\libhal_bsp.a(alt_irq_entry.o)
 .debug_ranges  0x0000000000000060       0x10 ../Simulation_bsp/\libhal_bsp.a(alt_irq_handler.o)
 .debug_ranges  0x0000000000000070       0x48 ../Simulation_bsp/\libhal_bsp.a(alt_load.o)
 .debug_ranges  0x00000000000000b8       0x18 ../Simulation_bsp/\libhal_bsp.a(alt_printf.o)
 .debug_ranges  0x00000000000000d0       0x30 ../Simulation_bsp/\libhal_bsp.a(alt_exception_entry.o)
 .debug_ranges  0x0000000000000100       0x18 ../Simulation_bsp/\libhal_bsp.a(alt_instruction_exception_entry.o)
 .debug_ranges  0x0000000000000118       0x10 c:/intelfpga_lite/18.1/nios2eds/bin/gnu/h-x86_64-mingw32/bin/../lib/gcc/nios2-elf/5.3.0/../../../../../H-x86_64-mingw32/nios2-elf/lib/mno-hw-mul\libsmallc.a(lib_a-strlen.o)
